******************************************************************************
                  TI ARM Linker PC v16.9.4                     
******************************************************************************
>> Linked Mon May 21 21:23:51 2018

OUTPUT FILE NAME:   <SSL_REST_API_AWS_S18.out>
ENTRY POINT SYMBOL: "_c_int00"  address: 2000e571


MEMORY CONFIGURATION

         name            origin    length      used     unused   attr    fill
----------------------  --------  ---------  --------  --------  ----  --------
  SRAM_CODE             20004000   00013000  0000bda8  00007258  RW X
  SRAM_DATA             20017000   00019000  00009447  0000fbb9  RW X


SEGMENT ALLOCATION MAP

run origin  load origin   length   init length attrs members
----------  ----------- ---------- ----------- ----- -------
20004000    20004000    0000bda8   0000bda8    r-x
  20004000    20004000    00000400   00000400    r-- .intvecs
  20004400    20004400    0000addc   0000addc    r-x .text
  2000f1dc    2000f1dc    00000b4c   00000b4c    r-- .const
  2000fd28    2000fd28    00000080   00000080    r-- .cinit
20017000    20017000    00008448   00000000    rw-
  20017000    20017000    00008000   00000000    rw- .sysmem
  2001f000    2001f000    000002bb   00000000    rw- .bss
  2001f2bc    2001f2bc    0000018c   00000000    rw- .data
2002f000    2002f000    00001000   00000000    rw-
  2002f000    2002f000    00001000   00000000    rw- .stack


SECTION ALLOCATION MAP

 output                                  attributes/
section   page    origin      length       input sections
--------  ----  ----------  ----------   ----------------
.intvecs   0    20004000    00000400     
                  20004000    00000400     startup_ccs.obj (.intvecs)

.init_array 
*          0    20004000    00000000     UNINITIALIZED

.text      0    20004400    0000addc     
                  20004400    0000218c     main.obj (.text)
                  2000658c    00001122     rtsv7M4_T_le_eabi.lib : _printfi.obj (.text)
                  200076ae    00000002     driverlib.a : interrupt.obj (.text:IntDefaultHandler)
                  200076b0    00000a80     Adafruit_GFX.obj (.text)
                  20008130    00000590     simplelink.a : driver.obj (.text:_SlDrvMsgRead)
                  200086c0    000004b2     Adafruit_OLED.obj (.text)
                  20008b72    00000002     rtsv7M4_T_le_eabi.lib : mpu_init.obj (.text)
                  20008b74    000003d0                           : memory.obj (.text)
                  20008f44    00000398     gpio_if.obj (.text)
                  200092dc    00000280     uart_if.obj (.text)
                  2000955c    0000027c     simplelink.a : wlan.obj (.text:sl_WlanConnect)
                  200097d8    0000024c                  : driver.obj (.text:_SlDrvRxHdrRead)
                  20009a24    000001f4     rtsv7M4_T_le_eabi.lib : ull_div_t2.obj (.text)
                  20009c18    000001e4     simplelink.a : driver.obj (.text:_SlDrvDataReadOp)
                  20009dfc    000001d0                  : driver.obj (.text:_SlDrvReleasePoolObj)
                  20009fcc    000001b6     rtsv7M4_T_le_eabi.lib : fd_add_t2.obj (.text)
                  2000a182    00000002                           : startup.obj (.text)
                  2000a184    000001b4     simplelink.a : driver.obj (.text:_SlDrvDriverCBInit)
                  2000a338    0000019c                  : driver.obj (.text:_SlDrvMsgWrite)
                  2000a4d4    00000190                  : driver.obj (.text:_SlDrvWaitForPoolObj)
                  2000a664    00000190     timer_if.obj (.text)
                  2000a7f4    0000018c     simplelink.a : socket.obj (.text:sl_Connect)
                  2000a980    00000178     driverlib.a : prcm.obj (.text:PRCMCC3200MCUInit)
                  2000aaf8    00000170     simplelink.a : driver.obj (.text:_SlFindAndSetActiveObj)
                  2000ac68    00000150                  : driver.obj (.text:_SlDrvDataWriteOp)
                  2000adb8    00000148                  : cc_pal.obj (.text:spi_Open)
                  2000af00    00000144                  : driver.obj (.text:_SlDrvMsgReadCmdCtx)
                  2000b044    00000144                  : netapp.obj (.text:sl_NetAppDnsGetHostByName)
                  2000b188    00000136     rtsv7M4_T_le_eabi.lib : fd_div_t2.obj (.text)
                  2000b2be    00000002     --HOLE-- [fill = 0]
                  2000b2c0    00000134     pin_mux_config.obj (.text)
                  2000b3f4    00000134     simplelink.a : socket.obj (.text:sl_Send)
                  2000b528    00000130                  : driver.obj (.text:_SlDrvDriverCBDeinit)
                  2000b658    00000104                  : netapp.obj (.text:_SlDrvNetAppEventHandler)
                  2000b75c    000000fc     rtsv7M4_T_le_eabi.lib : fd_mul_t2.obj (.text)
                  2000b858    000000f0     simplelink.a : device.obj (.text:sl_Stop)
                  2000b948    000000f0                  : cc_pal.obj (.text:spi_Read)
                  2000ba38    000000f0     driverlib.a : udma.obj (.text:uDMAChannelTransferSet)
                  2000bb28    000000ec     simplelink.a : device.obj (.text:sl_Start)
                  2000bc14    000000e8                  : driver.obj (.text:_SlAsyncEventGenericHandler)
                  2000bcfc    000000e8                  : driver.obj (.text:_SlDrvMsgReadSpawnCtx)
                  2000bde4    000000e4                  : netapp.obj (.text:sl_NetAppMDNSRegisterUnregisterService)
                  2000bec8    000000dc                  : driver.obj (.text:_SlDrvClassifyRxMsg)
                  2000bfa4    000000d0     rtsv7M4_T_le_eabi.lib : s_scalbn.obj (.text)
                  2000c074    000000cc     simplelink.a : netapp.obj (.text:_sl_HandleAsync_DnsGetHostByService)
                  2000c140    000000cc                  : device.obj (.text:sl_DevGet)
                  2000c20c    000000c4                  : driver.obj (.text:_SlRemoveFromList)
                  2000c2d0    000000c0                  : driver.obj (.text:_SlDrvCmdOp)
                  2000c390    000000b0                  : nonos.obj (.text:_SlNonOsSemGet)
                  2000c440    000000a8     driverlib.a : interrupt.obj (.text:IntDisable)
                  2000c4e8    000000a8                 : interrupt.obj (.text:IntEnable)
                  2000c590    000000a4     simplelink.a : driver.obj (.text:_SlDriverHandleError)
                  2000c634    000000a0     driverlib.a : spi.obj (.text:SPIConfigSetExpClk)
                  2000c6d4    000000a0     simplelink.a : socket.obj (.text:sl_Recv)
                  2000c774    0000009c     rtsv7M4_T_le_eabi.lib : memcpy_t2.obj (.text)
                  2000c810    0000009a     simplelink.a : device.obj (.text:_SlDrvDeviceEventHandler)
                  2000c8aa    00000002     --HOLE-- [fill = 0]
                  2000c8ac    00000098                  : device.obj (.text:sl_DevSet)
                  2000c944    00000098                  : netcfg.obj (.text:sl_NetCfgSet)
                  2000c9dc    00000098                  : socket.obj (.text:sl_SetSockOpt)
                  2000ca74    00000098                  : wlan.obj (.text:sl_WlanSet)
                  2000cb0c    00000098                  : cc_pal.obj (.text:spi_Write)
                  2000cba4    00000094     driverlib.a : prcm.obj (.text:PRCMPeripheralClockGet)
                  2000cc38    00000090     simplelink.a : netapp.obj (.text:_sl_HandleAsync_DnsGetHostByName)
                  2000ccc8    00000090                  : netapp.obj (.text:_sl_HandleAsync_PingResponse)
                  2000cd58    00000090                  : wlan.obj (.text:sl_WlanPolicySet)
                  2000cde8    0000008c                  : cc_pal.obj (.text:SetupDMAReceive)
                  2000ce74    0000008c                  : cc_pal.obj (.text:SetupDMASend)
                  2000cf00    0000008c                  : driver.obj (.text:_SlDrvIsTimeoutExpired)
                  2000cf8c    0000008c                  : device.obj (.text:_sl_HandleAsync_InitComplete)
                  2000d018    0000008c                  : socket.obj (.text:sl_Socket)
                  2000d0a4    00000088     driverlib.a : pin.obj (.text:PinConfigSet)
                  2000d12c    00000088     rtsv7M4_T_le_eabi.lib : vsnprintf.obj (.text)
                  2000d1b4    00000086                           : fd_cmp_t2.obj (.text:__aeabi_cdcmple)
                  2000d23a    00000086                           : fd_cmp_t2.obj (.text:__aeabi_cdrcmple)
                  2000d2c0    00000084     simplelink.a : wlan.obj (.text:sl_WlanRxFilterSet)
                  2000d344    00000082     driverlib.a : gpio.obj (.text:GPIOIntTypeSet)
                  2000d3c6    00000002     --HOLE-- [fill = 0]
                  2000d3c8    00000080     simplelink.a : socket.obj (.text:_sl_HandleAsync_Connect)
                  2000d448    00000080                  : cc_pal.obj (.text:spi_Read_CPU)
                  2000d4c8    00000080                  : cc_pal.obj (.text:spi_Write_CPU)
                  2000d548    0000007a     rtsv7M4_T_le_eabi.lib : memset_t2.obj (.text)
                  2000d5c2    00000002     --HOLE-- [fill = 0]
                  2000d5c4    00000078     simplelink.a : cc_pal.obj (.text:spi_Close)
                  2000d63c    00000076     driverlib.a : uart.obj (.text:UARTConfigSetExpClk)
                  2000d6b2    00000002     --HOLE-- [fill = 0]
                  2000d6b4    00000074     simplelink.a : nonos.obj (.text:_SlNonOsMainLoopTask)
                  2000d728    00000070     driverlib.a : timer.obj (.text:TimerIntRegister)
                  2000d798    00000070     rtsv7M4_T_le_eabi.lib : autoinit.obj (.text)
                  2000d808    0000006c     simplelink.a : driver.obj (.text:_SlDrvCmdSend)
                  2000d874    0000006c                  : netapp.obj (.text:_sl_NetAppSendTokenValue)
                  2000d8e0    00000068     driverlib.a : timer.obj (.text:TimerIntUnregister)
                  2000d948    00000068     rtsv7M4_T_le_eabi.lib : copy_decompress_lzss.obj (.text:decompress:lzss)
                  2000d9b0    00000064     simplelink.a : nonos.obj (.text:_SlNonOsSpawn)
                  2000da14    00000064                  : socket.obj (.text:_sl_HandleAsync_Accept)
                  2000da78    00000064                  : netapp.obj (.text:sl_NetAppMDNSUnRegisterService)
                  2000dadc    00000064     driverlib.a : udma.obj (.text:uDMAChannelAttributeDisable)
                  2000db40    00000064                 : udma.obj (.text:uDMAChannelAttributeEnable)
                  2000dba4    00000060     rtsv7M4_T_le_eabi.lib : sprintf.obj (.text)
                  2000dc04    00000060     simplelink.a : socket.obj (.text:sl_Close)
                  2000dc64    00000060                  : wlan.obj (.text:sl_WlanProfileDel)
                  2000dcc4    00000060                  : wlan.obj (.text:sl_WlanSetMode)
                  2000dd24    0000005c     rtsv7M4_T_le_eabi.lib : s_frexp.obj (.text)
                  2000dd80    00000058     driverlib.a : interrupt.obj (.text:IntPendClear)
                  2000ddd8    00000058                 : prcm.obj (.text:PRCMPeripheralReset)
                  2000de30    00000054                 : interrupt.obj (.text:IntPrioritySet)
                  2000de84    00000054     simplelink.a : driver.obj (.text:_SlDrvRxIrqHandler)
                  2000ded8    00000054                  : socket.obj (.text:_sl_HandleAsync_Select)
                  2000df2c    00000054     rtsv7M4_T_le_eabi.lib : exit.obj (.text)
                  2000df80    00000054                           : ltoa.obj (.text)
                  2000dfd4    00000050     simplelink.a : device.obj (.text:_sl_HandleAsync_Stop)
                  2000e024    0000004c     driverlib.a : spi.obj (.text:SPIIntEnable)
                  2000e070    0000004c                 : spi.obj (.text:SPIIntNumberGet)
                  2000e0bc    0000004c     simplelink.a : driver.obj (.text:_SlDrvProtectAsyncRespSetting)
                  2000e108    0000004c                  : socket.obj (.text:_sl_BuildAddress)
                  2000e154    0000004c     rtsv7M4_T_le_eabi.lib : atoi.obj (.text)
                  2000e1a0    0000004c                           : cpy_tbl.obj (.text)
                  2000e1ec    0000004c     driverlib.a : udma.obj (.text:uDMAChannelAssign)
                  2000e238    00000048                 : gpio.obj (.text:GPIOGetIntNumber)
                  2000e280    00000048                 : spi.obj (.text:SPIIntClear)
                  2000e2c8    00000048     simplelink.a : driver.obj (.text:_SlDrvBasicCmd)
                  2000e310    00000048     rtsv7M4_T_le_eabi.lib : fd_toi_t2.obj (.text)
                  2000e358    00000044     driverlib.a : spi.obj (.text:SPIDmaMaskGet)
                  2000e39c    00000044                 : timer.obj (.text:TimerConfigure)
                  2000e3e0    00000044                 : uart.obj (.text:UARTIntNumberGet)
                  2000e424    00000044     simplelink.a : driver.obj (.text:_SlDrvSyncObjWaitTimeout)
                  2000e468    00000044                  : cc_pal.obj (.text:cc_SetupTransfer)
                  2000e4ac    00000042                  : socket.obj (.text:sl_Htonl)
                  2000e4ee    00000002     --HOLE-- [fill = 0]
                  2000e4f0    00000040     driverlib.a : pin.obj (.text:PinModeSet)
                  2000e530    00000040     simplelink.a : socket.obj (.text:_sl_TruncatePayloadByProtocol)
                  2000e570    00000040     rtsv7M4_T_le_eabi.lib : boot.obj (.text)
                  2000e5b0    0000003e     simplelink.a : cc_pal.obj (.text:NwpRegisterInterruptHandler)
                  2000e5ee    0000003c                  : netapp.obj (.text:CopyPingResultsToReport)
                  2000e62a    00000002     --HOLE-- [fill = 0]
                  2000e62c    0000003c     driverlib.a : prcm.obj (.text:PRCMPeripheralClkEnable)
                  2000e668    0000003c     simplelink.a : cc_pal.obj (.text:simplelink_timerA2_start)
                  2000e6a4    0000003c                  : socket.obj (.text:sl_Htons)
                  2000e6e0    0000003c     driverlib.a : udma.obj (.text:uDMAChannelControlSet)
                  2000e71c    00000038     simplelink.a : cc_pal.obj (.text:NwpPowerOff)
                  2000e754    00000038                  : wlan.obj (.text:sl_WlanDisconnect)
                  2000e78c    00000036     driverlib.a : gpio.obj (.text:GPIODirModeSet)
                  2000e7c2    00000002     --HOLE-- [fill = 0]
                  2000e7c4    00000034                 : prcm.obj (.text:PRCMPeripheralStatusGet)
                  2000e7f8    00000034                 : spi.obj (.text:SPIFIFOLevelSet)
                  2000e82c    00000030                 : pin.obj (.text:PinTypeGPIO)
                  2000e85c    00000030                 : uart.obj (.text:UARTDisable)
                  2000e88c    0000002e     rtsv7M4_T_le_eabi.lib : i_tofd_t2.obj (.text)
                  2000e8ba    00000002     --HOLE-- [fill = 0]
                  2000e8bc    0000002c     simplelink.a : cc_pal.obj (.text:NwpPowerOn)
                  2000e8e8    0000002c     driverlib.a : prcm.obj (.text:PRCMSysResetCauseGet)
                  2000e914    0000002c     simplelink.a : driver.obj (.text:_SlDrvObjGlobalLockWaitForever)
                  2000e940    0000002c                  : driver.obj (.text:_SlDrvProtectionObjLockWaitForever)
                  2000e96c    0000002a     driverlib.a : timer.obj (.text:TimerLoadSet)
                  2000e996    0000002a                 : timer.obj (.text:TimerPrescaleSet)
                  2000e9c0    00000028                 : prcm.obj (.text:PRCMPeripheralClkDisable)
                  2000e9e8    00000028     simplelink.a : driver.obj (.text:_SlDrvGlobalObjUnLock)
                  2000ea10    00000028                  : driver.obj (.text:_SlDrvProtectionObjUnLock)
                  2000ea38    00000028                  : driver.obj (.text:_SlDrvSyncObjWaitForever)
                  2000ea60    00000026                  : driver.obj (.text:_SlDrvObjLockWaitForever)
                  2000ea86    00000002     --HOLE-- [fill = 0]
                  2000ea88    00000024                  : cc_pal.obj (.text:DmaSpiSwIntHandler)
                  2000eaac    00000024     driverlib.a : interrupt.obj (.text:IntUnregister)
                  2000ead0    00000024                 : uart.obj (.text:UARTEnable)
                  2000eaf4    00000024     rtsv7M4_T_le_eabi.lib : memmov.obj (.text)
                  2000eb18    00000022     driverlib.a : gpio.obj (.text:GPIOIntStatus)
                  2000eb3a    00000022                 : spi.obj (.text:SPIReset)
                  2000eb5c    00000022                 : spi.obj (.text:SPIWordCountSet)
                  2000eb7e    00000020                 : gpio.obj (.text:GPIOPinWrite)
                  2000eb9e    00000002     --HOLE-- [fill = 0]
                  2000eba0    00000020                 : interrupt.obj (.text:IntRegister)
                  2000ebc0    00000020     simplelink.a : cc_pal.obj (.text:NwpPrePowerOffTimout0)
                  2000ebe0    00000020     driverlib.a : spi.obj (.text:SPIDataGet)
                  2000ec00    00000020     simplelink.a : cc_pal.obj (.text:TimerGetCurrentTimestamp)
                  2000ec20    00000020                  : driver.obj (.text:_SlDrvObjUnLock)
                  2000ec40    00000020                  : driver.obj (.text:_SlDrvSyncObjSignal)
                  2000ec60    0000001e     driverlib.a : gpio.obj (.text:GPIOIntRegister)
                  2000ec7e    0000001e                 : spi.obj (.text:SPIDataPut)
                  2000ec9c    0000001e                 : timer.obj (.text:TimerDisable)
                  2000ecba    0000001e                 : timer.obj (.text:TimerEnable)
                  2000ecd8    0000001e                 : timer.obj (.text:TimerIntStatus)
                  2000ecf6    0000001e                 : uart.obj (.text:UARTCharPut)
                  2000ed14    0000001e                 : uart.obj (.text:UARTIntRegister)
                  2000ed32    0000001e                 : uart.obj (.text:UARTIntStatus)
                  2000ed50    0000001e     simplelink.a : cc_pal.obj (.text:cc_UDMAChannelSelect)
                  2000ed6e    0000001e     rtsv7M4_T_le_eabi.lib : strcat.obj (.text)
                  2000ed8c    0000001c     driverlib.a : timer.obj (.text:TimerValueGet)
                  2000eda8    0000001c                 : uart.obj (.text:UARTCharGetNonBlocking)
                  2000edc4    0000001c     simplelink.a : driver.obj (.text:_SlDrvStartMeasureTimeout)
                  2000ede0    0000001c     rtsv7M4_T_le_eabi.lib : memccpy.obj (.text)
                  2000edfc    0000001c     driverlib.a : udma.obj (.text:uDMAChannelEnable)
                  2000ee18    0000001a                 : gpio.obj (.text:GPIOIntDisable)
                  2000ee32    0000001a                 : gpio.obj (.text:GPIOIntEnable)
                  2000ee4c    0000001a                 : pin.obj (.text:PinTypeSPI)
                  2000ee66    0000001a                 : pin.obj (.text:PinTypeUART)
                  2000ee80    0000001a                 : spi.obj (.text:SPIDmaDisable)
                  2000ee9a    0000001a                 : spi.obj (.text:SPIDmaEnable)
                  2000eeb4    0000001a                 : spi.obj (.text:SPIFIFODisable)
                  2000eece    0000001a                 : spi.obj (.text:SPIFIFOEnable)
                  2000eee8    0000001a                 : spi.obj (.text:SPIIntUnregister)
                  2000ef02    00000018                 : gpio.obj (.text:GPIOPinRead)
                  2000ef1a    00000018                 : spi.obj (.text:SPICSDisable)
                  2000ef32    00000018                 : spi.obj (.text:SPICSEnable)
                  2000ef4a    00000018                 : spi.obj (.text:SPIDisable)
                  2000ef62    00000018                 : spi.obj (.text:SPIEnable)
                  2000ef7a    00000018                 : timer.obj (.text:TimerIntDisable)
                  2000ef92    00000018                 : timer.obj (.text:TimerIntEnable)
                  2000efaa    00000018                 : uart.obj (.text:UARTCharsAvail)
                  2000efc2    00000018                 : uart.obj (.text:UARTDMADisable)
                  2000efda    00000018                 : uart.obj (.text:UARTDMAEnable)
                  2000eff2    00000018                 : uart.obj (.text:UARTIntEnable)
                  2000f00a    00000018     simplelink.a : nonos.obj (.text:_SlNonOsSemSet)
                  2000f022    00000002     --HOLE-- [fill = 0]
                  2000f024    00000018                  : device.obj (.text:_sl_GetStartResponseConvert)
                  2000f03c    00000018     rtsv7M4_T_le_eabi.lib : args_main.obj (.text)
                  2000f054    00000016     driverlib.a : prcm.obj (.text:PRCMHIBRegRead)
                  2000f06a    00000016                 : prcm.obj (.text:PRCMHIBRegWrite)
                  2000f080    00000016                 : uart.obj (.text:UARTCharGet)
                  2000f096    00000016     simplelink.a : driver.obj (.text:_SlDrvMemZero)
                  2000f0ac    00000016     rtsv7M4_T_le_eabi.lib : strchr.obj (.text)
                  2000f0c2    00000014     driverlib.a : cpu.obj (.text:CPUcpsie)
                  2000f0d6    00000014                 : gpio.obj (.text:GPIOIntClear)
                  2000f0ea    00000002     --HOLE-- [fill = 0]
                  2000f0ec    00000014                 : interrupt.obj (.text:IntVTableBaseSet)
                  2000f100    00000014     rtsv7M4_T_le_eabi.lib : _lock.obj (.text)
                  2000f114    00000014                           : strcpy.obj (.text)
                  2000f128    00000014                           : strlen.obj (.text)
                  2000f13c    00000012     driverlib.a : timer.obj (.text:TimerIntClear)
                  2000f14e    00000012                 : uart.obj (.text:UARTIntClear)
                  2000f160    00000010     simplelink.a : driver.obj (.text:_SlDrvDispatchHttpServerEvents)
                  2000f170    0000000e                  : driver.obj (.text:_SlDrvResetCmdExt)
                  2000f17e    0000000e     rtsv7M4_T_le_eabi.lib : copy_decompress_none.obj (.text:decompress:none)
                  2000f18c    0000000e     startup_ccs.obj (.text)
                  2000f19a    00000002     --HOLE-- [fill = 0]
                  2000f19c    0000000c     simplelink.a : cc_pal.obj (.text:NwpMaskInterrupt)
                  2000f1a8    0000000c                  : cc_pal.obj (.text:NwpUnMaskInterrupt)
                  2000f1b4    0000000c     rtsv7M4_T_le_eabi.lib : copy_zero_init.obj (.text:decompress:ZI)
                  2000f1c0    0000000a     driverlib.a : interrupt.obj (.text:IntMasterEnable)
                  2000f1ca    00000008     rtsv7M4_T_le_eabi.lib : s_copysign.obj (.text)
                  2000f1d2    00000006     driverlib.a : utils.obj (.text:UtilsDelay)
                  2000f1d8    00000004     rtsv7M4_T_le_eabi.lib : pre_init.obj (.text)

.const     0    2000f1dc    00000b4c     
                  2000f1dc    000004fb     Adafruit_GFX.obj (.const:.string:font)
                  2000f6d7    00000101     rtsv7M4_T_le_eabi.lib : ctype.obj (.const:.string:_ctypes_)
                  2000f7d8    00000100     driverlib.a : pin.obj (.const:g_ulPinToPadMap)
                  2000f8d8    000000d4                 : interrupt.obj (.const:g_pulRegs)
                  2000f9ac    000000a8                 : prcm.obj (.const:PRCM_PeriphRegsList)
                  2000fa54    00000080                 : interrupt.obj (.const)
                  2000fad4    0000003c     simplelink.a : driver.obj (.const:OpcodeTranslateTable)
                  2000fb10    00000038                  : driver.obj (.const:_SlActionLookupTable)
                  2000fb48    0000002c     main.obj (.const:$P$T1$2)
                  2000fb74    0000002c     main.obj (.const:.string)
                  2000fba0    00000024     driverlib.a : spi.obj (.const:g_ppulSPIIntMap)
                  2000fbc4    00000022     main.obj (.const:.string:$P$T0$1)
                  2000fbe6    00000002     --HOLE-- [fill = 0]
                  2000fbe8    00000020     simplelink.a : driver.obj (.const:RxMsgClassLUT)
                  2000fc08    00000018     driverlib.a : spi.obj (.const)
                  2000fc20    00000015     main.obj (.const:.string:$P$T6$7)
                  2000fc35    00000003     --HOLE-- [fill = 0]
                  2000fc38    00000014     simplelink.a : driver.obj (.const:$P$T0$1)
                  2000fc4c    00000014                  : nonos.obj (.const:$P$T0$1)
                  2000fc60    00000014     main.obj (.const:$P$T2$3)
                  2000fc74    00000010     simplelink.a : socket.obj (.const:.string:_SlPayloadByProtocolLUT)
                  2000fc84    00000010     driverlib.a : uart.obj (.const)
                  2000fc94    0000000c     main.obj (.const:$P$T4$5)
                  2000fca0    0000000c     main.obj (.const:.string:$P$T3$4)
                  2000fcac    00000009     main.obj (.const:.string:$P$T5$6)
                  2000fcb5    00000008     simplelink.a : device.obj (.const:StartResponseLUT)
                  2000fcbd    00000003     --HOLE-- [fill = 0]
                  2000fcc0    00000008                  : driver.obj (.const:g_H2NCnysPattern)
                  2000fcc8    00000008                  : driver.obj (.const:g_H2NSyncPattern)
                  2000fcd0    00000005     main.obj (.const:.string:$P$T7$8)
                  2000fcd5    00000001     --HOLE-- [fill = 0]
                  2000fcd6    00000004     simplelink.a : wlan.obj (.const:$P$T0$1)
                  2000fcda    00000004                  : socket.obj (.const:$P$T2$3)
                  2000fcde    00000004                  : device.obj (.const:_SlDeviceGetCmdCtrl)
                  2000fce2    00000004                  : device.obj (.const:_SlDeviceSetCmdCtrl)
                  2000fce6    00000004                  : netapp.obj (.const:_SlGetHostByNameCtrl)
                  2000fcea    00000004                  : netapp.obj (.const:_SlNetAppSendTokenValueCmdCtrl)
                  2000fcee    00000004                  : netcfg.obj (.const:_SlNetCfgSetCmdCtrl)
                  2000fcf2    00000004                  : wlan.obj (.const:_SlPolicySetCmdCtrl)
                  2000fcf6    00000004                  : wlan.obj (.const:_SlProfileDelCmdCtrl)
                  2000fcfa    00000004                  : socket.obj (.const:_SlRecvCmdCtrl)
                  2000fcfe    00000004                  : netapp.obj (.const:_SlRegisterServiceCtrl)
                  2000fd02    00000004                  : wlan.obj (.const:_SlRxFilterSetCmdCtrl)
                  2000fd06    00000004                  : socket.obj (.const:_SlSendCmdCtrl)
                  2000fd0a    00000004                  : socket.obj (.const:_SlSetSockOptCmdCtrl)
                  2000fd0e    00000004                  : socket.obj (.const:_SlSockCloseCmdCtrl)
                  2000fd12    00000004                  : socket.obj (.const:_SlSockSocketCmdCtrl)
                  2000fd16    00000004                  : device.obj (.const:_SlStopCmdCtrl)
                  2000fd1a    00000004                  : wlan.obj (.const:_SlWlanCfgSetCmdCtrl)
                  2000fd1e    00000004                  : wlan.obj (.const:_SlWlanSetModeCmdCtrl)
                  2000fd22    00000002     --HOLE-- [fill = 0]
                  2000fd24    00000004     main.obj (.const)

.cinit     0    2000fd28    00000080     
                  2000fd28    00000056     (.cinit..data.load) [load image, compression = lzss]
                  2000fd7e    00000002     --HOLE-- [fill = 0]
                  2000fd80    0000000c     (__TI_handler_table)
                  2000fd8c    00000004     --HOLE-- [fill = 0]
                  2000fd90    00000008     (.cinit..bss.load) [load image, compression = zero_init]
                  2000fd98    00000010     (__TI_cinit_table)

.sysmem    0    20017000    00008000     UNINITIALIZED
                  20017000    00000008     rtsv7M4_T_le_eabi.lib : memory.obj (.sysmem)
                  20017008    00007ff8     --HOLE--

.bss       0    2001f000    000002bb     UNINITIALIZED
                  2001f000    00000168     simplelink.a : driver.obj (.bss:g_StatMem)
                  2001f168    0000008c     (.common:timeSeries)
                  2001f1f4    00000050     (.common:g_ucDinDout)
                  2001f244    0000002c     (.common:g_time)
                  2001f270    00000024     (.common:g_ucConnectionSSID)
                  2001f294    00000009     main.obj (.bss)
                  2001f29d    00000008     (.common:g_ucConnectionBSSID)
                  2001f2a5    00000001     (.common:RxIrqCnt)
                  2001f2a6    00000001     (.common:g_bDeviceRestartIsRequired)
                  2001f2a7    00000001     (.common:g_cDummy)
                  2001f2a8    00000004     uart_if.obj (.bss)
                  2001f2ac    00000004     (.common:buttom_x)
                  2001f2b0    00000004     (.common:buttom_y)
                  2001f2b4    00000004     (.common:position)
                  2001f2b8    00000001     (.common:g_ucLED1Pin)
                  2001f2b9    00000001     (.common:g_ucLED2Pin)
                  2001f2ba    00000001     (.common:g_ucLED3Pin)

.data      0    2001f2bc    0000018c     UNINITIALIZED
                  2001f2bc    00000064     main.obj (.data:DATA1)
                  2001f320    0000003c     main.obj (.data:buffer)
                  2001f35c    0000003c     simplelink.a : nonos.obj (.data:g__SlNonOsCB)
                  2001f398    0000002c     main.obj (.data)
                  2001f3c4    00000015     Adafruit_GFX.obj (.data)
                  2001f3d9    00000003     --HOLE--
                  2001f3dc    00000014     gpio_if.obj (.data:ulReg)
                  2001f3f0    0000000d     simplelink.a : driver.obj (.data)
                  2001f3fd    00000003     --HOLE--
                  2001f400    0000000c     rtsv7M4_T_le_eabi.lib : exit.obj (.data:$O1$$)
                  2001f40c    0000000c                           : memory.obj (.data:$O1$$)
                  2001f418    0000000c     gpio_if.obj (.data)
                  2001f424    00000009     simplelink.a : cc_pal.obj (.data)
                  2001f42d    00000003     --HOLE--
                  2001f430    00000008     rtsv7M4_T_le_eabi.lib : _lock.obj (.data:$O1$$)
                  2001f438    00000008     main.obj (.data:sig_input)
                  2001f440    00000004     rtsv7M4_T_le_eabi.lib : errno.obj (.data)
                  2001f444    00000004                           : stkdepth_vars.obj (.data)

.stack     0    2002f000    00001000     UNINITIALIZED
                  2002f000    00001000     --HOLE--

MODULE SUMMARY

       Module                     code    ro data   rw data
       ------                     ----    -------   -------
    .\
       main.obj                   8588    205       461    
       Adafruit_GFX.obj           2688    1275      21     
       Adafruit_OLED.obj          1202    0         0      
       startup_ccs.obj            14      1024      0      
       gpio_if.obj                920     0         35     
       uart_if.obj                640     0         4      
       timer_if.obj               400     0         0      
       pin_mux_config.obj         308     0         0      
    +--+--------------------------+-------+---------+---------+
       Total:                     14760   2504      521    
                                                           
    C:/ti/CC3200SDK_1.3.0/cc3200-sdk/driverlib/ccs/Release/driverlib.a
       prcm.obj                   852     168       0      
       interrupt.obj              608     340       0      
       spi.obj                    860     60        0      
       udma.obj                   604     0         0      
       pin.obj                    300     256       0      
       timer.obj                  552     0         0      
       uart.obj                   524     16        0      
       gpio.obj                   448     0         0      
       cpu.obj                    20      0         0      
       utils.obj                  6       0         0      
    +--+--------------------------+-------+---------+---------+
       Total:                     4774    840       0      
                                                           
    C:/ti/CC3200SDK_1.3.0/cc3200-sdk/simplelink/ccs/NON_OS/simplelink.a
       driver.obj                 7714    184       375    
       cc_pal.obj                 1820    0         90     
       socket.obj                 1830    40        0      
       netapp.obj                 1572    12        0      
       wlan.obj                   1312    24        0      
       device.obj                 1230    20        0      
       nonos.obj                  416     20        60     
       netcfg.obj                 152     4         0      
    +--+--------------------------+-------+---------+---------+
       Total:                     16046   304       525    
                                                           
    C:\ti\ccsv7\tools\compiler\ti-cgt-arm_16.9.4.LTS\lib\rtsv7M4_T_le_eabi.lib
       _printfi.obj               4386    0         0      
       memory.obj                 976     0         12     
       ull_div_t2.obj             500     0         0      
       fd_add_t2.obj              438     0         0      
       fd_div_t2.obj              310     0         0      
       fd_cmp_t2.obj              268     0         0      
       ctype.obj                  0       257       0      
       fd_mul_t2.obj              252     0         0      
       s_scalbn.obj               208     0         0      
       memcpy_t2.obj              156     0         0      
       vsnprintf.obj              136     0         0      
       memset_t2.obj              122     0         0      
       autoinit.obj               112     0         0      
       copy_decompress_lzss.obj   104     0         0      
       exit.obj                   84      0         12     
       sprintf.obj                96      0         0      
       s_frexp.obj                92      0         0      
       ltoa.obj                   84      0         0      
       atoi.obj                   76      0         0      
       cpy_tbl.obj                76      0         0      
       fd_toi_t2.obj              72      0         0      
       boot.obj                   64      0         0      
       i_tofd_t2.obj              46      0         0      
       memmov.obj                 36      0         0      
       strcat.obj                 30      0         0      
       _lock.obj                  20      0         8      
       memccpy.obj                28      0         0      
       args_main.obj              24      0         0      
       strchr.obj                 22      0         0      
       strcpy.obj                 20      0         0      
       strlen.obj                 20      0         0      
       copy_decompress_none.obj   14      0         0      
       copy_zero_init.obj         12      0         0      
       s_copysign.obj             8       0         0      
       errno.obj                  0       0         4      
       pre_init.obj               4       0         0      
       stkdepth_vars.obj          0       0         4      
       mpu_init.obj               2       0         0      
       startup.obj                2       0         0      
    +--+--------------------------+-------+---------+---------+
       Total:                     8900    257       40     
                                                           
       Heap:                      0       0         32768  
       Stack:                     0       0         4096   
       Linker Generated:          0       122       0      
    +--+--------------------------+-------+---------+---------+
       Grand Total:               44480   4027      37950  


LINKER GENERATED COPY TABLES

__TI_cinit_table @ 2000fd98 records: 2, size/record: 8, table size: 16
	.data: load addr=2000fd28, load size=00000056 bytes, run addr=2001f2bc, run size=0000018c bytes, compression=lzss
	.bss: load addr=2000fd90, load size=00000008 bytes, run addr=2001f000, run size=000002bb bytes, compression=zero_init


LINKER GENERATED HANDLER TABLE

__TI_handler_table @ 2000fd80 records: 3, size/record: 4, table size: 12
	index: 0, handler: __TI_decompress_lzss
	index: 1, handler: __TI_decompress_none
	index: 2, handler: __TI_zero_init


GLOBAL SYMBOLS: SORTED ALPHABETICALLY BY Name 

address   name                                  
-------   ----                                  
20008759  Adafruit_Init                         
2000df2d  C$$EXIT                               
2000f0c3  CPUcpsie                              
2000931d  ClearTerm                             
200088cf  Color565                              
2001f2bc  DATA1                                 
2000ea89  DmaSpiSwIntHandler                    
20009327  Error                                 
2000e78d  GPIODirModeSet                        
2000f0d7  GPIOIntClear                          
2000ee19  GPIOIntDisable                        
2000ee33  GPIOIntEnable                         
2000ec61  GPIOIntRegister                       
2000eb19  GPIOIntStatus                         
2000d345  GPIOIntTypeSet                        
2000ef03  GPIOPinRead                           
2000eb7f  GPIOPinWrite                          
20009205  GPIO_IF_ConfigureNIntEnable           
20009291  GPIO_IF_Get                           
200091bf  GPIO_IF_GetPortNPin                   
20008f81  GPIO_IF_LedConfigure                  
20009073  GPIO_IF_LedOff                        
20008fbf  GPIO_IF_LedOn                         
20009127  GPIO_IF_LedStatus                     
20009191  GPIO_IF_LedToggle                     
2000924d  GPIO_IF_Set                           
2000935f  GetCmd                                
200092dd  InitTerm                              
2000c441  IntDisable                            
2000c4e9  IntEnable                             
2000f1c1  IntMasterEnable                       
2000dd81  IntPendClear                          
2000de31  IntPrioritySet                        
2000eba1  IntRegister                           
2000eaad  IntUnregister                         
2000f0ed  IntVTableBaseSet                      
200092fb  Message                               
2000f19d  NwpMaskInterrupt                      
2000e71d  NwpPowerOff                           
2000e8bd  NwpPowerOn                            
2000ebc1  NwpPrePowerOffTimout0                 
2000e5b1  NwpRegisterInterruptHandler           
2000f1a9  NwpUnMaskInterrupt                    
2000fad4  OpcodeTranslateTable                  
2000805b  Outstr                                
2000a981  PRCMCC3200MCUInit                     
2000f055  PRCMHIBRegRead                        
2000f06b  PRCMHIBRegWrite                       
2000e9c1  PRCMPeripheralClkDisable              
2000e62d  PRCMPeripheralClkEnable               
2000cba5  PRCMPeripheralClockGet                
2000ddd9  PRCMPeripheralReset                   
2000e7c5  PRCMPeripheralStatusGet               
2000e8e9  PRCMSysResetCauseGet                  
2000d0a5  PinConfigSet                          
2000e4f1  PinModeSet                            
2000b2c1  PinMuxConfig                          
2000e82d  PinTypeGPIO                           
2000ee4d  PinTypeSPI                            
2000ee67  PinTypeUART                           
2000949d  Report                                
2000f18d  ResetISR                              
2001f2a5  RxIrqCnt                              
UNDEFED   SHT$$INIT_ARRAY$$Base                 
UNDEFED   SHT$$INIT_ARRAY$$Limit                
2000ef1b  SPICSDisable                          
2000ef33  SPICSEnable                           
2000c635  SPIConfigSetExpClk                    
2000ebe1  SPIDataGet                            
2000ec7f  SPIDataPut                            
2000ef4b  SPIDisable                            
2000ee81  SPIDmaDisable                         
2000ee9b  SPIDmaEnable                          
2000ef63  SPIEnable                             
2000eeb5  SPIFIFODisable                        
2000eecf  SPIFIFOEnable                         
2000e7f9  SPIFIFOLevelSet                       
2000e281  SPIIntClear                           
2000e025  SPIIntEnable                          
2000eee9  SPIIntUnregister                      
2000eb3b  SPIReset                              
2000eb5d  SPIWordCountSet                       
20004d79  SimpleLinkGeneralEventHandler         
20005f73  SimpleLinkHttpServerCallback          
20004cc1  SimpleLinkNetAppEventHandler          
20004d93  SimpleLinkSockEventHandler            
20004bb3  SimpleLinkWlanEventHandler            
2000e39d  TimerConfigure                        
2000ec9d  TimerDisable                          
2000ecbb  TimerEnable                           
2000ec01  TimerGetCurrentTimestamp              
2000f13d  TimerIntClear                         
2000ef7b  TimerIntDisable                       
2000ef93  TimerIntEnable                        
2000d729  TimerIntRegister                      
2000ecd9  TimerIntStatus                        
2000d8e1  TimerIntUnregister                    
2000e96d  TimerLoadSet                          
2000e997  TimerPrescaleSet                      
2000ed8d  TimerValueGet                         
2000a7a9  Timer_IF_DeInit                       
2000a7d9  Timer_IF_GetCount                     
2000a6e5  Timer_IF_Init                         
2000a717  Timer_IF_IntSetup                     
2000a763  Timer_IF_InterruptClear               
2000a7c3  Timer_IF_ReLoad                       
2000a77b  Timer_IF_Start                        
2000a799  Timer_IF_Stop                         
20009405  TrimSpace                             
2000f081  UARTCharGet                           
2000eda9  UARTCharGetNonBlocking                
2000ecf7  UARTCharPut                           
2000efab  UARTCharsAvail                        
2000d63d  UARTConfigSetExpClk                   
2000efc3  UARTDMADisable                        
2000efdb  UARTDMAEnable                         
2000e85d  UARTDisable                           
2000ead1  UARTEnable                            
2000f14f  UARTIntClear                          
2000eff3  UARTIntEnable                         
2000ed15  UARTIntRegister                       
2000ed33  UARTIntStatus                         
2000f1d3  UtilsDelay                            
2000fb10  _SlActionLookupTable                  
2000c591  _SlDriverHandleError                  
2000e2c9  _SlDrvBasicCmd                        
2000c2d1  _SlDrvCmdOp                           
2000d809  _SlDrvCmdSend                         
20009c19  _SlDrvDataReadOp                      
2000ac69  _SlDrvDataWriteOp                     
2000c811  _SlDrvDeviceEventHandler              
2000f161  _SlDrvDispatchHttpServerEvents        
2000b529  _SlDrvDriverCBDeinit                  
2000a185  _SlDrvDriverCBInit                    
2000e9e9  _SlDrvGlobalObjUnLock                 
2000cf01  _SlDrvIsTimeoutExpired                
2000f097  _SlDrvMemZero                         
2000bcfd  _SlDrvMsgReadSpawnCtx                 
2000b659  _SlDrvNetAppEventHandler              
2000ea61  _SlDrvObjLockWaitForever              
2000ec21  _SlDrvObjUnLock                       
2000e0bd  _SlDrvProtectAsyncRespSetting         
2000e941  _SlDrvProtectionObjLockWaitForever    
2000ea11  _SlDrvProtectionObjUnLock             
20009dfd  _SlDrvReleasePoolObj                  
2000f171  _SlDrvResetCmdExt                     
2000de85  _SlDrvRxIrqHandler                    
2000edc5  _SlDrvStartMeasureTimeout             
2000ec41  _SlDrvSyncObjSignal                   
2000ea39  _SlDrvSyncObjWaitForever              
2000e425  _SlDrvSyncObjWaitTimeout              
2000a4d5  _SlDrvWaitForPoolObj                  
2000fcea  _SlNetAppSendTokenValueCmdCtrl        
2000d6b5  _SlNonOsMainLoopTask                  
2000c391  _SlNonOsSemGet                        
2000f00b  _SlNonOsSemSet                        
2000d9b1  _SlNonOsSpawn                         
20030000  __STACK_END                           
00001000  __STACK_SIZE                          
00008000  __SYSMEM_SIZE                         
2000fd98  __TI_CINIT_Base                       
2000fda8  __TI_CINIT_Limit                      
2000fd80  __TI_Handler_Table_Base               
2000fd8c  __TI_Handler_Table_Limit              
2000d799  __TI_auto_init                        
2001f400  __TI_cleanup_ptr                      
2000d949  __TI_decompress_lzss                  
2000f17f  __TI_decompress_none                  
2001f404  __TI_dtors_ptr                        
2001f408  __TI_enable_exit_profile_output       
ffffffff  __TI_pprof_out_hndl                   
20006dc5  __TI_printfi                          
ffffffff  __TI_prof_data_size                   
ffffffff  __TI_prof_data_start                  
2000fd28  __TI_static_base__                    
2000f1b5  __TI_zero_init                        
2000d1b5  __aeabi_cdcmpeq                       
2000d1b5  __aeabi_cdcmple                       
2000d23b  __aeabi_cdrcmple                      
2000e311  __aeabi_d2iz                          
20009fd7  __aeabi_dadd                          
2000b189  __aeabi_ddiv                          
2000b75d  __aeabi_dmul                          
20009fcd  __aeabi_dsub                          
2000e88d  __aeabi_i2d                           
2000d549  __aeabi_memclr                        
2000d549  __aeabi_memclr4                       
2000d549  __aeabi_memclr8                       
2000c775  __aeabi_memcpy                        
2000c775  __aeabi_memcpy4                       
2000c775  __aeabi_memcpy8                       
2000d54b  __aeabi_memset                        
2000d54b  __aeabi_memset4                       
2000d54b  __aeabi_memset8                       
20009a25  __aeabi_uldivmod                      
ffffffff  __binit__                             
ffffffff  __c_args__                            
20008b73  __mpu_init                            
2002f000  __stack                               
2000f03d  _args_main                            
2000e571  _c_int00                              
2000f6d7  _ctypes_                              
2001f430  _lock                                 
2000f10f  _nop                                  
2000f107  _register_lock                        
2000f101  _register_unlock                      
2000da15  _sl_HandleAsync_Accept                
2000d3c9  _sl_HandleAsync_Connect               
2000cc39  _sl_HandleAsync_DnsGetHostByName      
2000c075  _sl_HandleAsync_DnsGetHostByService   
2000cf8d  _sl_HandleAsync_InitComplete          
2000ccc9  _sl_HandleAsync_PingResponse          
2000ded9  _sl_HandleAsync_Select                
2000dfd5  _sl_HandleAsync_Stop                  
2000d875  _sl_NetAppSendTokenValue              
20017000  _sys_memory                           
2000a183  _system_post_cinit                    
2000f1d9  _system_pre_init                      
2001f434  _unlock                               
2000df31  abort                                 
2000e155  atoi                                  
ffffffff  binit                                 
2001f320  buffer                                
2001f2ac  buttom_x                              
2001f2b0  buttom_y                              
2001f3bc  buttonEndTime                         
2001f3c0  buttonStartTime                       
20008f15  calloc                                
2000e1a1  copy_in                               
2000f1cb  copysign                              
2000f1cb  copysignl                             
2001f3ac  counter                               
2001f3b4  current                               
2001f3c4  cursor_x                              
2001f3c8  cursor_y                              
20005bf9  decodeBinary                          
20005cc1  decodeChar                            
200059a3  decodeSignal                          
20004401  delay                                 
20007f0f  drawChar                              
200076b1  drawCircle                            
200077e5  drawCircleHelper                      
20008a7d  drawFastHLine                         
200089dd  drawFastVLine                         
20007a2b  drawLine                              
20008b19  drawPixel                             
20007b17  drawRect                              
20007b65  drawRoundRect                         
20007ccd  drawTriangle                          
2001f440  errno                                 
2000df39  exit                                  
20007903  fillCircle                            
2000793d  fillCircleHelper                      
20008927  fillRect                              
20007c53  fillRoundRect                         
20008911  fillScreen                            
20007d0f  fillTriangle                          
20008c5f  free                                  
2000dd25  frexp                                 
2000dd25  frexpl                                
2001f3a8  g_Host                                
2001f3f0  g_SlDeviceStatus                      
2001f424  g_SpiFd                               
2001f35c  g__SlNonOsCB                          
2001f2a6  g_bDeviceRestartIsRequired            
2001f2a7  g_cDummy                              
2001f3f4  g_pCB                                 
2001f428  g_pHostIntHdl                         
20004000  g_pfnVectors                          
2001f244  g_time                                
2001f29d  g_ucConnectionBSSID                   
2001f270  g_ucConnectionSSID                    
2001f42c  g_ucDMAEnabled                        
2001f1f4  g_ucDinDout                           
2001f2b8  g_ucLED1Pin                           
2001f2b9  g_ucLED2Pin                           
2001f2ba  g_ucLED3Pin                           
2001f418  g_uiLED1Port                          
2001f41c  g_uiLED2Port                          
2001f420  g_uiLED3Port                          
2001f3a4  g_ulGatewayIP                         
2001f3a0  g_ulPingPacketsRecv                   
2001f39c  g_ulStatus                            
2000888b  goTo                                  
2000810f  height                                
20008b57  invert                                
20004973  lcdTestPattern                        
20004a43  lcdTestPattern2                       
2000bfa5  ldexp                                 
2000bfa5  ldexpl                                
2000df81  ltoa                                  
20006205  main                                  
2001f444  main_func_sp                          
20008bf5  malloc                                
20008e29  memalign                              
2000ede1  memccpy                               
2000c775  memcpy                                
2000eaf5  memmove                               
2000d551  memset                                
2000fd24  middleValue                           
20008b75  minit                                 
20005dcd  oledInit                              
20005f65  oledTest                              
2001f398  p                                     
2001f3f8  pPingCallBackFunc                     
2001f2b4  position                              
2001f3b0  prev                                  
20005e15  printChar                             
20005eb3  printCharButtom                       
20005807  printErrConvenience                   
20008d21  realloc                               
2000bfa5  scalbn                                
2000bfa5  scalbnl                               
200080a7  setCursor                             
200080df  setTextColor                          
200080bf  setTextSize                           
200080f7  setTextWrap                           
2000e669  simplelink_timerA2_start              
2000dc05  sl_Close                              
2000a7f5  sl_Connect                            
2000c141  sl_DevGet                             
2000c8ad  sl_DevSet                             
2000e4ad  sl_Htonl                              
2000e6a5  sl_Htons                              
2000b045  sl_NetAppDnsGetHostByName             
2000bde5  sl_NetAppMDNSRegisterUnregisterService
2000da79  sl_NetAppMDNSUnRegisterService        
2000c945  sl_NetCfgSet                          
2000c6d5  sl_Recv                               
2000b3f5  sl_Send                               
2000c9dd  sl_SetSockOpt                         
2000d019  sl_Socket                             
2000bb29  sl_Start                              
2000b859  sl_Stop                               
2000955d  sl_WlanConnect                        
2000e755  sl_WlanDisconnect                     
2000cd59  sl_WlanPolicySet                      
2000dc65  sl_WlanProfileDel                     
2000d2c1  sl_WlanRxFilterSet                    
2000ca75  sl_WlanSet                            
2000dcc5  sl_WlanSetMode                        
2000d5c5  spi_Close                             
2000adb9  spi_Open                              
2000b949  spi_Read                              
2000cb0d  spi_Write                             
2000dba5  sprintf                               
2001f3b8  startFlag                             
2000ed6f  strcat                                
2000f0ad  strchr                                
2000f115  strcpy                                
2000f129  strlen                                
20004637  testdrawcircles                       
200044a7  testdrawrects                         
20004435  testfastlines                         
200045c5  testfillcircles                       
20004507  testfillrects                         
200047a5  testlines                             
20004b13  testmessage                           
20004733  testroundrects                        
200046b1  testtriangles                         
2001f3d4  textbgcolor                           
2001f3d0  textcolor                             
2001f3cc  textsize                              
2001f168  timeSeries                            
2000e1ed  uDMAChannelAssign                     
2000dadd  uDMAChannelAttributeDisable           
2000db41  uDMAChannelAttributeEnable            
2000e6e1  uDMAChannelControlSet                 
2000edfd  uDMAChannelEnable                     
2000ba39  uDMAChannelTransferSet                
2000d12d  vsnprintf                             
2000810b  width                                 
2001f3d8  wrap                                  
200086c1  writeCommand                          
2000870d  writeData                             


GLOBAL SYMBOLS: SORTED BY Symbol Address 

address   name                                  
-------   ----                                  
00001000  __STACK_SIZE                          
00008000  __SYSMEM_SIZE                         
20004000  g_pfnVectors                          
20004401  delay                                 
20004435  testfastlines                         
200044a7  testdrawrects                         
20004507  testfillrects                         
200045c5  testfillcircles                       
20004637  testdrawcircles                       
200046b1  testtriangles                         
20004733  testroundrects                        
200047a5  testlines                             
20004973  lcdTestPattern                        
20004a43  lcdTestPattern2                       
20004b13  testmessage                           
20004bb3  SimpleLinkWlanEventHandler            
20004cc1  SimpleLinkNetAppEventHandler          
20004d79  SimpleLinkGeneralEventHandler         
20004d93  SimpleLinkSockEventHandler            
20005807  printErrConvenience                   
200059a3  decodeSignal                          
20005bf9  decodeBinary                          
20005cc1  decodeChar                            
20005dcd  oledInit                              
20005e15  printChar                             
20005eb3  printCharButtom                       
20005f65  oledTest                              
20005f73  SimpleLinkHttpServerCallback          
20006205  main                                  
20006dc5  __TI_printfi                          
200076b1  drawCircle                            
200077e5  drawCircleHelper                      
20007903  fillCircle                            
2000793d  fillCircleHelper                      
20007a2b  drawLine                              
20007b17  drawRect                              
20007b65  drawRoundRect                         
20007c53  fillRoundRect                         
20007ccd  drawTriangle                          
20007d0f  fillTriangle                          
20007f0f  drawChar                              
2000805b  Outstr                                
200080a7  setCursor                             
200080bf  setTextSize                           
200080df  setTextColor                          
200080f7  setTextWrap                           
2000810b  width                                 
2000810f  height                                
200086c1  writeCommand                          
2000870d  writeData                             
20008759  Adafruit_Init                         
2000888b  goTo                                  
200088cf  Color565                              
20008911  fillScreen                            
20008927  fillRect                              
200089dd  drawFastVLine                         
20008a7d  drawFastHLine                         
20008b19  drawPixel                             
20008b57  invert                                
20008b73  __mpu_init                            
20008b75  minit                                 
20008bf5  malloc                                
20008c5f  free                                  
20008d21  realloc                               
20008e29  memalign                              
20008f15  calloc                                
20008f81  GPIO_IF_LedConfigure                  
20008fbf  GPIO_IF_LedOn                         
20009073  GPIO_IF_LedOff                        
20009127  GPIO_IF_LedStatus                     
20009191  GPIO_IF_LedToggle                     
200091bf  GPIO_IF_GetPortNPin                   
20009205  GPIO_IF_ConfigureNIntEnable           
2000924d  GPIO_IF_Set                           
20009291  GPIO_IF_Get                           
200092dd  InitTerm                              
200092fb  Message                               
2000931d  ClearTerm                             
20009327  Error                                 
2000935f  GetCmd                                
20009405  TrimSpace                             
2000949d  Report                                
2000955d  sl_WlanConnect                        
20009a25  __aeabi_uldivmod                      
20009c19  _SlDrvDataReadOp                      
20009dfd  _SlDrvReleasePoolObj                  
20009fcd  __aeabi_dsub                          
20009fd7  __aeabi_dadd                          
2000a183  _system_post_cinit                    
2000a185  _SlDrvDriverCBInit                    
2000a4d5  _SlDrvWaitForPoolObj                  
2000a6e5  Timer_IF_Init                         
2000a717  Timer_IF_IntSetup                     
2000a763  Timer_IF_InterruptClear               
2000a77b  Timer_IF_Start                        
2000a799  Timer_IF_Stop                         
2000a7a9  Timer_IF_DeInit                       
2000a7c3  Timer_IF_ReLoad                       
2000a7d9  Timer_IF_GetCount                     
2000a7f5  sl_Connect                            
2000a981  PRCMCC3200MCUInit                     
2000ac69  _SlDrvDataWriteOp                     
2000adb9  spi_Open                              
2000b045  sl_NetAppDnsGetHostByName             
2000b189  __aeabi_ddiv                          
2000b2c1  PinMuxConfig                          
2000b3f5  sl_Send                               
2000b529  _SlDrvDriverCBDeinit                  
2000b659  _SlDrvNetAppEventHandler              
2000b75d  __aeabi_dmul                          
2000b859  sl_Stop                               
2000b949  spi_Read                              
2000ba39  uDMAChannelTransferSet                
2000bb29  sl_Start                              
2000bcfd  _SlDrvMsgReadSpawnCtx                 
2000bde5  sl_NetAppMDNSRegisterUnregisterService
2000bfa5  ldexp                                 
2000bfa5  ldexpl                                
2000bfa5  scalbn                                
2000bfa5  scalbnl                               
2000c075  _sl_HandleAsync_DnsGetHostByService   
2000c141  sl_DevGet                             
2000c2d1  _SlDrvCmdOp                           
2000c391  _SlNonOsSemGet                        
2000c441  IntDisable                            
2000c4e9  IntEnable                             
2000c591  _SlDriverHandleError                  
2000c635  SPIConfigSetExpClk                    
2000c6d5  sl_Recv                               
2000c775  __aeabi_memcpy                        
2000c775  __aeabi_memcpy4                       
2000c775  __aeabi_memcpy8                       
2000c775  memcpy                                
2000c811  _SlDrvDeviceEventHandler              
2000c8ad  sl_DevSet                             
2000c945  sl_NetCfgSet                          
2000c9dd  sl_SetSockOpt                         
2000ca75  sl_WlanSet                            
2000cb0d  spi_Write                             
2000cba5  PRCMPeripheralClockGet                
2000cc39  _sl_HandleAsync_DnsGetHostByName      
2000ccc9  _sl_HandleAsync_PingResponse          
2000cd59  sl_WlanPolicySet                      
2000cf01  _SlDrvIsTimeoutExpired                
2000cf8d  _sl_HandleAsync_InitComplete          
2000d019  sl_Socket                             
2000d0a5  PinConfigSet                          
2000d12d  vsnprintf                             
2000d1b5  __aeabi_cdcmpeq                       
2000d1b5  __aeabi_cdcmple                       
2000d23b  __aeabi_cdrcmple                      
2000d2c1  sl_WlanRxFilterSet                    
2000d345  GPIOIntTypeSet                        
2000d3c9  _sl_HandleAsync_Connect               
2000d549  __aeabi_memclr                        
2000d549  __aeabi_memclr4                       
2000d549  __aeabi_memclr8                       
2000d54b  __aeabi_memset                        
2000d54b  __aeabi_memset4                       
2000d54b  __aeabi_memset8                       
2000d551  memset                                
2000d5c5  spi_Close                             
2000d63d  UARTConfigSetExpClk                   
2000d6b5  _SlNonOsMainLoopTask                  
2000d729  TimerIntRegister                      
2000d799  __TI_auto_init                        
2000d809  _SlDrvCmdSend                         
2000d875  _sl_NetAppSendTokenValue              
2000d8e1  TimerIntUnregister                    
2000d949  __TI_decompress_lzss                  
2000d9b1  _SlNonOsSpawn                         
2000da15  _sl_HandleAsync_Accept                
2000da79  sl_NetAppMDNSUnRegisterService        
2000dadd  uDMAChannelAttributeDisable           
2000db41  uDMAChannelAttributeEnable            
2000dba5  sprintf                               
2000dc05  sl_Close                              
2000dc65  sl_WlanProfileDel                     
2000dcc5  sl_WlanSetMode                        
2000dd25  frexp                                 
2000dd25  frexpl                                
2000dd81  IntPendClear                          
2000ddd9  PRCMPeripheralReset                   
2000de31  IntPrioritySet                        
2000de85  _SlDrvRxIrqHandler                    
2000ded9  _sl_HandleAsync_Select                
2000df2d  C$$EXIT                               
2000df31  abort                                 
2000df39  exit                                  
2000df81  ltoa                                  
2000dfd5  _sl_HandleAsync_Stop                  
2000e025  SPIIntEnable                          
2000e0bd  _SlDrvProtectAsyncRespSetting         
2000e155  atoi                                  
2000e1a1  copy_in                               
2000e1ed  uDMAChannelAssign                     
2000e281  SPIIntClear                           
2000e2c9  _SlDrvBasicCmd                        
2000e311  __aeabi_d2iz                          
2000e39d  TimerConfigure                        
2000e425  _SlDrvSyncObjWaitTimeout              
2000e4ad  sl_Htonl                              
2000e4f1  PinModeSet                            
2000e571  _c_int00                              
2000e5b1  NwpRegisterInterruptHandler           
2000e62d  PRCMPeripheralClkEnable               
2000e669  simplelink_timerA2_start              
2000e6a5  sl_Htons                              
2000e6e1  uDMAChannelControlSet                 
2000e71d  NwpPowerOff                           
2000e755  sl_WlanDisconnect                     
2000e78d  GPIODirModeSet                        
2000e7c5  PRCMPeripheralStatusGet               
2000e7f9  SPIFIFOLevelSet                       
2000e82d  PinTypeGPIO                           
2000e85d  UARTDisable                           
2000e88d  __aeabi_i2d                           
2000e8bd  NwpPowerOn                            
2000e8e9  PRCMSysResetCauseGet                  
2000e941  _SlDrvProtectionObjLockWaitForever    
2000e96d  TimerLoadSet                          
2000e997  TimerPrescaleSet                      
2000e9c1  PRCMPeripheralClkDisable              
2000e9e9  _SlDrvGlobalObjUnLock                 
2000ea11  _SlDrvProtectionObjUnLock             
2000ea39  _SlDrvSyncObjWaitForever              
2000ea61  _SlDrvObjLockWaitForever              
2000ea89  DmaSpiSwIntHandler                    
2000eaad  IntUnregister                         
2000ead1  UARTEnable                            
2000eaf5  memmove                               
2000eb19  GPIOIntStatus                         
2000eb3b  SPIReset                              
2000eb5d  SPIWordCountSet                       
2000eb7f  GPIOPinWrite                          
2000eba1  IntRegister                           
2000ebc1  NwpPrePowerOffTimout0                 
2000ebe1  SPIDataGet                            
2000ec01  TimerGetCurrentTimestamp              
2000ec21  _SlDrvObjUnLock                       
2000ec41  _SlDrvSyncObjSignal                   
2000ec61  GPIOIntRegister                       
2000ec7f  SPIDataPut                            
2000ec9d  TimerDisable                          
2000ecbb  TimerEnable                           
2000ecd9  TimerIntStatus                        
2000ecf7  UARTCharPut                           
2000ed15  UARTIntRegister                       
2000ed33  UARTIntStatus                         
2000ed6f  strcat                                
2000ed8d  TimerValueGet                         
2000eda9  UARTCharGetNonBlocking                
2000edc5  _SlDrvStartMeasureTimeout             
2000ede1  memccpy                               
2000edfd  uDMAChannelEnable                     
2000ee19  GPIOIntDisable                        
2000ee33  GPIOIntEnable                         
2000ee4d  PinTypeSPI                            
2000ee67  PinTypeUART                           
2000ee81  SPIDmaDisable                         
2000ee9b  SPIDmaEnable                          
2000eeb5  SPIFIFODisable                        
2000eecf  SPIFIFOEnable                         
2000eee9  SPIIntUnregister                      
2000ef03  GPIOPinRead                           
2000ef1b  SPICSDisable                          
2000ef33  SPICSEnable                           
2000ef4b  SPIDisable                            
2000ef63  SPIEnable                             
2000ef7b  TimerIntDisable                       
2000ef93  TimerIntEnable                        
2000efab  UARTCharsAvail                        
2000efc3  UARTDMADisable                        
2000efdb  UARTDMAEnable                         
2000eff3  UARTIntEnable                         
2000f00b  _SlNonOsSemSet                        
2000f03d  _args_main                            
2000f055  PRCMHIBRegRead                        
2000f06b  PRCMHIBRegWrite                       
2000f081  UARTCharGet                           
2000f097  _SlDrvMemZero                         
2000f0ad  strchr                                
2000f0c3  CPUcpsie                              
2000f0d7  GPIOIntClear                          
2000f0ed  IntVTableBaseSet                      
2000f101  _register_unlock                      
2000f107  _register_lock                        
2000f10f  _nop                                  
2000f115  strcpy                                
2000f129  strlen                                
2000f13d  TimerIntClear                         
2000f14f  UARTIntClear                          
2000f161  _SlDrvDispatchHttpServerEvents        
2000f171  _SlDrvResetCmdExt                     
2000f17f  __TI_decompress_none                  
2000f18d  ResetISR                              
2000f19d  NwpMaskInterrupt                      
2000f1a9  NwpUnMaskInterrupt                    
2000f1b5  __TI_zero_init                        
2000f1c1  IntMasterEnable                       
2000f1cb  copysign                              
2000f1cb  copysignl                             
2000f1d3  UtilsDelay                            
2000f1d9  _system_pre_init                      
2000f6d7  _ctypes_                              
2000fad4  OpcodeTranslateTable                  
2000fb10  _SlActionLookupTable                  
2000fcea  _SlNetAppSendTokenValueCmdCtrl        
2000fd24  middleValue                           
2000fd28  __TI_static_base__                    
2000fd80  __TI_Handler_Table_Base               
2000fd8c  __TI_Handler_Table_Limit              
2000fd98  __TI_CINIT_Base                       
2000fda8  __TI_CINIT_Limit                      
20017000  _sys_memory                           
2001f168  timeSeries                            
2001f1f4  g_ucDinDout                           
2001f244  g_time                                
2001f270  g_ucConnectionSSID                    
2001f29d  g_ucConnectionBSSID                   
2001f2a5  RxIrqCnt                              
2001f2a6  g_bDeviceRestartIsRequired            
2001f2a7  g_cDummy                              
2001f2ac  buttom_x                              
2001f2b0  buttom_y                              
2001f2b4  position                              
2001f2b8  g_ucLED1Pin                           
2001f2b9  g_ucLED2Pin                           
2001f2ba  g_ucLED3Pin                           
2001f2bc  DATA1                                 
2001f320  buffer                                
2001f35c  g__SlNonOsCB                          
2001f398  p                                     
2001f39c  g_ulStatus                            
2001f3a0  g_ulPingPacketsRecv                   
2001f3a4  g_ulGatewayIP                         
2001f3a8  g_Host                                
2001f3ac  counter                               
2001f3b0  prev                                  
2001f3b4  current                               
2001f3b8  startFlag                             
2001f3bc  buttonEndTime                         
2001f3c0  buttonStartTime                       
2001f3c4  cursor_x                              
2001f3c8  cursor_y                              
2001f3cc  textsize                              
2001f3d0  textcolor                             
2001f3d4  textbgcolor                           
2001f3d8  wrap                                  
2001f3f0  g_SlDeviceStatus                      
2001f3f4  g_pCB                                 
2001f3f8  pPingCallBackFunc                     
2001f400  __TI_cleanup_ptr                      
2001f404  __TI_dtors_ptr                        
2001f408  __TI_enable_exit_profile_output       
2001f418  g_uiLED1Port                          
2001f41c  g_uiLED2Port                          
2001f420  g_uiLED3Port                          
2001f424  g_SpiFd                               
2001f428  g_pHostIntHdl                         
2001f42c  g_ucDMAEnabled                        
2001f430  _lock                                 
2001f434  _unlock                               
2001f440  errno                                 
2001f444  main_func_sp                          
2002f000  __stack                               
20030000  __STACK_END                           
ffffffff  __TI_pprof_out_hndl                   
ffffffff  __TI_prof_data_size                   
ffffffff  __TI_prof_data_start                  
ffffffff  __binit__                             
ffffffff  __c_args__                            
ffffffff  binit                                 
UNDEFED   SHT$$INIT_ARRAY$$Base                 
UNDEFED   SHT$$INIT_ARRAY$$Limit                

[375 symbols]
