******************************************************************************
                  TI ARM Linker PC v16.9.6                     
******************************************************************************
>> Linked Sun May 13 20:37:05 2018

OUTPUT FILE NAME:   <interrupt.out>
ENTRY POINT SYMBOL: "_c_int00"  address: 20007221


MEMORY CONFIGURATION

         name            origin    length      used     unused   attr    fill
----------------------  --------  ---------  --------  --------  ----  --------
  SRAM_CODE             20004000   00013000  00003f5c  0000f0a4  RW X
  SRAM_DATA             20017000   00019000  00009759  0000f8a7  RW X


SEGMENT ALLOCATION MAP

run origin  load origin   length   init length attrs members
----------  ----------- ---------- ----------- ----- -------
20004000    20004000    00003f60   00003f60    r-x
  20004000    20004000    00000400   00000400    r-- .intvecs
  20004400    20004400    0000334e   0000334e    r-x .text
  20007750    20007750    00000736   00000736    r-- .const
  20007e88    20007e88    000000d8   000000d8    r-- .cinit
20017000    20017000    0000875a   00000000    rw-
  20017000    20017000    00008000   00000000    rw- .sysmem
  2001f000    2001f000    00000693   00000000    rw- .bss
  2001f694    2001f694    000000c6   00000000    rw- .data
2002f000    2002f000    00001000   00000000    rw-
  2002f000    2002f000    00001000   00000000    rw- .stack


SECTION ALLOCATION MAP

 output                                  attributes/
section   page    origin      length       input sections
--------  ----  ----------  ----------   ----------------
.intvecs   0    20004000    00000400     
                  20004000    00000400     startup_ccs.obj (.intvecs)

.init_array 
*          0    20004000    00000000     UNINITIALIZED

.text      0    20004400    0000334e     
                  20004400    00000fdc     main.obj (.text)
                  200053dc    00000a80     Adafruit_GFX.obj (.text)
                  20005e5c    000004b2     Adafruit_OLED.obj (.text)
                  2000630e    00000002     rtsv7M4_T_le_eabi.lib : mpu_init.obj (.text)
                  20006310    00000280     systick_if.obj (.text)
                  20006590    00000178     driverlib.a : prcm.obj (.text:PRCMCC3200MCUInit)
                  20006708    00000140     pin_mux_config.obj (.text)
                  20006848    000000d0     driverlib.a : spi.obj (.text:SPITransfer32)
                  20006918    000000ce                 : spi.obj (.text:SPITransfer16)
                  200069e6    000000b8                 : spi.obj (.text:SPITransfer8)
                  20006a9e    00000002     rtsv7M4_T_le_eabi.lib : startup.obj (.text)
                  20006aa0    000000a8     driverlib.a : interrupt.obj (.text:IntEnable)
                  20006b48    000000a0                 : spi.obj (.text:SPIConfigSetExpClk)
                  20006be8    0000009c     rtsv7M4_T_le_eabi.lib : memcpy_t2.obj (.text)
                  20006c84    00000094     driverlib.a : prcm.obj (.text:PRCMPeripheralClockGet)
                  20006d18    00000088                 : pin.obj (.text:PinConfigSet)
                  20006da0    00000088                 : spi.obj (.text:SPITransfer)
                  20006e28    0000007a     rtsv7M4_T_le_eabi.lib : memset_t2.obj (.text)
                  20006ea2    00000076     driverlib.a : uart.obj (.text:UARTConfigSetExpClk)
                  20006f18    00000070                 : timer.obj (.text:TimerIntRegister)
                  20006f88    00000070     rtsv7M4_T_le_eabi.lib : autoinit.obj (.text)
                  20006ff8    00000068                           : copy_decompress_lzss.obj (.text:decompress:lzss)
                  20007060    00000058     driverlib.a : prcm.obj (.text:PRCMPeripheralReset)
                  200070b8    00000054     rtsv7M4_T_le_eabi.lib : exit.obj (.text)
                  2000710c    0000004c                           : cpy_tbl.obj (.text)
                  20007158    00000044     driverlib.a : timer.obj (.text:TimerConfigure)
                  2000719c    00000044                 : uart.obj (.text:UARTIntNumberGet)
                  200071e0    00000040                 : pin.obj (.text:PinModeSet)
                  20007220    00000040     rtsv7M4_T_le_eabi.lib : boot.obj (.text)
                  20007260    0000003c     driverlib.a : prcm.obj (.text:PRCMPeripheralClkEnable)
                  2000729c    00000036                 : gpio.obj (.text:GPIODirModeSet)
                  200072d2    00000030                 : pin.obj (.text:PinTypeGPIO)
                  20007302    00000002     --HOLE-- [fill = 0]
                  20007304    00000030                 : uart.obj (.text:UARTDisable)
                  20007334    0000002c                 : prcm.obj (.text:PRCMSysResetCauseGet)
                  20007360    0000002a                 : timer.obj (.text:TimerLoadSet)
                  2000738a    00000002     --HOLE-- [fill = 0]
                  2000738c    00000028                 : prcm.obj (.text:PRCMPeripheralClkDisable)
                  200073b4    00000024                 : uart.obj (.text:UARTEnable)
                  200073d8    00000022                 : spi.obj (.text:SPIReset)
                  200073fa    00000020                 : gpio.obj (.text:GPIOPinWrite)
                  2000741a    00000002     --HOLE-- [fill = 0]
                  2000741c    00000020                 : interrupt.obj (.text:IntRegister)
                  2000743c    00000020                 : spi.obj (.text:SPIDataGet)
                  2000745c    0000001e                 : spi.obj (.text:SPIDataPut)
                  2000747a    0000001e                 : timer.obj (.text:TimerDisable)
                  20007498    0000001e                 : timer.obj (.text:TimerEnable)
                  200074b6    0000001e                 : timer.obj (.text:TimerIntStatus)
                  200074d4    0000001e                 : uart.obj (.text:UARTCharPut)
                  200074f2    0000001e                 : uart.obj (.text:UARTIntRegister)
                  20007510    0000001e                 : uart.obj (.text:UARTIntStatus)
                  2000752e    0000001a                 : pin.obj (.text:PinTypeSPI)
                  20007548    0000001a                 : pin.obj (.text:PinTypeUART)
                  20007562    00000018                 : spi.obj (.text:SPICSDisable)
                  2000757a    00000018                 : spi.obj (.text:SPICSEnable)
                  20007592    00000018                 : spi.obj (.text:SPIEnable)
                  200075aa    00000002     --HOLE-- [fill = 0]
                  200075ac    00000018                 : systick.obj (.text:SysTickPeriodSet)
                  200075c4    00000018                 : timer.obj (.text:TimerIntDisable)
                  200075dc    00000018                 : timer.obj (.text:TimerIntEnable)
                  200075f4    00000018                 : uart.obj (.text:UARTDMADisable)
                  2000760c    00000018                 : uart.obj (.text:UARTIntEnable)
                  20007624    00000018     rtsv7M4_T_le_eabi.lib : args_main.obj (.text)
                  2000763c    00000016     driverlib.a : prcm.obj (.text:PRCMHIBRegRead)
                  20007652    00000016                 : prcm.obj (.text:PRCMHIBRegWrite)
                  20007668    00000016                 : uart.obj (.text:UARTCharGet)
                  2000767e    00000014                 : cpu.obj (.text:CPUcpsie)
                  20007692    00000002     --HOLE-- [fill = 0]
                  20007694    00000014                 : interrupt.obj (.text:IntVTableBaseSet)
                  200076a8    00000014     rtsv7M4_T_le_eabi.lib : _lock.obj (.text)
                  200076bc    00000012     driverlib.a : timer.obj (.text:TimerIntClear)
                  200076ce    00000012                 : uart.obj (.text:UARTIntClear)
                  200076e0    00000010                 : systick.obj (.text:SysTickEnable)
                  200076f0    00000010                 : systick.obj (.text:SysTickIntEnable)
                  20007700    0000000e     rtsv7M4_T_le_eabi.lib : copy_decompress_none.obj (.text:decompress:none)
                  2000770e    0000000e     startup_ccs.obj (.text)
                  2000771c    0000000c     driverlib.a : systick.obj (.text:SysTickValueGet)
                  20007728    0000000c     rtsv7M4_T_le_eabi.lib : copy_zero_init.obj (.text:decompress:ZI)
                  20007734    0000000a     driverlib.a : interrupt.obj (.text:IntMasterEnable)
                  2000773e    00000006     systick_if.obj (.text:SysCtlDelay)
                  20007744    00000006     driverlib.a : utils.obj (.text:UtilsDelay)
                  2000774a    00000004     rtsv7M4_T_le_eabi.lib : pre_init.obj (.text)

.const     0    20007750    00000736     
                  20007750    000004fb     Adafruit_GFX.obj (.const:.string:font)
                  20007c4b    00000001     --HOLE-- [fill = 0]
                  20007c4c    00000100     driverlib.a : pin.obj (.const:g_ulPinToPadMap)
                  20007d4c    000000a8                 : prcm.obj (.const:PRCM_PeriphRegsList)
                  20007df4    00000080                 : interrupt.obj (.const)
                  20007e74    00000010                 : uart.obj (.const)
                  20007e84    00000002     main.obj (.const:.string)

.cinit     0    20007e88    000000d8     
                  20007e88    000000ad     (.cinit..data.load) [load image, compression = lzss]
                  20007f35    00000003     --HOLE-- [fill = 0]
                  20007f38    0000000c     (__TI_handler_table)
                  20007f44    00000004     --HOLE-- [fill = 0]
                  20007f48    00000008     (.cinit..bss.load) [load image, compression = zero_init]
                  20007f50    00000010     (__TI_cinit_table)

.sysmem    0    20017000    00008000     UNINITIALIZED
                  20017000    00000008     rtsv7M4_T_le_eabi.lib : memory.obj (.sysmem)
                  20017008    00007ff8     --HOLE--

.bss       0    2001f000    00000693     UNINITIALIZED
                  2001f000    00000640     (.common:sample_buffer)
                  2001f640    0000001c     (.common:power_all)
                  2001f65c    00000014     (.common:textbuffer)
                  2001f670    00000010     systick_if.obj (.bss)
                  2001f680    00000004     (.common:bottom_x)
                  2001f684    00000004     (.common:bottom_y)
                  2001f688    00000004     (.common:g_ulClockRate)
                  2001f68c    00000002     (.common:sample_num)
                  2001f68e    00000001     main.obj (.bss)
                  2001f68f    00000001     (.common:bufferLength)
                  2001f690    00000001     (.common:isNewChar)
                  2001f691    00000001     (.common:isProcessing)
                  2001f692    00000001     (.common:isSampling)

.data      0    2001f694    000000c6     UNINITIALIZED
                  2001f694    00000028     main.obj (.data)
                  2001f6bc    0000001c     main.obj (.data:coeff_array)
                  2001f6d8    00000015     Adafruit_GFX.obj (.data)
                  2001f6ed    00000003     main.obj (.data:button0)
                  2001f6f0    0000000c     rtsv7M4_T_le_eabi.lib : exit.obj (.data:$O1$$)
                  2001f6fc    0000000c     systick_if.obj (.data)
                  2001f708    0000000a     main.obj (.data:button7)
                  2001f712    0000000a     main.obj (.data:button9)
                  2001f71c    00000008     rtsv7M4_T_le_eabi.lib : _lock.obj (.data:$O1$$)
                  2001f724    00000008     main.obj (.data:button2)
                  2001f72c    00000008     main.obj (.data:button3)
                  2001f734    00000008     main.obj (.data:button4)
                  2001f73c    00000008     main.obj (.data:button5)
                  2001f744    00000008     main.obj (.data:button6)
                  2001f74c    00000008     main.obj (.data:button8)
                  2001f754    00000004     rtsv7M4_T_le_eabi.lib : stkdepth_vars.obj (.data)
                  2001f758    00000002     main.obj (.data:button1)

.stack     0    2002f000    00001000     UNINITIALIZED
                  2002f000    00001000     --HOLE--

MODULE SUMMARY

       Module                     code    ro data   rw data
       ------                     ----    -------   -------
    .\
       main.obj                   4060    2         1804   
       Adafruit_GFX.obj           2688    1275      21     
       Adafruit_OLED.obj          1202    0         0      
       startup_ccs.obj            14      1024      0      
       systick_if.obj             646     0         32     
       pin_mux_config.obj         320     0         0      
    +--+--------------------------+-------+---------+---------+
       Total:                     8930    2301      1857   
                                                           
    E:/TI/CC3200SDK_1.3.0/cc3200-sdk/driverlib/ccs/Release/driverlib.a
       spi.obj                    1062    0         0      
       prcm.obj                   800     168       0      
       pin.obj                    300     256       0      
       uart.obj                   448     16        0      
       timer.obj                  378     0         0      
       interrupt.obj              230     128       0      
       gpio.obj                   86      0         0      
       systick.obj                68      0         0      
       cpu.obj                    20      0         0      
       utils.obj                  6       0         0      
    +--+--------------------------+-------+---------+---------+
       Total:                     3398    568       0      
                                                           
    E:\CCS\ccsv7\tools\compiler\ti-cgt-arm_16.9.6.LTS\lib\rtsv7M4_T_le_eabi.lib
       memcpy_t2.obj              156     0         0      
       memset_t2.obj              122     0         0      
       autoinit.obj               112     0         0      
       copy_decompress_lzss.obj   104     0         0      
       exit.obj                   84      0         12     
       cpy_tbl.obj                76      0         0      
       boot.obj                   64      0         0      
       _lock.obj                  20      0         8      
       args_main.obj              24      0         0      
       copy_decompress_none.obj   14      0         0      
       copy_zero_init.obj         12      0         0      
       pre_init.obj               4       0         0      
       stkdepth_vars.obj          0       0         4      
       mpu_init.obj               2       0         0      
       startup.obj                2       0         0      
    +--+--------------------------+-------+---------+---------+
       Total:                     796     0         24     
                                                           
       Heap:                      0       0         32768  
       Stack:                     0       0         4096   
       Linker Generated:          0       209       0      
    +--+--------------------------+-------+---------+---------+
       Grand Total:               13124   3078      38745  


LINKER GENERATED COPY TABLES

__TI_cinit_table @ 20007f50 records: 2, size/record: 8, table size: 16
	.data: load addr=20007e88, load size=000000ad bytes, run addr=2001f694, run size=000000c6 bytes, compression=lzss
	.bss: load addr=20007f48, load size=00000008 bytes, run addr=2001f000, run size=00000693 bytes, compression=zero_init


LINKER GENERATED HANDLER TABLE

__TI_handler_table @ 20007f38 records: 3, size/record: 4, table size: 12
	index: 0, handler: __TI_decompress_lzss
	index: 1, handler: __TI_decompress_none
	index: 2, handler: __TI_zero_init


GLOBAL SYMBOLS: SORTED ALPHABETICALLY BY Name 

address   name                           
-------   ----                           
2001f698  A0TICK                         
2001f69c  A1TICK                         
20005ef5  Adafruit_Init                  
200070b9  C$$EXIT                        
2000767f  CPUcpsie                       
2000606b  Color565                       
2000729d  GPIODirModeSet                 
200073fb  GPIOPinWrite                   
20006aa1  IntEnable                      
20007735  IntMasterEnable                
2000741d  IntRegister                    
20007695  IntVTableBaseSet               
20005d87  Outstr                         
20006591  PRCMCC3200MCUInit              
2000763d  PRCMHIBRegRead                 
20007653  PRCMHIBRegWrite                
2000738d  PRCMPeripheralClkDisable       
20007261  PRCMPeripheralClkEnable        
20006c85  PRCMPeripheralClockGet         
20007061  PRCMPeripheralReset            
20007335  PRCMSysResetCauseGet           
20006d19  PinConfigSet                   
200071e1  PinModeSet                     
20006709  PinMuxConfig                   
200072d3  PinTypeGPIO                    
2000752f  PinTypeSPI                     
20007549  PinTypeUART                    
2000770f  ResetISR                       
UNDEFED   SHT$$INIT_ARRAY$$Base          
UNDEFED   SHT$$INIT_ARRAY$$Limit         
20007563  SPICSDisable                   
2000757b  SPICSEnable                    
20006b49  SPIConfigSetExpClk             
2000743d  SPIDataGet                     
2000745d  SPIDataPut                     
20007593  SPIEnable                      
200073d9  SPIReset                       
20006da1  SPITransfer                    
2000773f  SysCtlDelay                    
200076e1  SysTickEnable                  
20006311  SysTickHandler                 
200063a3  SysTickInit                    
200076f1  SysTickIntEnable               
200075ad  SysTickPeriodSet               
2000771d  SysTickValueGet                
20007159  TimerConfigure                 
2000747b  TimerDisable                   
20007499  TimerEnable                    
200076bd  TimerIntClear                  
200075c5  TimerIntDisable                
200075dd  TimerIntEnable                 
20006f19  TimerIntRegister               
200074b7  TimerIntStatus                 
20007361  TimerLoadSet                   
20007669  UARTCharGet                    
200074d5  UARTCharPut                    
20006ea3  UARTConfigSetExpClk            
200075f5  UARTDMADisable                 
20007305  UARTDisable                    
200073b5  UARTEnable                     
200076cf  UARTIntClear                   
2000760d  UARTIntEnable                  
200074f3  UARTIntRegister                
20007511  UARTIntStatus                  
200051e5  UART_Setup                     
20006545  UTUtilsDelay                   
20006533  UTUtilsDelayCycles             
20006445  UTUtilsGetSysTime              
200064ed  UTUtilsWaitForCount            
20007745  UtilsDelay                     
20030000  __STACK_END                    
00001000  __STACK_SIZE                   
00008000  __SYSMEM_SIZE                  
20007f50  __TI_CINIT_Base                
20007f60  __TI_CINIT_Limit               
20007f38  __TI_Handler_Table_Base        
20007f44  __TI_Handler_Table_Limit       
20006f89  __TI_auto_init                 
2001f6f0  __TI_cleanup_ptr               
20006ff9  __TI_decompress_lzss           
20007701  __TI_decompress_none           
2001f6f4  __TI_dtors_ptr                 
2001f6f8  __TI_enable_exit_profile_output
ffffffff  __TI_pprof_out_hndl            
ffffffff  __TI_prof_data_size            
ffffffff  __TI_prof_data_start           
20007e88  __TI_static_base__             
20007729  __TI_zero_init                 
20006e29  __aeabi_memclr                 
20006e29  __aeabi_memclr4                
20006e29  __aeabi_memclr8                
20006be9  __aeabi_memcpy                 
20006be9  __aeabi_memcpy4                
20006be9  __aeabi_memcpy8                
20006e2b  __aeabi_memset                 
20006e2b  __aeabi_memset4                
20006e2b  __aeabi_memset8                
ffffffff  __binit__                      
ffffffff  __c_args__                     
2000630f  __mpu_init                     
2002f000  __stack                        
20007625  _args_main                     
20007221  _c_int00                       
2001f71c  _lock                          
200076b7  _nop                           
200076af  _register_lock                 
200076a9  _register_unlock               
20017000  _sys_memory                    
20006a9f  _system_post_cinit             
2000774b  _system_pre_init               
2001f720  _unlock                        
200070bd  abort                          
ffffffff  binit                          
2001f680  bottom_x                       
2001f684  bottom_y                       
2001f68f  bufferLength                   
2001f6ed  button0                        
2001f758  button1                        
2001f724  button2                        
2001f72c  button3                        
2001f734  button4                        
2001f73c  button5                        
2001f744  button6                        
2001f708  button7                        
2001f74c  button8                        
2001f712  button9                        
2001f6a4  buttonPtr                      
20004dcf  buttonToChar                   
2001f6bc  coeff_array                    
2000710d  copy_in                        
2001f6d8  cursor_x                       
2001f6dc  cursor_y                       
20005051  decode                         
20004401  delay                          
20005c3b  drawChar                       
200053dd  drawCircle                     
20005511  drawCircleHelper               
20006219  drawFastHLine                  
20006179  drawFastVLine                  
20005757  drawLine                       
200062b5  drawPixel                      
20005843  drawRect                       
20005891  drawRoundRect                  
200059f9  drawTriangle                   
200070c5  exit                           
2000562f  fillCircle                     
20005669  fillCircleHelper               
200060c3  fillRect                       
2000597f  fillRoundRect                  
200060ad  fillScreen                     
20005a3b  fillTriangle                   
20004000  g_pfnVectors                   
2001f688  g_ulClockRate                  
20006027  goTo                           
20004f95  goertzel                       
20005e3b  height                         
200062f3  invert                         
2001f690  isNewChar                      
2001f691  isProcessing                   
2001f692  isSampling                     
20004973  lcdTestPattern                 
20004a43  lcdTestPattern2                
2000520d  main                           
2001f754  main_func_sp                   
20006be9  memcpy                         
20006e31  memset                         
2001f6a0  new_digit                      
2001f694  p                              
2001f640  power_all                      
2001f6a8  printChar                      
20004c81  printCharbottom                
20004bcb  readExternalADC                
2001f6b4  receivecursorx                 
2001f6b8  receivecursory                 
2001f000  sample_buffer                  
2001f68c  sample_num                     
20005dd3  setCursor                      
20005e0b  setTextColor                   
20005deb  setTextSize                    
20005e23  setTextWrap                    
20004637  testdrawcircles                
200044a7  testdrawrects                  
20004435  testfastlines                  
200045c5  testfillcircles                
20004507  testfillrects                  
200047a5  testlines                      
20004b13  testmessage                    
20004733  testroundrects                 
200046b1  testtriangles                  
2001f6e8  textbgcolor                    
2001f65c  textbuffer                     
2001f6e4  textcolor                      
2001f6e0  textsize                       
2001f6ac  top_x                          
2001f6b0  top_y                          
20005e37  width                          
2001f6ec  wrap                           
20005e5d  writeCommand                   
20005ea9  writeData                      


GLOBAL SYMBOLS: SORTED BY Symbol Address 

address   name                           
-------   ----                           
00001000  __STACK_SIZE                   
00008000  __SYSMEM_SIZE                  
20004000  g_pfnVectors                   
20004401  delay                          
20004435  testfastlines                  
200044a7  testdrawrects                  
20004507  testfillrects                  
200045c5  testfillcircles                
20004637  testdrawcircles                
200046b1  testtriangles                  
20004733  testroundrects                 
200047a5  testlines                      
20004973  lcdTestPattern                 
20004a43  lcdTestPattern2                
20004b13  testmessage                    
20004bcb  readExternalADC                
20004c81  printCharbottom                
20004dcf  buttonToChar                   
20004f95  goertzel                       
20005051  decode                         
200051e5  UART_Setup                     
2000520d  main                           
200053dd  drawCircle                     
20005511  drawCircleHelper               
2000562f  fillCircle                     
20005669  fillCircleHelper               
20005757  drawLine                       
20005843  drawRect                       
20005891  drawRoundRect                  
2000597f  fillRoundRect                  
200059f9  drawTriangle                   
20005a3b  fillTriangle                   
20005c3b  drawChar                       
20005d87  Outstr                         
20005dd3  setCursor                      
20005deb  setTextSize                    
20005e0b  setTextColor                   
20005e23  setTextWrap                    
20005e37  width                          
20005e3b  height                         
20005e5d  writeCommand                   
20005ea9  writeData                      
20005ef5  Adafruit_Init                  
20006027  goTo                           
2000606b  Color565                       
200060ad  fillScreen                     
200060c3  fillRect                       
20006179  drawFastVLine                  
20006219  drawFastHLine                  
200062b5  drawPixel                      
200062f3  invert                         
2000630f  __mpu_init                     
20006311  SysTickHandler                 
200063a3  SysTickInit                    
20006445  UTUtilsGetSysTime              
200064ed  UTUtilsWaitForCount            
20006533  UTUtilsDelayCycles             
20006545  UTUtilsDelay                   
20006591  PRCMCC3200MCUInit              
20006709  PinMuxConfig                   
20006a9f  _system_post_cinit             
20006aa1  IntEnable                      
20006b49  SPIConfigSetExpClk             
20006be9  __aeabi_memcpy                 
20006be9  __aeabi_memcpy4                
20006be9  __aeabi_memcpy8                
20006be9  memcpy                         
20006c85  PRCMPeripheralClockGet         
20006d19  PinConfigSet                   
20006da1  SPITransfer                    
20006e29  __aeabi_memclr                 
20006e29  __aeabi_memclr4                
20006e29  __aeabi_memclr8                
20006e2b  __aeabi_memset                 
20006e2b  __aeabi_memset4                
20006e2b  __aeabi_memset8                
20006e31  memset                         
20006ea3  UARTConfigSetExpClk            
20006f19  TimerIntRegister               
20006f89  __TI_auto_init                 
20006ff9  __TI_decompress_lzss           
20007061  PRCMPeripheralReset            
200070b9  C$$EXIT                        
200070bd  abort                          
200070c5  exit                           
2000710d  copy_in                        
20007159  TimerConfigure                 
200071e1  PinModeSet                     
20007221  _c_int00                       
20007261  PRCMPeripheralClkEnable        
2000729d  GPIODirModeSet                 
200072d3  PinTypeGPIO                    
20007305  UARTDisable                    
20007335  PRCMSysResetCauseGet           
20007361  TimerLoadSet                   
2000738d  PRCMPeripheralClkDisable       
200073b5  UARTEnable                     
200073d9  SPIReset                       
200073fb  GPIOPinWrite                   
2000741d  IntRegister                    
2000743d  SPIDataGet                     
2000745d  SPIDataPut                     
2000747b  TimerDisable                   
20007499  TimerEnable                    
200074b7  TimerIntStatus                 
200074d5  UARTCharPut                    
200074f3  UARTIntRegister                
20007511  UARTIntStatus                  
2000752f  PinTypeSPI                     
20007549  PinTypeUART                    
20007563  SPICSDisable                   
2000757b  SPICSEnable                    
20007593  SPIEnable                      
200075ad  SysTickPeriodSet               
200075c5  TimerIntDisable                
200075dd  TimerIntEnable                 
200075f5  UARTDMADisable                 
2000760d  UARTIntEnable                  
20007625  _args_main                     
2000763d  PRCMHIBRegRead                 
20007653  PRCMHIBRegWrite                
20007669  UARTCharGet                    
2000767f  CPUcpsie                       
20007695  IntVTableBaseSet               
200076a9  _register_unlock               
200076af  _register_lock                 
200076b7  _nop                           
200076bd  TimerIntClear                  
200076cf  UARTIntClear                   
200076e1  SysTickEnable                  
200076f1  SysTickIntEnable               
20007701  __TI_decompress_none           
2000770f  ResetISR                       
2000771d  SysTickValueGet                
20007729  __TI_zero_init                 
20007735  IntMasterEnable                
2000773f  SysCtlDelay                    
20007745  UtilsDelay                     
2000774b  _system_pre_init               
20007e88  __TI_static_base__             
20007f38  __TI_Handler_Table_Base        
20007f44  __TI_Handler_Table_Limit       
20007f50  __TI_CINIT_Base                
20007f60  __TI_CINIT_Limit               
20017000  _sys_memory                    
2001f000  sample_buffer                  
2001f640  power_all                      
2001f65c  textbuffer                     
2001f680  bottom_x                       
2001f684  bottom_y                       
2001f688  g_ulClockRate                  
2001f68c  sample_num                     
2001f68f  bufferLength                   
2001f690  isNewChar                      
2001f691  isProcessing                   
2001f692  isSampling                     
2001f694  p                              
2001f698  A0TICK                         
2001f69c  A1TICK                         
2001f6a0  new_digit                      
2001f6a4  buttonPtr                      
2001f6a8  printChar                      
2001f6ac  top_x                          
2001f6b0  top_y                          
2001f6b4  receivecursorx                 
2001f6b8  receivecursory                 
2001f6bc  coeff_array                    
2001f6d8  cursor_x                       
2001f6dc  cursor_y                       
2001f6e0  textsize                       
2001f6e4  textcolor                      
2001f6e8  textbgcolor                    
2001f6ec  wrap                           
2001f6ed  button0                        
2001f6f0  __TI_cleanup_ptr               
2001f6f4  __TI_dtors_ptr                 
2001f6f8  __TI_enable_exit_profile_output
2001f708  button7                        
2001f712  button9                        
2001f71c  _lock                          
2001f720  _unlock                        
2001f724  button2                        
2001f72c  button3                        
2001f734  button4                        
2001f73c  button5                        
2001f744  button6                        
2001f74c  button8                        
2001f754  main_func_sp                   
2001f758  button1                        
2002f000  __stack                        
20030000  __STACK_END                    
ffffffff  __TI_pprof_out_hndl            
ffffffff  __TI_prof_data_size            
ffffffff  __TI_prof_data_start           
ffffffff  __binit__                      
ffffffff  __c_args__                     
ffffffff  binit                          
UNDEFED   SHT$$INIT_ARRAY$$Base          
UNDEFED   SHT$$INIT_ARRAY$$Limit         

[199 symbols]
