<?xml version="1.0"?>
<link_info>
   <banner>TI ARM Linker PC v16.9.6.LTS</banner>
   <copyright>Copyright (c) 1996-2017 Texas Instruments Incorporated</copyright>
   <link_time>0x5af90461</link_time>
   <link_errors>0x0</link_errors>
   <output_file>interrupt.out</output_file>
   <entry_point>
      <name>_c_int00</name>
      <address>0x20007221</address>
   </entry_point>
   <input_file_list>
      <input_file id="fl-2">
         <path>.\</path>
         <kind>object</kind>
         <file>Adafruit_GFX.obj</file>
         <name>Adafruit_GFX.obj</name>
      </input_file>
      <input_file id="fl-3">
         <path>.\</path>
         <kind>object</kind>
         <file>Adafruit_OLED.obj</file>
         <name>Adafruit_OLED.obj</name>
      </input_file>
      <input_file id="fl-4">
         <path>.\</path>
         <kind>object</kind>
         <file>i2c_if.obj</file>
         <name>i2c_if.obj</name>
      </input_file>
      <input_file id="fl-5">
         <path>.\</path>
         <kind>object</kind>
         <file>main.obj</file>
         <name>main.obj</name>
      </input_file>
      <input_file id="fl-6">
         <path>.\</path>
         <kind>object</kind>
         <file>pin_mux_config.obj</file>
         <name>pin_mux_config.obj</name>
      </input_file>
      <input_file id="fl-7">
         <path>.\</path>
         <kind>object</kind>
         <file>startup_ccs.obj</file>
         <name>startup_ccs.obj</name>
      </input_file>
      <input_file id="fl-8">
         <path>.\</path>
         <kind>object</kind>
         <file>systick_if.obj</file>
         <name>systick_if.obj</name>
      </input_file>
      <input_file id="fl-9">
         <path>.\</path>
         <kind>object</kind>
         <file>timer_if.obj</file>
         <name>timer_if.obj</name>
      </input_file>
      <input_file id="fl-a">
         <path>.\</path>
         <kind>object</kind>
         <file>uart_if.obj</file>
         <name>uart_if.obj</name>
      </input_file>
      <input_file id="fl-f">
         <kind>object</kind>
         <file>&lt;internal&gt;</file>
         <name>&lt;internal&gt;</name>
      </input_file>
      <input_file id="fl-c5">
         <path>E:\CCS\ccsv7\tools\compiler\ti-cgt-arm_16.9.6.LTS\lib\</path>
         <kind>archive</kind>
         <file>rtsv7M4_T_le_eabi.lib</file>
         <name>boot.obj</name>
      </input_file>
      <input_file id="fl-c6">
         <path>E:\CCS\ccsv7\tools\compiler\ti-cgt-arm_16.9.6.LTS\lib\</path>
         <kind>archive</kind>
         <file>rtsv7M4_T_le_eabi.lib</file>
         <name>copy_decompress_lzss.obj</name>
      </input_file>
      <input_file id="fl-c7">
         <path>E:\CCS\ccsv7\tools\compiler\ti-cgt-arm_16.9.6.LTS\lib\</path>
         <kind>archive</kind>
         <file>rtsv7M4_T_le_eabi.lib</file>
         <name>copy_decompress_none.obj</name>
      </input_file>
      <input_file id="fl-c8">
         <path>E:\CCS\ccsv7\tools\compiler\ti-cgt-arm_16.9.6.LTS\lib\</path>
         <kind>archive</kind>
         <file>rtsv7M4_T_le_eabi.lib</file>
         <name>copy_zero_init.obj</name>
      </input_file>
      <input_file id="fl-c9">
         <path>E:\CCS\ccsv7\tools\compiler\ti-cgt-arm_16.9.6.LTS\lib\</path>
         <kind>archive</kind>
         <file>rtsv7M4_T_le_eabi.lib</file>
         <name>exit.obj</name>
      </input_file>
      <input_file id="fl-ca">
         <path>E:\CCS\ccsv7\tools\compiler\ti-cgt-arm_16.9.6.LTS\lib\</path>
         <kind>archive</kind>
         <file>rtsv7M4_T_le_eabi.lib</file>
         <name>memcpy_t2.obj</name>
      </input_file>
      <input_file id="fl-cb">
         <path>E:\CCS\ccsv7\tools\compiler\ti-cgt-arm_16.9.6.LTS\lib\</path>
         <kind>archive</kind>
         <file>rtsv7M4_T_le_eabi.lib</file>
         <name>memmov.obj</name>
      </input_file>
      <input_file id="fl-cc">
         <path>E:\CCS\ccsv7\tools\compiler\ti-cgt-arm_16.9.6.LTS\lib\</path>
         <kind>archive</kind>
         <file>rtsv7M4_T_le_eabi.lib</file>
         <name>memory.obj</name>
      </input_file>
      <input_file id="fl-cd">
         <path>E:\CCS\ccsv7\tools\compiler\ti-cgt-arm_16.9.6.LTS\lib\</path>
         <kind>archive</kind>
         <file>rtsv7M4_T_le_eabi.lib</file>
         <name>memset_t2.obj</name>
      </input_file>
      <input_file id="fl-ce">
         <path>E:\CCS\ccsv7\tools\compiler\ti-cgt-arm_16.9.6.LTS\lib\</path>
         <kind>archive</kind>
         <file>rtsv7M4_T_le_eabi.lib</file>
         <name>mpu_init.obj</name>
      </input_file>
      <input_file id="fl-cf">
         <path>E:\CCS\ccsv7\tools\compiler\ti-cgt-arm_16.9.6.LTS\lib\</path>
         <kind>archive</kind>
         <file>rtsv7M4_T_le_eabi.lib</file>
         <name>pre_init.obj</name>
      </input_file>
      <input_file id="fl-d0">
         <path>E:\CCS\ccsv7\tools\compiler\ti-cgt-arm_16.9.6.LTS\lib\</path>
         <kind>archive</kind>
         <file>rtsv7M4_T_le_eabi.lib</file>
         <name>stkdepth_vars.obj</name>
      </input_file>
      <input_file id="fl-d1">
         <path>E:\CCS\ccsv7\tools\compiler\ti-cgt-arm_16.9.6.LTS\lib\</path>
         <kind>archive</kind>
         <file>rtsv7M4_T_le_eabi.lib</file>
         <name>strlen.obj</name>
      </input_file>
      <input_file id="fl-d2">
         <path>E:\CCS\ccsv7\tools\compiler\ti-cgt-arm_16.9.6.LTS\lib\</path>
         <kind>archive</kind>
         <file>rtsv7M4_T_le_eabi.lib</file>
         <name>vsnprintf.obj</name>
      </input_file>
      <input_file id="fl-d3">
         <path>E:\CCS\ccsv7\tools\compiler\ti-cgt-arm_16.9.6.LTS\lib\</path>
         <kind>archive</kind>
         <file>rtsv7M4_T_le_eabi.lib</file>
         <name>_lock.obj</name>
      </input_file>
      <input_file id="fl-d4">
         <path>E:\CCS\ccsv7\tools\compiler\ti-cgt-arm_16.9.6.LTS\lib\</path>
         <kind>archive</kind>
         <file>rtsv7M4_T_le_eabi.lib</file>
         <name>_printfi.obj</name>
      </input_file>
      <input_file id="fl-d5">
         <path>E:\CCS\ccsv7\tools\compiler\ti-cgt-arm_16.9.6.LTS\lib\</path>
         <kind>archive</kind>
         <file>rtsv7M4_T_le_eabi.lib</file>
         <name>args_main.obj</name>
      </input_file>
      <input_file id="fl-d6">
         <path>E:\CCS\ccsv7\tools\compiler\ti-cgt-arm_16.9.6.LTS\lib\</path>
         <kind>archive</kind>
         <file>rtsv7M4_T_le_eabi.lib</file>
         <name>atoi.obj</name>
      </input_file>
      <input_file id="fl-d7">
         <path>E:\CCS\ccsv7\tools\compiler\ti-cgt-arm_16.9.6.LTS\lib\</path>
         <kind>archive</kind>
         <file>rtsv7M4_T_le_eabi.lib</file>
         <name>autoinit.obj</name>
      </input_file>
      <input_file id="fl-d8">
         <path>E:\CCS\ccsv7\tools\compiler\ti-cgt-arm_16.9.6.LTS\lib\</path>
         <kind>archive</kind>
         <file>rtsv7M4_T_le_eabi.lib</file>
         <name>cpy_tbl.obj</name>
      </input_file>
      <input_file id="fl-d9">
         <path>E:\CCS\ccsv7\tools\compiler\ti-cgt-arm_16.9.6.LTS\lib\</path>
         <kind>archive</kind>
         <file>rtsv7M4_T_le_eabi.lib</file>
         <name>ctype.obj</name>
      </input_file>
      <input_file id="fl-da">
         <path>E:\CCS\ccsv7\tools\compiler\ti-cgt-arm_16.9.6.LTS\lib\</path>
         <kind>archive</kind>
         <file>rtsv7M4_T_le_eabi.lib</file>
         <name>fd_add_t2.obj</name>
      </input_file>
      <input_file id="fl-db">
         <path>E:\CCS\ccsv7\tools\compiler\ti-cgt-arm_16.9.6.LTS\lib\</path>
         <kind>archive</kind>
         <file>rtsv7M4_T_le_eabi.lib</file>
         <name>fd_cmp_t2.obj</name>
      </input_file>
      <input_file id="fl-dc">
         <path>E:\CCS\ccsv7\tools\compiler\ti-cgt-arm_16.9.6.LTS\lib\</path>
         <kind>archive</kind>
         <file>rtsv7M4_T_le_eabi.lib</file>
         <name>fd_div_t2.obj</name>
      </input_file>
      <input_file id="fl-dd">
         <path>E:\CCS\ccsv7\tools\compiler\ti-cgt-arm_16.9.6.LTS\lib\</path>
         <kind>archive</kind>
         <file>rtsv7M4_T_le_eabi.lib</file>
         <name>fd_mul_t2.obj</name>
      </input_file>
      <input_file id="fl-de">
         <path>E:\CCS\ccsv7\tools\compiler\ti-cgt-arm_16.9.6.LTS\lib\</path>
         <kind>archive</kind>
         <file>rtsv7M4_T_le_eabi.lib</file>
         <name>fd_toi_t2.obj</name>
      </input_file>
      <input_file id="fl-df">
         <path>E:\CCS\ccsv7\tools\compiler\ti-cgt-arm_16.9.6.LTS\lib\</path>
         <kind>archive</kind>
         <file>rtsv7M4_T_le_eabi.lib</file>
         <name>i_tofd_t2.obj</name>
      </input_file>
      <input_file id="fl-e0">
         <path>E:\CCS\ccsv7\tools\compiler\ti-cgt-arm_16.9.6.LTS\lib\</path>
         <kind>archive</kind>
         <file>rtsv7M4_T_le_eabi.lib</file>
         <name>ltoa.obj</name>
      </input_file>
      <input_file id="fl-e1">
         <path>E:\CCS\ccsv7\tools\compiler\ti-cgt-arm_16.9.6.LTS\lib\</path>
         <kind>archive</kind>
         <file>rtsv7M4_T_le_eabi.lib</file>
         <name>memccpy.obj</name>
      </input_file>
      <input_file id="fl-e2">
         <path>E:\CCS\ccsv7\tools\compiler\ti-cgt-arm_16.9.6.LTS\lib\</path>
         <kind>archive</kind>
         <file>rtsv7M4_T_le_eabi.lib</file>
         <name>s_frexp.obj</name>
      </input_file>
      <input_file id="fl-e3">
         <path>E:\CCS\ccsv7\tools\compiler\ti-cgt-arm_16.9.6.LTS\lib\</path>
         <kind>archive</kind>
         <file>rtsv7M4_T_le_eabi.lib</file>
         <name>s_scalbn.obj</name>
      </input_file>
      <input_file id="fl-e4">
         <path>E:\CCS\ccsv7\tools\compiler\ti-cgt-arm_16.9.6.LTS\lib\</path>
         <kind>archive</kind>
         <file>rtsv7M4_T_le_eabi.lib</file>
         <name>startup.obj</name>
      </input_file>
      <input_file id="fl-e5">
         <path>E:\CCS\ccsv7\tools\compiler\ti-cgt-arm_16.9.6.LTS\lib\</path>
         <kind>archive</kind>
         <file>rtsv7M4_T_le_eabi.lib</file>
         <name>strchr.obj</name>
      </input_file>
      <input_file id="fl-e6">
         <path>E:\CCS\ccsv7\tools\compiler\ti-cgt-arm_16.9.6.LTS\lib\</path>
         <kind>archive</kind>
         <file>rtsv7M4_T_le_eabi.lib</file>
         <name>ull_div_t2.obj</name>
      </input_file>
      <input_file id="fl-e7">
         <path>E:\CCS\ccsv7\tools\compiler\ti-cgt-arm_16.9.6.LTS\lib\</path>
         <kind>archive</kind>
         <file>rtsv7M4_T_le_eabi.lib</file>
         <name>errno.obj</name>
      </input_file>
      <input_file id="fl-e8">
         <path>E:\CCS\ccsv7\tools\compiler\ti-cgt-arm_16.9.6.LTS\lib\</path>
         <kind>archive</kind>
         <file>rtsv7M4_T_le_eabi.lib</file>
         <name>s_copysign.obj</name>
      </input_file>
      <input_file id="fl-e9">
         <path>E:\TI\CC3200SDK_1.3.0\cc3200-sdk\driverlib\ccs\Release\</path>
         <kind>archive</kind>
         <file>driverlib.a</file>
         <name>gpio.obj</name>
      </input_file>
      <input_file id="fl-ea">
         <path>E:\TI\CC3200SDK_1.3.0\cc3200-sdk\driverlib\ccs\Release\</path>
         <kind>archive</kind>
         <file>driverlib.a</file>
         <name>i2c.obj</name>
      </input_file>
      <input_file id="fl-eb">
         <path>E:\TI\CC3200SDK_1.3.0\cc3200-sdk\driverlib\ccs\Release\</path>
         <kind>archive</kind>
         <file>driverlib.a</file>
         <name>interrupt.obj</name>
      </input_file>
      <input_file id="fl-ec">
         <path>E:\TI\CC3200SDK_1.3.0\cc3200-sdk\driverlib\ccs\Release\</path>
         <kind>archive</kind>
         <file>driverlib.a</file>
         <name>pin.obj</name>
      </input_file>
      <input_file id="fl-ed">
         <path>E:\TI\CC3200SDK_1.3.0\cc3200-sdk\driverlib\ccs\Release\</path>
         <kind>archive</kind>
         <file>driverlib.a</file>
         <name>prcm.obj</name>
      </input_file>
      <input_file id="fl-ee">
         <path>E:\TI\CC3200SDK_1.3.0\cc3200-sdk\driverlib\ccs\Release\</path>
         <kind>archive</kind>
         <file>driverlib.a</file>
         <name>spi.obj</name>
      </input_file>
      <input_file id="fl-ef">
         <path>E:\TI\CC3200SDK_1.3.0\cc3200-sdk\driverlib\ccs\Release\</path>
         <kind>archive</kind>
         <file>driverlib.a</file>
         <name>systick.obj</name>
      </input_file>
      <input_file id="fl-f0">
         <path>E:\TI\CC3200SDK_1.3.0\cc3200-sdk\driverlib\ccs\Release\</path>
         <kind>archive</kind>
         <file>driverlib.a</file>
         <name>timer.obj</name>
      </input_file>
      <input_file id="fl-f1">
         <path>E:\TI\CC3200SDK_1.3.0\cc3200-sdk\driverlib\ccs\Release\</path>
         <kind>archive</kind>
         <file>driverlib.a</file>
         <name>uart.obj</name>
      </input_file>
      <input_file id="fl-f2">
         <path>E:\TI\CC3200SDK_1.3.0\cc3200-sdk\driverlib\ccs\Release\</path>
         <kind>archive</kind>
         <file>driverlib.a</file>
         <name>utils.obj</name>
      </input_file>
      <input_file id="fl-f3">
         <path>E:\TI\CC3200SDK_1.3.0\cc3200-sdk\driverlib\ccs\Release\</path>
         <kind>archive</kind>
         <file>driverlib.a</file>
         <name>cpu.obj</name>
      </input_file>
      <input_file id="fl-f4">
         <path>E:\TI\CC3200SDK_1.3.0\cc3200-sdk\driverlib\ccs\Release\</path>
         <kind>archive</kind>
         <file>driverlib.a</file>
         <name>flash.obj</name>
      </input_file>
   </input_file_list>
   <object_component_list>
      <object_component id="oc-f">
         <name>.intvecs</name>
         <load_address>0x20004000</load_address>
         <run_address>0x20004000</run_address>
         <size>0x400</size>
         <input_file_ref idref="fl-7"/>
      </object_component>
      <object_component id="oc-d6">
         <name>.text</name>
         <load_address>0x20004400</load_address>
         <run_address>0x20004400</run_address>
         <size>0xfdc</size>
         <input_file_ref idref="fl-5"/>
      </object_component>
      <object_component id="oc-116">
         <name>.text</name>
         <load_address>0x200053dc</load_address>
         <run_address>0x200053dc</run_address>
         <size>0xa80</size>
         <input_file_ref idref="fl-2"/>
      </object_component>
      <object_component id="oc-110">
         <name>.text</name>
         <load_address>0x20005e5c</load_address>
         <run_address>0x20005e5c</run_address>
         <size>0x4b2</size>
         <input_file_ref idref="fl-3"/>
      </object_component>
      <object_component id="oc-5f">
         <name>.text</name>
         <load_address>0x2000630e</load_address>
         <run_address>0x2000630e</run_address>
         <size>0x2</size>
         <input_file_ref idref="fl-ce"/>
      </object_component>
      <object_component id="oc-33">
         <name>.text</name>
         <load_address>0x20006310</load_address>
         <run_address>0x20006310</run_address>
         <size>0x280</size>
         <input_file_ref idref="fl-8"/>
      </object_component>
      <object_component id="oc-12e">
         <name>.text:PRCMCC3200MCUInit</name>
         <load_address>0x20006590</load_address>
         <run_address>0x20006590</run_address>
         <size>0x178</size>
         <input_file_ref idref="fl-ed"/>
      </object_component>
      <object_component id="oc-1e0">
         <name>.text</name>
         <load_address>0x20006708</load_address>
         <run_address>0x20006708</run_address>
         <size>0x140</size>
         <input_file_ref idref="fl-6"/>
      </object_component>
      <object_component id="oc-27f">
         <name>.text:SPITransfer32</name>
         <load_address>0x20006848</load_address>
         <run_address>0x20006848</run_address>
         <size>0xd0</size>
         <input_file_ref idref="fl-ee"/>
      </object_component>
      <object_component id="oc-279">
         <name>.text:SPITransfer16</name>
         <load_address>0x20006918</load_address>
         <run_address>0x20006918</run_address>
         <size>0xce</size>
         <input_file_ref idref="fl-ee"/>
      </object_component>
      <object_component id="oc-273">
         <name>.text:SPITransfer8</name>
         <load_address>0x200069e6</load_address>
         <run_address>0x200069e6</run_address>
         <size>0xb8</size>
         <input_file_ref idref="fl-ee"/>
      </object_component>
      <object_component id="oc-ce">
         <name>.text</name>
         <load_address>0x20006a9e</load_address>
         <run_address>0x20006a9e</run_address>
         <size>0x2</size>
         <input_file_ref idref="fl-e4"/>
      </object_component>
      <object_component id="oc-128">
         <name>.text:IntEnable</name>
         <load_address>0x20006aa0</load_address>
         <run_address>0x20006aa0</run_address>
         <size>0xa8</size>
         <input_file_ref idref="fl-eb"/>
      </object_component>
      <object_component id="oc-1bc">
         <name>.text:SPIConfigSetExpClk</name>
         <load_address>0x20006b48</load_address>
         <run_address>0x20006b48</run_address>
         <size>0xa0</size>
         <input_file_ref idref="fl-ee"/>
      </object_component>
      <object_component id="oc-47">
         <name>.text</name>
         <load_address>0x20006be8</load_address>
         <run_address>0x20006be8</run_address>
         <size>0x9c</size>
         <input_file_ref idref="fl-ca"/>
      </object_component>
      <object_component id="oc-1b6">
         <name>.text:PRCMPeripheralClockGet</name>
         <load_address>0x20006c84</load_address>
         <run_address>0x20006c84</run_address>
         <size>0x94</size>
         <input_file_ref idref="fl-ed"/>
      </object_component>
      <object_component id="oc-327">
         <name>.text:PinConfigSet</name>
         <load_address>0x20006d18</load_address>
         <run_address>0x20006d18</run_address>
         <size>0x88</size>
         <input_file_ref idref="fl-ec"/>
      </object_component>
      <object_component id="oc-13a">
         <name>.text:SPITransfer</name>
         <load_address>0x20006da0</load_address>
         <run_address>0x20006da0</run_address>
         <size>0x88</size>
         <input_file_ref idref="fl-ee"/>
      </object_component>
      <object_component id="oc-53">
         <name>.text</name>
         <load_address>0x20006e28</load_address>
         <run_address>0x20006e28</run_address>
         <size>0x7a</size>
         <input_file_ref idref="fl-cd"/>
      </object_component>
      <object_component id="oc-1d4">
         <name>.text:UARTConfigSetExpClk</name>
         <load_address>0x20006ea2</load_address>
         <run_address>0x20006ea2</run_address>
         <size>0x76</size>
         <input_file_ref idref="fl-f1"/>
      </object_component>
      <object_component id="oc-1ce">
         <name>.text:TimerIntRegister</name>
         <load_address>0x20006f18</load_address>
         <run_address>0x20006f18</run_address>
         <size>0x70</size>
         <input_file_ref idref="fl-f0"/>
      </object_component>
      <object_component id="oc-6b">
         <name>.text</name>
         <load_address>0x20006f88</load_address>
         <run_address>0x20006f88</run_address>
         <size>0x70</size>
         <input_file_ref idref="fl-d7"/>
      </object_component>
      <object_component id="oc-12">
         <name>.text:decompress:lzss</name>
         <load_address>0x20006ff8</load_address>
         <run_address>0x20006ff8</run_address>
         <size>0x68</size>
         <input_file_ref idref="fl-c6"/>
      </object_component>
      <object_component id="oc-1aa">
         <name>.text:PRCMPeripheralReset</name>
         <load_address>0x20007060</load_address>
         <run_address>0x20007060</run_address>
         <size>0x58</size>
         <input_file_ref idref="fl-ed"/>
      </object_component>
      <object_component id="oc-77">
         <name>.text</name>
         <load_address>0x200070b8</load_address>
         <run_address>0x200070b8</run_address>
         <size>0x54</size>
         <input_file_ref idref="fl-c9"/>
      </object_component>
      <object_component id="oc-c8">
         <name>.text</name>
         <load_address>0x2000710c</load_address>
         <run_address>0x2000710c</run_address>
         <size>0x4c</size>
         <input_file_ref idref="fl-d8"/>
      </object_component>
      <object_component id="oc-1c8">
         <name>.text:TimerConfigure</name>
         <load_address>0x20007158</load_address>
         <run_address>0x20007158</run_address>
         <size>0x44</size>
         <input_file_ref idref="fl-f0"/>
      </object_component>
      <object_component id="oc-2c5">
         <name>.text:UARTIntNumberGet</name>
         <load_address>0x2000719c</load_address>
         <run_address>0x2000719c</run_address>
         <size>0x44</size>
         <input_file_ref idref="fl-f1"/>
      </object_component>
      <object_component id="oc-2cd">
         <name>.text:PinModeSet</name>
         <load_address>0x200071e0</load_address>
         <run_address>0x200071e0</run_address>
         <size>0x40</size>
         <input_file_ref idref="fl-ec"/>
      </object_component>
      <object_component id="oc-24">
         <name>.text</name>
         <load_address>0x20007220</load_address>
         <run_address>0x20007220</run_address>
         <size>0x40</size>
         <input_file_ref idref="fl-c5"/>
      </object_component>
      <object_component id="oc-1a4">
         <name>.text:PRCMPeripheralClkEnable</name>
         <load_address>0x20007260</load_address>
         <run_address>0x20007260</run_address>
         <size>0x3c</size>
         <input_file_ref idref="fl-ed"/>
      </object_component>
      <object_component id="oc-2d9">
         <name>.text:GPIODirModeSet</name>
         <load_address>0x2000729c</load_address>
         <run_address>0x2000729c</run_address>
         <size>0x36</size>
         <input_file_ref idref="fl-e9"/>
      </object_component>
      <object_component id="oc-2d3">
         <name>.text:PinTypeGPIO</name>
         <load_address>0x200072d2</load_address>
         <run_address>0x200072d2</run_address>
         <size>0x30</size>
         <input_file_ref idref="fl-ec"/>
      </object_component>
      <object_component id="oc-2be">
         <name>.text:UARTDisable</name>
         <load_address>0x20007304</load_address>
         <run_address>0x20007304</run_address>
         <size>0x30</size>
         <input_file_ref idref="fl-f1"/>
      </object_component>
      <object_component id="oc-259">
         <name>.text:PRCMSysResetCauseGet</name>
         <load_address>0x20007334</load_address>
         <run_address>0x20007334</run_address>
         <size>0x2c</size>
         <input_file_ref idref="fl-ed"/>
      </object_component>
      <object_component id="oc-16b">
         <name>.text:TimerLoadSet</name>
         <load_address>0x20007360</load_address>
         <run_address>0x20007360</run_address>
         <size>0x2a</size>
         <input_file_ref idref="fl-f0"/>
      </object_component>
      <object_component id="oc-26b">
         <name>.text:PRCMPeripheralClkDisable</name>
         <load_address>0x2000738c</load_address>
         <run_address>0x2000738c</run_address>
         <size>0x28</size>
         <input_file_ref idref="fl-ed"/>
      </object_component>
      <object_component id="oc-1f2">
         <name>.text:UARTEnable</name>
         <load_address>0x200073b4</load_address>
         <run_address>0x200073b4</run_address>
         <size>0x24</size>
         <input_file_ref idref="fl-f1"/>
      </object_component>
      <object_component id="oc-1b0">
         <name>.text:SPIReset</name>
         <load_address>0x200073d8</load_address>
         <run_address>0x200073d8</run_address>
         <size>0x22</size>
         <input_file_ref idref="fl-ee"/>
      </object_component>
      <object_component id="oc-134">
         <name>.text:GPIOPinWrite</name>
         <load_address>0x200073fa</load_address>
         <run_address>0x200073fa</run_address>
         <size>0x20</size>
         <input_file_ref idref="fl-e9"/>
      </object_component>
      <object_component id="oc-2b6">
         <name>.text:IntRegister</name>
         <load_address>0x2000741c</load_address>
         <run_address>0x2000741c</run_address>
         <size>0x20</size>
         <input_file_ref idref="fl-eb"/>
      </object_component>
      <object_component id="oc-237">
         <name>.text:SPIDataGet</name>
         <load_address>0x2000743c</load_address>
         <run_address>0x2000743c</run_address>
         <size>0x20</size>
         <input_file_ref idref="fl-ee"/>
      </object_component>
      <object_component id="oc-231">
         <name>.text:SPIDataPut</name>
         <load_address>0x2000745c</load_address>
         <run_address>0x2000745c</run_address>
         <size>0x1e</size>
         <input_file_ref idref="fl-ee"/>
      </object_component>
      <object_component id="oc-1f9">
         <name>.text:TimerDisable</name>
         <load_address>0x2000747a</load_address>
         <run_address>0x2000747a</run_address>
         <size>0x1e</size>
         <input_file_ref idref="fl-f0"/>
      </object_component>
      <object_component id="oc-177">
         <name>.text:TimerEnable</name>
         <load_address>0x20007498</load_address>
         <run_address>0x20007498</run_address>
         <size>0x1e</size>
         <input_file_ref idref="fl-f0"/>
      </object_component>
      <object_component id="oc-140">
         <name>.text:TimerIntStatus</name>
         <load_address>0x200074b6</load_address>
         <run_address>0x200074b6</run_address>
         <size>0x1e</size>
         <input_file_ref idref="fl-f0"/>
      </object_component>
      <object_component id="oc-15e">
         <name>.text:UARTCharPut</name>
         <load_address>0x200074d4</load_address>
         <run_address>0x200074d4</run_address>
         <size>0x1e</size>
         <input_file_ref idref="fl-f1"/>
      </object_component>
      <object_component id="oc-1da">
         <name>.text:UARTIntRegister</name>
         <load_address>0x200074f2</load_address>
         <run_address>0x200074f2</run_address>
         <size>0x1e</size>
         <input_file_ref idref="fl-f1"/>
      </object_component>
      <object_component id="oc-1e6">
         <name>.text:UARTIntStatus</name>
         <load_address>0x20007510</load_address>
         <run_address>0x20007510</run_address>
         <size>0x1e</size>
         <input_file_ref idref="fl-f1"/>
      </object_component>
      <object_component id="oc-2df">
         <name>.text:PinTypeSPI</name>
         <load_address>0x2000752e</load_address>
         <run_address>0x2000752e</run_address>
         <size>0x1a</size>
         <input_file_ref idref="fl-ec"/>
      </object_component>
      <object_component id="oc-2e5">
         <name>.text:PinTypeUART</name>
         <load_address>0x20007548</load_address>
         <run_address>0x20007548</run_address>
         <size>0x1a</size>
         <input_file_ref idref="fl-ec"/>
      </object_component>
      <object_component id="oc-23d">
         <name>.text:SPICSDisable</name>
         <load_address>0x20007562</load_address>
         <run_address>0x20007562</run_address>
         <size>0x18</size>
         <input_file_ref idref="fl-ee"/>
      </object_component>
      <object_component id="oc-22b">
         <name>.text:SPICSEnable</name>
         <load_address>0x2000757a</load_address>
         <run_address>0x2000757a</run_address>
         <size>0x18</size>
         <input_file_ref idref="fl-ee"/>
      </object_component>
      <object_component id="oc-1c2">
         <name>.text:SPIEnable</name>
         <load_address>0x20007592</load_address>
         <run_address>0x20007592</run_address>
         <size>0x18</size>
         <input_file_ref idref="fl-ee"/>
      </object_component>
      <object_component id="oc-8c">
         <name>.text:SysTickPeriodSet</name>
         <load_address>0x200075ac</load_address>
         <run_address>0x200075ac</run_address>
         <size>0x18</size>
         <input_file_ref idref="fl-ef"/>
      </object_component>
      <object_component id="oc-1ff">
         <name>.text:TimerIntDisable</name>
         <load_address>0x200075c4</load_address>
         <run_address>0x200075c4</run_address>
         <size>0x18</size>
         <input_file_ref idref="fl-f0"/>
      </object_component>
      <object_component id="oc-171">
         <name>.text:TimerIntEnable</name>
         <load_address>0x200075dc</load_address>
         <run_address>0x200075dc</run_address>
         <size>0x18</size>
         <input_file_ref idref="fl-f0"/>
      </object_component>
      <object_component id="oc-14c">
         <name>.text:UARTDMADisable</name>
         <load_address>0x200075f4</load_address>
         <run_address>0x200075f4</run_address>
         <size>0x18</size>
         <input_file_ref idref="fl-f1"/>
      </object_component>
      <object_component id="oc-1ec">
         <name>.text:UARTIntEnable</name>
         <load_address>0x2000760c</load_address>
         <run_address>0x2000760c</run_address>
         <size>0x18</size>
         <input_file_ref idref="fl-f1"/>
      </object_component>
      <object_component id="oc-71">
         <name>.text</name>
         <load_address>0x20007624</load_address>
         <run_address>0x20007624</run_address>
         <size>0x18</size>
         <input_file_ref idref="fl-d5"/>
      </object_component>
      <object_component id="oc-25f">
         <name>.text:PRCMHIBRegRead</name>
         <load_address>0x2000763c</load_address>
         <run_address>0x2000763c</run_address>
         <size>0x16</size>
         <input_file_ref idref="fl-ed"/>
      </object_component>
      <object_component id="oc-265">
         <name>.text:PRCMHIBRegWrite</name>
         <load_address>0x20007652</load_address>
         <run_address>0x20007652</run_address>
         <size>0x16</size>
         <input_file_ref idref="fl-ed"/>
      </object_component>
      <object_component id="oc-158">
         <name>.text:UARTCharGet</name>
         <load_address>0x20007668</load_address>
         <run_address>0x20007668</run_address>
         <size>0x16</size>
         <input_file_ref idref="fl-f1"/>
      </object_component>
      <object_component id="oc-24e">
         <name>.text:CPUcpsie</name>
         <load_address>0x2000767e</load_address>
         <run_address>0x2000767e</run_address>
         <size>0x14</size>
         <input_file_ref idref="fl-f3"/>
      </object_component>
      <object_component id="oc-11c">
         <name>.text:IntVTableBaseSet</name>
         <load_address>0x20007694</load_address>
         <run_address>0x20007694</run_address>
         <size>0x14</size>
         <input_file_ref idref="fl-eb"/>
      </object_component>
      <object_component id="oc-213">
         <name>.text</name>
         <load_address>0x200076a8</load_address>
         <run_address>0x200076a8</run_address>
         <size>0x14</size>
         <input_file_ref idref="fl-d3"/>
      </object_component>
      <object_component id="oc-146">
         <name>.text:TimerIntClear</name>
         <load_address>0x200076bc</load_address>
         <run_address>0x200076bc</run_address>
         <size>0x12</size>
         <input_file_ref idref="fl-f0"/>
      </object_component>
      <object_component id="oc-152">
         <name>.text:UARTIntClear</name>
         <load_address>0x200076ce</load_address>
         <run_address>0x200076ce</run_address>
         <size>0x12</size>
         <input_file_ref idref="fl-f1"/>
      </object_component>
      <object_component id="oc-92">
         <name>.text:SysTickEnable</name>
         <load_address>0x200076e0</load_address>
         <run_address>0x200076e0</run_address>
         <size>0x10</size>
         <input_file_ref idref="fl-ef"/>
      </object_component>
      <object_component id="oc-86">
         <name>.text:SysTickIntEnable</name>
         <load_address>0x200076f0</load_address>
         <run_address>0x200076f0</run_address>
         <size>0x10</size>
         <input_file_ref idref="fl-ef"/>
      </object_component>
      <object_component id="oc-18">
         <name>.text:decompress:none</name>
         <load_address>0x20007700</load_address>
         <run_address>0x20007700</run_address>
         <size>0xe</size>
         <input_file_ref idref="fl-c7"/>
      </object_component>
      <object_component id="oc-2d">
         <name>.text</name>
         <load_address>0x2000770e</load_address>
         <run_address>0x2000770e</run_address>
         <size>0xe</size>
         <input_file_ref idref="fl-7"/>
      </object_component>
      <object_component id="oc-98">
         <name>.text:SysTickValueGet</name>
         <load_address>0x2000771c</load_address>
         <run_address>0x2000771c</run_address>
         <size>0xc</size>
         <input_file_ref idref="fl-ef"/>
      </object_component>
      <object_component id="oc-1e">
         <name>.text:decompress:ZI</name>
         <load_address>0x20007728</load_address>
         <run_address>0x20007728</run_address>
         <size>0xc</size>
         <input_file_ref idref="fl-c8"/>
      </object_component>
      <object_component id="oc-122">
         <name>.text:IntMasterEnable</name>
         <load_address>0x20007734</load_address>
         <run_address>0x20007734</run_address>
         <size>0xa</size>
         <input_file_ref idref="fl-eb"/>
      </object_component>
      <object_component id="oc-9e">
         <name>.text:SysCtlDelay</name>
         <load_address>0x2000773e</load_address>
         <run_address>0x2000773e</run_address>
         <size>0x6</size>
         <input_file_ref idref="fl-8"/>
      </object_component>
      <object_component id="oc-307">
         <name>.text:UtilsDelay</name>
         <load_address>0x20007744</load_address>
         <run_address>0x20007744</run_address>
         <size>0x6</size>
         <input_file_ref idref="fl-f2"/>
      </object_component>
      <object_component id="oc-65">
         <name>.text</name>
         <load_address>0x2000774a</load_address>
         <run_address>0x2000774a</run_address>
         <size>0x4</size>
         <input_file_ref idref="fl-cf"/>
      </object_component>
      <object_component id="oc-245">
         <name>.const:.string:font</name>
         <load_address>0x20007750</load_address>
         <run_address>0x20007750</run_address>
         <size>0x4fb</size>
         <input_file_ref idref="fl-2"/>
      </object_component>
      <object_component id="oc-323">
         <name>.const:g_ulPinToPadMap</name>
         <load_address>0x20007c4c</load_address>
         <run_address>0x20007c4c</run_address>
         <size>0x100</size>
         <input_file_ref idref="fl-ec"/>
      </object_component>
      <object_component id="oc-2ab">
         <name>.const:PRCM_PeriphRegsList</name>
         <load_address>0x20007d4c</load_address>
         <run_address>0x20007d4c</run_address>
         <size>0xa8</size>
         <input_file_ref idref="fl-ed"/>
      </object_component>
      <object_component id="oc-255">
         <name>.const</name>
         <load_address>0x20007df4</load_address>
         <run_address>0x20007df4</run_address>
         <size>0x80</size>
         <input_file_ref idref="fl-eb"/>
      </object_component>
      <object_component id="oc-31d">
         <name>.const</name>
         <load_address>0x20007e74</load_address>
         <run_address>0x20007e74</run_address>
         <size>0x10</size>
         <input_file_ref idref="fl-f1"/>
      </object_component>
      <object_component id="oc-294">
         <name>.const:.string</name>
         <load_address>0x20007e84</load_address>
         <run_address>0x20007e84</run_address>
         <size>0x2</size>
         <input_file_ref idref="fl-5"/>
      </object_component>
      <object_component id="oc-35c">
         <name>.cinit..data.load</name>
         <load_address>0x20007e88</load_address>
         <run_address>0x20007e88</run_address>
         <size>0xad</size>
      </object_component>
      <object_component id="oc-35a">
         <name>__TI_handler_table</name>
         <load_address>0x20007f38</load_address>
         <run_address>0x20007f38</run_address>
         <size>0xc</size>
      </object_component>
      <object_component id="oc-35d">
         <name>.cinit..bss.load</name>
         <load_address>0x20007f48</load_address>
         <run_address>0x20007f48</run_address>
         <size>0x8</size>
      </object_component>
      <object_component id="oc-35b">
         <name>__TI_cinit_table</name>
         <load_address>0x20007f50</load_address>
         <run_address>0x20007f50</run_address>
         <size>0x10</size>
      </object_component>
      <object_component id="oc-248">
         <name>.data</name>
         <load_address>0x2001f6d8</load_address>
         <run_address>0x2001f6d8</run_address>
         <size>0x15</size>
         <input_file_ref idref="fl-2"/>
      </object_component>
      <object_component id="oc-183">
         <name>.data</name>
         <load_address>0x2001f694</load_address>
         <run_address>0x2001f694</run_address>
         <size>0x28</size>
         <input_file_ref idref="fl-5"/>
      </object_component>
      <object_component id="oc-206">
         <name>.data:coeff_array</name>
         <load_address>0x2001f6bc</load_address>
         <run_address>0x2001f6bc</run_address>
         <size>0x1c</size>
         <input_file_ref idref="fl-5"/>
      </object_component>
      <object_component id="oc-1a1">
         <name>.data:button0</name>
         <load_address>0x2001f6ed</load_address>
         <run_address>0x2001f6ed</run_address>
         <size>0x3</size>
         <input_file_ref idref="fl-5"/>
      </object_component>
      <object_component id="oc-186">
         <name>.data:button1</name>
         <load_address>0x2001f758</load_address>
         <run_address>0x2001f758</run_address>
         <size>0x2</size>
         <input_file_ref idref="fl-5"/>
      </object_component>
      <object_component id="oc-189">
         <name>.data:button2</name>
         <load_address>0x2001f724</load_address>
         <run_address>0x2001f724</run_address>
         <size>0x8</size>
         <input_file_ref idref="fl-5"/>
      </object_component>
      <object_component id="oc-18c">
         <name>.data:button3</name>
         <load_address>0x2001f72c</load_address>
         <run_address>0x2001f72c</run_address>
         <size>0x8</size>
         <input_file_ref idref="fl-5"/>
      </object_component>
      <object_component id="oc-18f">
         <name>.data:button4</name>
         <load_address>0x2001f734</load_address>
         <run_address>0x2001f734</run_address>
         <size>0x8</size>
         <input_file_ref idref="fl-5"/>
      </object_component>
      <object_component id="oc-192">
         <name>.data:button5</name>
         <load_address>0x2001f73c</load_address>
         <run_address>0x2001f73c</run_address>
         <size>0x8</size>
         <input_file_ref idref="fl-5"/>
      </object_component>
      <object_component id="oc-195">
         <name>.data:button6</name>
         <load_address>0x2001f744</load_address>
         <run_address>0x2001f744</run_address>
         <size>0x8</size>
         <input_file_ref idref="fl-5"/>
      </object_component>
      <object_component id="oc-198">
         <name>.data:button7</name>
         <load_address>0x2001f708</load_address>
         <run_address>0x2001f708</run_address>
         <size>0xa</size>
         <input_file_ref idref="fl-5"/>
      </object_component>
      <object_component id="oc-19b">
         <name>.data:button8</name>
         <load_address>0x2001f74c</load_address>
         <run_address>0x2001f74c</run_address>
         <size>0x8</size>
         <input_file_ref idref="fl-5"/>
      </object_component>
      <object_component id="oc-19e">
         <name>.data:button9</name>
         <load_address>0x2001f712</load_address>
         <run_address>0x2001f712</run_address>
         <size>0xa</size>
         <input_file_ref idref="fl-5"/>
      </object_component>
      <object_component id="oc-9f">
         <name>.data</name>
         <load_address>0x2001f6fc</load_address>
         <run_address>0x2001f6fc</run_address>
         <size>0xc</size>
         <input_file_ref idref="fl-8"/>
      </object_component>
      <object_component id="oc-de">
         <name>.data:$O1$$</name>
         <load_address>0x2001f6f0</load_address>
         <run_address>0x2001f6f0</run_address>
         <size>0xc</size>
         <input_file_ref idref="fl-c9"/>
      </object_component>
      <object_component id="oc-7d">
         <name>.data</name>
         <load_address>0x2001f754</load_address>
         <run_address>0x2001f754</run_address>
         <size>0x4</size>
         <input_file_ref idref="fl-d0"/>
      </object_component>
      <object_component id="oc-e1">
         <name>.data:$O1$$</name>
         <load_address>0x2001f71c</load_address>
         <run_address>0x2001f71c</run_address>
         <size>0x8</size>
         <input_file_ref idref="fl-d3"/>
      </object_component>
      <object_component id="oc-17e">
         <name>.bss</name>
         <uninitialized>true</uninitialized>
         <run_address>0x2001f68e</run_address>
         <size>0x1</size>
         <input_file_ref idref="fl-5"/>
      </object_component>
      <object_component id="oc-a2">
         <name>.bss</name>
         <uninitialized>true</uninitialized>
         <run_address>0x2001f670</run_address>
         <size>0x10</size>
         <input_file_ref idref="fl-8"/>
      </object_component>
      <object_component id="oc-205">
         <name>.common:power_all</name>
         <uninitialized>true</uninitialized>
         <run_address>0x2001f640</run_address>
         <size>0x1c</size>
      </object_component>
      <object_component id="oc-167">
         <name>.common:isSampling</name>
         <uninitialized>true</uninitialized>
         <run_address>0x2001f692</run_address>
         <size>0x1</size>
      </object_component>
      <object_component id="oc-168">
         <name>.common:isProcessing</name>
         <uninitialized>true</uninitialized>
         <run_address>0x2001f691</run_address>
         <size>0x1</size>
      </object_component>
      <object_component id="oc-16a">
         <name>.common:isNewChar</name>
         <uninitialized>true</uninitialized>
         <run_address>0x2001f690</run_address>
         <size>0x1</size>
      </object_component>
      <object_component id="oc-164">
         <name>.common:sample_num</name>
         <uninitialized>true</uninitialized>
         <run_address>0x2001f68c</run_address>
         <size>0x2</size>
      </object_component>
      <object_component id="oc-1f8">
         <name>.common:sample_buffer</name>
         <uninitialized>true</uninitialized>
         <run_address>0x2001f000</run_address>
         <size>0x640</size>
      </object_component>
      <object_component id="oc-17d">
         <name>.common:bottom_x</name>
         <uninitialized>true</uninitialized>
         <run_address>0x2001f680</run_address>
         <size>0x4</size>
      </object_component>
      <object_component id="oc-169">
         <name>.common:bottom_y</name>
         <uninitialized>true</uninitialized>
         <run_address>0x2001f684</run_address>
         <size>0x4</size>
      </object_component>
      <object_component id="oc-182">
         <name>.common:textbuffer</name>
         <uninitialized>true</uninitialized>
         <run_address>0x2001f65c</run_address>
         <size>0x14</size>
      </object_component>
      <object_component id="oc-181">
         <name>.common:bufferLength</name>
         <uninitialized>true</uninitialized>
         <run_address>0x2001f68f</run_address>
         <size>0x1</size>
      </object_component>
      <object_component id="oc-a5">
         <name>.common:g_ulClockRate</name>
         <uninitialized>true</uninitialized>
         <run_address>0x2001f688</run_address>
         <size>0x4</size>
      </object_component>
      <object_component id="oc-2a">
         <name>.sysmem</name>
         <uninitialized>true</uninitialized>
         <run_address>0x20017000</run_address>
         <size>0x8</size>
         <input_file_ref idref="fl-cc"/>
      </object_component>
      <object_component id="oc-35f">
         <name>.sysmem</name>
         <uninitialized>true</uninitialized>
         <run_address>0x20017000</run_address>
         <size>0x0</size>
      </object_component>
      <object_component id="oc-29">
         <name>.stack</name>
         <uninitialized>true</uninitialized>
         <run_address>0x2002f000</run_address>
         <size>0x0</size>
         <input_file_ref idref="fl-c5"/>
      </object_component>
      <object_component id="oc-35e">
         <name>.stack</name>
         <uninitialized>true</uninitialized>
         <run_address>0x2002f000</run_address>
         <size>0x0</size>
      </object_component>
      <object_component id="oc-24c">
         <name>.debug_info</name>
         <load_address>0x0</load_address>
         <run_address>0x0</run_address>
         <size>0x21e</size>
         <input_file_ref idref="fl-2"/>
      </object_component>
      <object_component id="oc-246">
         <name>.debug_info</name>
         <load_address>0x21e</load_address>
         <run_address>0x21e</run_address>
         <size>0xb7</size>
         <input_file_ref idref="fl-2"/>
      </object_component>
      <object_component id="oc-249">
         <name>.debug_info</name>
         <load_address>0x2d5</load_address>
         <run_address>0x2d5</run_address>
         <size>0x165</size>
         <input_file_ref idref="fl-2"/>
      </object_component>
      <object_component id="oc-117">
         <name>.debug_info</name>
         <load_address>0x43a</load_address>
         <run_address>0x43a</run_address>
         <size>0x14c1</size>
         <input_file_ref idref="fl-2"/>
      </object_component>
      <object_component id="oc-42">
         <name>.debug_info</name>
         <load_address>0x18fb</load_address>
         <run_address>0x18fb</run_address>
         <size>0x84</size>
         <input_file_ref idref="fl-2"/>
      </object_component>
      <object_component id="oc-244">
         <name>.debug_info</name>
         <load_address>0x197f</load_address>
         <run_address>0x197f</run_address>
         <size>0x200</size>
         <input_file_ref idref="fl-3"/>
      </object_component>
      <object_component id="oc-111">
         <name>.debug_info</name>
         <load_address>0x1b7f</load_address>
         <run_address>0x1b7f</run_address>
         <size>0xe5e</size>
         <input_file_ref idref="fl-3"/>
      </object_component>
      <object_component id="oc-314">
         <name>.debug_info</name>
         <load_address>0x29dd</load_address>
         <run_address>0x29dd</run_address>
         <size>0x62</size>
         <input_file_ref idref="fl-3"/>
      </object_component>
      <object_component id="oc-a9">
         <name>.debug_info</name>
         <load_address>0x2a3f</load_address>
         <run_address>0x2a3f</run_address>
         <size>0x2c</size>
         <input_file_ref idref="fl-3"/>
      </object_component>
      <object_component id="oc-bf">
         <name>.debug_info</name>
         <load_address>0x2a6b</load_address>
         <run_address>0x2a6b</run_address>
         <size>0x2c</size>
         <input_file_ref idref="fl-3"/>
      </object_component>
      <object_component id="oc-165">
         <name>.debug_info</name>
         <load_address>0x2a97</load_address>
         <run_address>0x2a97</run_address>
         <size>0xcb4</size>
         <input_file_ref idref="fl-5"/>
      </object_component>
      <object_component id="oc-184">
         <name>.debug_info</name>
         <load_address>0x374b</load_address>
         <run_address>0x374b</run_address>
         <size>0x1dd</size>
         <input_file_ref idref="fl-5"/>
      </object_component>
      <object_component id="oc-17f">
         <name>.debug_info</name>
         <load_address>0x3928</load_address>
         <run_address>0x3928</run_address>
         <size>0xb5</size>
         <input_file_ref idref="fl-5"/>
      </object_component>
      <object_component id="oc-207">
         <name>.debug_info</name>
         <load_address>0x39dd</load_address>
         <run_address>0x39dd</run_address>
         <size>0xbe</size>
         <input_file_ref idref="fl-5"/>
      </object_component>
      <object_component id="oc-1a2">
         <name>.debug_info</name>
         <load_address>0x3a9b</load_address>
         <run_address>0x3a9b</run_address>
         <size>0xb6</size>
         <input_file_ref idref="fl-5"/>
      </object_component>
      <object_component id="oc-187">
         <name>.debug_info</name>
         <load_address>0x3b51</load_address>
         <run_address>0x3b51</run_address>
         <size>0xb6</size>
         <input_file_ref idref="fl-5"/>
      </object_component>
      <object_component id="oc-18a">
         <name>.debug_info</name>
         <load_address>0x3c07</load_address>
         <run_address>0x3c07</run_address>
         <size>0xb6</size>
         <input_file_ref idref="fl-5"/>
      </object_component>
      <object_component id="oc-18d">
         <name>.debug_info</name>
         <load_address>0x3cbd</load_address>
         <run_address>0x3cbd</run_address>
         <size>0xb6</size>
         <input_file_ref idref="fl-5"/>
      </object_component>
      <object_component id="oc-190">
         <name>.debug_info</name>
         <load_address>0x3d73</load_address>
         <run_address>0x3d73</run_address>
         <size>0xb6</size>
         <input_file_ref idref="fl-5"/>
      </object_component>
      <object_component id="oc-193">
         <name>.debug_info</name>
         <load_address>0x3e29</load_address>
         <run_address>0x3e29</run_address>
         <size>0xb6</size>
         <input_file_ref idref="fl-5"/>
      </object_component>
      <object_component id="oc-196">
         <name>.debug_info</name>
         <load_address>0x3edf</load_address>
         <run_address>0x3edf</run_address>
         <size>0xb6</size>
         <input_file_ref idref="fl-5"/>
      </object_component>
      <object_component id="oc-199">
         <name>.debug_info</name>
         <load_address>0x3f95</load_address>
         <run_address>0x3f95</run_address>
         <size>0xb6</size>
         <input_file_ref idref="fl-5"/>
      </object_component>
      <object_component id="oc-19c">
         <name>.debug_info</name>
         <load_address>0x404b</load_address>
         <run_address>0x404b</run_address>
         <size>0xb6</size>
         <input_file_ref idref="fl-5"/>
      </object_component>
      <object_component id="oc-19f">
         <name>.debug_info</name>
         <load_address>0x4101</load_address>
         <run_address>0x4101</run_address>
         <size>0xb6</size>
         <input_file_ref idref="fl-5"/>
      </object_component>
      <object_component id="oc-d7">
         <name>.debug_info</name>
         <load_address>0x41b7</load_address>
         <run_address>0x41b7</run_address>
         <size>0x1bdf</size>
         <input_file_ref idref="fl-5"/>
      </object_component>
      <object_component id="oc-1e1">
         <name>.debug_info</name>
         <load_address>0x5d96</load_address>
         <run_address>0x5d96</run_address>
         <size>0x3b9</size>
         <input_file_ref idref="fl-6"/>
      </object_component>
      <object_component id="oc-3b">
         <name>.debug_info</name>
         <load_address>0x614f</load_address>
         <run_address>0x614f</run_address>
         <size>0x16c</size>
         <input_file_ref idref="fl-7"/>
      </object_component>
      <object_component id="oc-10">
         <name>.debug_info</name>
         <load_address>0x62bb</load_address>
         <run_address>0x62bb</run_address>
         <size>0xc7</size>
         <input_file_ref idref="fl-7"/>
      </object_component>
      <object_component id="oc-2e">
         <name>.debug_info</name>
         <load_address>0x6382</load_address>
         <run_address>0x6382</run_address>
         <size>0x228</size>
         <input_file_ref idref="fl-7"/>
      </object_component>
      <object_component id="oc-a6">
         <name>.debug_info</name>
         <load_address>0x65aa</load_address>
         <run_address>0x65aa</run_address>
         <size>0x247</size>
         <input_file_ref idref="fl-8"/>
      </object_component>
      <object_component id="oc-a0">
         <name>.debug_info</name>
         <load_address>0x67f1</load_address>
         <run_address>0x67f1</run_address>
         <size>0x123</size>
         <input_file_ref idref="fl-8"/>
      </object_component>
      <object_component id="oc-a3">
         <name>.debug_info</name>
         <load_address>0x6914</load_address>
         <run_address>0x6914</run_address>
         <size>0x12f</size>
         <input_file_ref idref="fl-8"/>
      </object_component>
      <object_component id="oc-34">
         <name>.debug_info</name>
         <load_address>0x6a43</load_address>
         <run_address>0x6a43</run_address>
         <size>0x641</size>
         <input_file_ref idref="fl-8"/>
      </object_component>
      <object_component id="oc-25">
         <name>.debug_info</name>
         <load_address>0x7084</load_address>
         <run_address>0x7084</run_address>
         <size>0x160</size>
         <input_file_ref idref="fl-c5"/>
      </object_component>
      <object_component id="oc-b5">
         <name>.debug_info</name>
         <load_address>0x71e4</load_address>
         <run_address>0x71e4</run_address>
         <size>0x165</size>
         <input_file_ref idref="fl-c6"/>
      </object_component>
      <object_component id="oc-16">
         <name>.debug_info</name>
         <load_address>0x7349</load_address>
         <run_address>0x7349</run_address>
         <size>0x245</size>
         <input_file_ref idref="fl-c6"/>
      </object_component>
      <object_component id="oc-3d">
         <name>.debug_info</name>
         <load_address>0x758e</load_address>
         <run_address>0x758e</run_address>
         <size>0x60</size>
         <input_file_ref idref="fl-c6"/>
      </object_component>
      <object_component id="oc-b0">
         <name>.debug_info</name>
         <load_address>0x75ee</load_address>
         <run_address>0x75ee</run_address>
         <size>0x46</size>
         <input_file_ref idref="fl-c6"/>
      </object_component>
      <object_component id="oc-52">
         <name>.debug_info</name>
         <load_address>0x7634</load_address>
         <run_address>0x7634</run_address>
         <size>0x1ac</size>
         <input_file_ref idref="fl-c7"/>
      </object_component>
      <object_component id="oc-1b">
         <name>.debug_info</name>
         <load_address>0x77e0</load_address>
         <run_address>0x77e0</run_address>
         <size>0x1df</size>
         <input_file_ref idref="fl-c7"/>
      </object_component>
      <object_component id="oc-4d">
         <name>.debug_info</name>
         <load_address>0x79bf</load_address>
         <run_address>0x79bf</run_address>
         <size>0x46</size>
         <input_file_ref idref="fl-c7"/>
      </object_component>
      <object_component id="oc-b7">
         <name>.debug_info</name>
         <load_address>0x7a05</load_address>
         <run_address>0x7a05</run_address>
         <size>0x2c</size>
         <input_file_ref idref="fl-c7"/>
      </object_component>
      <object_component id="oc-5e">
         <name>.debug_info</name>
         <load_address>0x7a31</load_address>
         <run_address>0x7a31</run_address>
         <size>0x19b</size>
         <input_file_ref idref="fl-c8"/>
      </object_component>
      <object_component id="oc-1f">
         <name>.debug_info</name>
         <load_address>0x7bcc</load_address>
         <run_address>0x7bcc</run_address>
         <size>0x1aa</size>
         <input_file_ref idref="fl-c8"/>
      </object_component>
      <object_component id="oc-59">
         <name>.debug_info</name>
         <load_address>0x7d76</load_address>
         <run_address>0x7d76</run_address>
         <size>0x46</size>
         <input_file_ref idref="fl-c8"/>
      </object_component>
      <object_component id="oc-e5">
         <name>.debug_info</name>
         <load_address>0x7dbc</load_address>
         <run_address>0x7dbc</run_address>
         <size>0x2a0</size>
         <input_file_ref idref="fl-c9"/>
      </object_component>
      <object_component id="oc-df">
         <name>.debug_info</name>
         <load_address>0x805c</load_address>
         <run_address>0x805c</run_address>
         <size>0x185</size>
         <input_file_ref idref="fl-c9"/>
      </object_component>
      <object_component id="oc-79">
         <name>.debug_info</name>
         <load_address>0x81e1</load_address>
         <run_address>0x81e1</run_address>
         <size>0x214</size>
         <input_file_ref idref="fl-c9"/>
      </object_component>
      <object_component id="oc-49">
         <name>.debug_info</name>
         <load_address>0x83f5</load_address>
         <run_address>0x83f5</run_address>
         <size>0x111</size>
         <input_file_ref idref="fl-ca"/>
      </object_component>
      <object_component id="oc-83">
         <name>.debug_info</name>
         <load_address>0x8506</load_address>
         <run_address>0x8506</run_address>
         <size>0x28e</size>
         <input_file_ref idref="fl-cc"/>
      </object_component>
      <object_component id="oc-2b">
         <name>.debug_info</name>
         <load_address>0x8794</load_address>
         <run_address>0x8794</run_address>
         <size>0x101</size>
         <input_file_ref idref="fl-cc"/>
      </object_component>
      <object_component id="oc-eb">
         <name>.debug_info</name>
         <load_address>0x8895</load_address>
         <run_address>0x8895</run_address>
         <size>0x2c</size>
         <input_file_ref idref="fl-cc"/>
      </object_component>
      <object_component id="oc-f0">
         <name>.debug_info</name>
         <load_address>0x88c1</load_address>
         <run_address>0x88c1</run_address>
         <size>0x62</size>
         <input_file_ref idref="fl-cc"/>
      </object_component>
      <object_component id="oc-54">
         <name>.debug_info</name>
         <load_address>0x8923</load_address>
         <run_address>0x8923</run_address>
         <size>0x13f</size>
         <input_file_ref idref="fl-cd"/>
      </object_component>
      <object_component id="oc-60">
         <name>.debug_info</name>
         <load_address>0x8a62</load_address>
         <run_address>0x8a62</run_address>
         <size>0x138</size>
         <input_file_ref idref="fl-ce"/>
      </object_component>
      <object_component id="oc-66">
         <name>.debug_info</name>
         <load_address>0x8b9a</load_address>
         <run_address>0x8b9a</run_address>
         <size>0x148</size>
         <input_file_ref idref="fl-cf"/>
      </object_component>
      <object_component id="oc-7e">
         <name>.debug_info</name>
         <load_address>0x8ce2</load_address>
         <run_address>0x8ce2</run_address>
         <size>0x109</size>
         <input_file_ref idref="fl-d0"/>
      </object_component>
      <object_component id="oc-21b">
         <name>.debug_info</name>
         <load_address>0x8deb</load_address>
         <run_address>0x8deb</run_address>
         <size>0x190</size>
         <input_file_ref idref="fl-d3"/>
      </object_component>
      <object_component id="oc-e2">
         <name>.debug_info</name>
         <load_address>0x8f7b</load_address>
         <run_address>0x8f7b</run_address>
         <size>0x113</size>
         <input_file_ref idref="fl-d3"/>
      </object_component>
      <object_component id="oc-214">
         <name>.debug_info</name>
         <load_address>0x908e</load_address>
         <run_address>0x908e</run_address>
         <size>0x21f</size>
         <input_file_ref idref="fl-d3"/>
      </object_component>
      <object_component id="oc-dd">
         <name>.debug_info</name>
         <load_address>0x92ad</load_address>
         <run_address>0x92ad</run_address>
         <size>0x1d2</size>
         <input_file_ref idref="fl-d5"/>
      </object_component>
      <object_component id="oc-72">
         <name>.debug_info</name>
         <load_address>0x947f</load_address>
         <run_address>0x947f</run_address>
         <size>0x167</size>
         <input_file_ref idref="fl-d5"/>
      </object_component>
      <object_component id="oc-20c">
         <name>.debug_info</name>
         <load_address>0x95e6</load_address>
         <run_address>0x95e6</run_address>
         <size>0x5e</size>
         <input_file_ref idref="fl-d5"/>
      </object_component>
      <object_component id="oc-d5">
         <name>.debug_info</name>
         <load_address>0x9644</load_address>
         <run_address>0x9644</run_address>
         <size>0x355</size>
         <input_file_ref idref="fl-d7"/>
      </object_component>
      <object_component id="oc-6c">
         <name>.debug_info</name>
         <load_address>0x9999</load_address>
         <run_address>0x9999</run_address>
         <size>0x190</size>
         <input_file_ref idref="fl-d7"/>
      </object_component>
      <object_component id="oc-106">
         <name>.debug_info</name>
         <load_address>0x9b29</load_address>
         <run_address>0x9b29</run_address>
         <size>0x39</size>
         <input_file_ref idref="fl-d7"/>
      </object_component>
      <object_component id="oc-226">
         <name>.debug_info</name>
         <load_address>0x9b62</load_address>
         <run_address>0x9b62</run_address>
         <size>0x39</size>
         <input_file_ref idref="fl-d7"/>
      </object_component>
      <object_component id="oc-10b">
         <name>.debug_info</name>
         <load_address>0x9b9b</load_address>
         <run_address>0x9b9b</run_address>
         <size>0xcd</size>
         <input_file_ref idref="fl-d7"/>
      </object_component>
      <object_component id="oc-102">
         <name>.debug_info</name>
         <load_address>0x9c68</load_address>
         <run_address>0x9c68</run_address>
         <size>0x24c</size>
         <input_file_ref idref="fl-d8"/>
      </object_component>
      <object_component id="oc-c9">
         <name>.debug_info</name>
         <load_address>0x9eb4</load_address>
         <run_address>0x9eb4</run_address>
         <size>0x183</size>
         <input_file_ref idref="fl-d8"/>
      </object_component>
      <object_component id="oc-221">
         <name>.debug_info</name>
         <load_address>0xa037</load_address>
         <run_address>0xa037</run_address>
         <size>0x2c</size>
         <input_file_ref idref="fl-d8"/>
      </object_component>
      <object_component id="oc-d0">
         <name>.debug_info</name>
         <load_address>0xa063</load_address>
         <run_address>0xa063</run_address>
         <size>0x145</size>
         <input_file_ref idref="fl-e4"/>
      </object_component>
      <object_component id="oc-2da">
         <name>.debug_info</name>
         <load_address>0xa1a8</load_address>
         <run_address>0xa1a8</run_address>
         <size>0x1e9</size>
         <input_file_ref idref="fl-e9"/>
      </object_component>
      <object_component id="oc-135">
         <name>.debug_info</name>
         <load_address>0xa391</load_address>
         <run_address>0xa391</run_address>
         <size>0x1e0</size>
         <input_file_ref idref="fl-e9"/>
      </object_component>
      <object_component id="oc-305">
         <name>.debug_info</name>
         <load_address>0xa571</load_address>
         <run_address>0xa571</run_address>
         <size>0x19b</size>
         <input_file_ref idref="fl-eb"/>
      </object_component>
      <object_component id="oc-256">
         <name>.debug_info</name>
         <load_address>0xa70c</load_address>
         <run_address>0xa70c</run_address>
         <size>0x19e</size>
         <input_file_ref idref="fl-eb"/>
      </object_component>
      <object_component id="oc-124">
         <name>.debug_info</name>
         <load_address>0xa8aa</load_address>
         <run_address>0xa8aa</run_address>
         <size>0x188</size>
         <input_file_ref idref="fl-eb"/>
      </object_component>
      <object_component id="oc-11e">
         <name>.debug_info</name>
         <load_address>0xaa32</load_address>
         <run_address>0xaa32</run_address>
         <size>0x1ba</size>
         <input_file_ref idref="fl-eb"/>
      </object_component>
      <object_component id="oc-2b7">
         <name>.debug_info</name>
         <load_address>0xabec</load_address>
         <run_address>0xabec</run_address>
         <size>0x204</size>
         <input_file_ref idref="fl-eb"/>
      </object_component>
      <object_component id="oc-129">
         <name>.debug_info</name>
         <load_address>0xadf0</load_address>
         <run_address>0xadf0</run_address>
         <size>0x1ab</size>
         <input_file_ref idref="fl-eb"/>
      </object_component>
      <object_component id="oc-337">
         <name>.debug_info</name>
         <load_address>0xaf9b</load_address>
         <run_address>0xaf9b</run_address>
         <size>0xe8</size>
         <input_file_ref idref="fl-ec"/>
      </object_component>
      <object_component id="oc-324">
         <name>.debug_info</name>
         <load_address>0xb083</load_address>
         <run_address>0xb083</run_address>
         <size>0xf6</size>
         <input_file_ref idref="fl-ec"/>
      </object_component>
      <object_component id="oc-2ce">
         <name>.debug_info</name>
         <load_address>0xb179</load_address>
         <run_address>0xb179</run_address>
         <size>0x1cb</size>
         <input_file_ref idref="fl-ec"/>
      </object_component>
      <object_component id="oc-328">
         <name>.debug_info</name>
         <load_address>0xb344</load_address>
         <run_address>0xb344</run_address>
         <size>0x219</size>
         <input_file_ref idref="fl-ec"/>
      </object_component>
      <object_component id="oc-2e6">
         <name>.debug_info</name>
         <load_address>0xb55d</load_address>
         <run_address>0xb55d</run_address>
         <size>0x1e0</size>
         <input_file_ref idref="fl-ec"/>
      </object_component>
      <object_component id="oc-2e0">
         <name>.debug_info</name>
         <load_address>0xb73d</load_address>
         <run_address>0xb73d</run_address>
         <size>0x1de</size>
         <input_file_ref idref="fl-ec"/>
      </object_component>
      <object_component id="oc-2d4">
         <name>.debug_info</name>
         <load_address>0xb91b</load_address>
         <run_address>0xb91b</run_address>
         <size>0x22e</size>
         <input_file_ref idref="fl-ec"/>
      </object_component>
      <object_component id="oc-2b0">
         <name>.debug_info</name>
         <load_address>0xbb49</load_address>
         <run_address>0xbb49</run_address>
         <size>0x1f8</size>
         <input_file_ref idref="fl-ed"/>
      </object_component>
      <object_component id="oc-2ac">
         <name>.debug_info</name>
         <load_address>0xbd41</load_address>
         <run_address>0xbd41</run_address>
         <size>0xff</size>
         <input_file_ref idref="fl-ed"/>
      </object_component>
      <object_component id="oc-25a">
         <name>.debug_info</name>
         <load_address>0xbe40</load_address>
         <run_address>0xbe40</run_address>
         <size>0x1b2</size>
         <input_file_ref idref="fl-ed"/>
      </object_component>
      <object_component id="oc-1a5">
         <name>.debug_info</name>
         <load_address>0xbff2</load_address>
         <run_address>0xbff2</run_address>
         <size>0x1f7</size>
         <input_file_ref idref="fl-ed"/>
      </object_component>
      <object_component id="oc-26c">
         <name>.debug_info</name>
         <load_address>0xc1e9</load_address>
         <run_address>0xc1e9</run_address>
         <size>0x1f9</size>
         <input_file_ref idref="fl-ed"/>
      </object_component>
      <object_component id="oc-1b7">
         <name>.debug_info</name>
         <load_address>0xc3e2</load_address>
         <run_address>0xc3e2</run_address>
         <size>0x222</size>
         <input_file_ref idref="fl-ed"/>
      </object_component>
      <object_component id="oc-1ab">
         <name>.debug_info</name>
         <load_address>0xc604</load_address>
         <run_address>0xc604</run_address>
         <size>0x1cc</size>
         <input_file_ref idref="fl-ed"/>
      </object_component>
      <object_component id="oc-12f">
         <name>.debug_info</name>
         <load_address>0xc7d0</load_address>
         <run_address>0xc7d0</run_address>
         <size>0x28f</size>
         <input_file_ref idref="fl-ed"/>
      </object_component>
      <object_component id="oc-260">
         <name>.debug_info</name>
         <load_address>0xca5f</load_address>
         <run_address>0xca5f</run_address>
         <size>0x1cb</size>
         <input_file_ref idref="fl-ed"/>
      </object_component>
      <object_component id="oc-266">
         <name>.debug_info</name>
         <load_address>0xcc2a</load_address>
         <run_address>0xcc2a</run_address>
         <size>0x1e0</size>
         <input_file_ref idref="fl-ed"/>
      </object_component>
      <object_component id="oc-286">
         <name>.debug_info</name>
         <load_address>0xce0a</load_address>
         <run_address>0xce0a</run_address>
         <size>0x1cc</size>
         <input_file_ref idref="fl-ee"/>
      </object_component>
      <object_component id="oc-274">
         <name>.debug_info</name>
         <load_address>0xcfd6</load_address>
         <run_address>0xcfd6</run_address>
         <size>0x2e8</size>
         <input_file_ref idref="fl-ee"/>
      </object_component>
      <object_component id="oc-27a">
         <name>.debug_info</name>
         <load_address>0xd2be</load_address>
         <run_address>0xd2be</run_address>
         <size>0x2eb</size>
         <input_file_ref idref="fl-ee"/>
      </object_component>
      <object_component id="oc-280">
         <name>.debug_info</name>
         <load_address>0xd5a9</load_address>
         <run_address>0xd5a9</run_address>
         <size>0x2ed</size>
         <input_file_ref idref="fl-ee"/>
      </object_component>
      <object_component id="oc-1c3">
         <name>.debug_info</name>
         <load_address>0xd896</load_address>
         <run_address>0xd896</run_address>
         <size>0x185</size>
         <input_file_ref idref="fl-ee"/>
      </object_component>
      <object_component id="oc-1b1">
         <name>.debug_info</name>
         <load_address>0xda1b</load_address>
         <run_address>0xda1b</run_address>
         <size>0x183</size>
         <input_file_ref idref="fl-ee"/>
      </object_component>
      <object_component id="oc-1bd">
         <name>.debug_info</name>
         <load_address>0xdb9e</load_address>
         <run_address>0xdb9e</run_address>
         <size>0x29a</size>
         <input_file_ref idref="fl-ee"/>
      </object_component>
      <object_component id="oc-238">
         <name>.debug_info</name>
         <load_address>0xde38</load_address>
         <run_address>0xde38</run_address>
         <size>0x1b6</size>
         <input_file_ref idref="fl-ee"/>
      </object_component>
      <object_component id="oc-232">
         <name>.debug_info</name>
         <load_address>0xdfee</load_address>
         <run_address>0xdfee</run_address>
         <size>0x1b2</size>
         <input_file_ref idref="fl-ee"/>
      </object_component>
      <object_component id="oc-22c">
         <name>.debug_info</name>
         <load_address>0xe1a0</load_address>
         <run_address>0xe1a0</run_address>
         <size>0x189</size>
         <input_file_ref idref="fl-ee"/>
      </object_component>
      <object_component id="oc-23e">
         <name>.debug_info</name>
         <load_address>0xe329</load_address>
         <run_address>0xe329</run_address>
         <size>0x18b</size>
         <input_file_ref idref="fl-ee"/>
      </object_component>
      <object_component id="oc-13b">
         <name>.debug_info</name>
         <load_address>0xe4b4</load_address>
         <run_address>0xe4b4</run_address>
         <size>0x295</size>
         <input_file_ref idref="fl-ee"/>
      </object_component>
      <object_component id="oc-93">
         <name>.debug_info</name>
         <load_address>0xe749</load_address>
         <run_address>0xe749</run_address>
         <size>0x16b</size>
         <input_file_ref idref="fl-ef"/>
      </object_component>
      <object_component id="oc-87">
         <name>.debug_info</name>
         <load_address>0xe8b4</load_address>
         <run_address>0xe8b4</run_address>
         <size>0x171</size>
         <input_file_ref idref="fl-ef"/>
      </object_component>
      <object_component id="oc-8d">
         <name>.debug_info</name>
         <load_address>0xea25</load_address>
         <run_address>0xea25</run_address>
         <size>0x1a4</size>
         <input_file_ref idref="fl-ef"/>
      </object_component>
      <object_component id="oc-99">
         <name>.debug_info</name>
         <load_address>0xebc9</load_address>
         <run_address>0xebc9</run_address>
         <size>0x176</size>
         <input_file_ref idref="fl-ef"/>
      </object_component>
      <object_component id="oc-2bd">
         <name>.debug_info</name>
         <load_address>0xed3f</load_address>
         <run_address>0xed3f</run_address>
         <size>0x17b</size>
         <input_file_ref idref="fl-f0"/>
      </object_component>
      <object_component id="oc-178">
         <name>.debug_info</name>
         <load_address>0xeeba</load_address>
         <run_address>0xeeba</run_address>
         <size>0x1bb</size>
         <input_file_ref idref="fl-f0"/>
      </object_component>
      <object_component id="oc-1fa">
         <name>.debug_info</name>
         <load_address>0xf075</load_address>
         <run_address>0xf075</run_address>
         <size>0x1bd</size>
         <input_file_ref idref="fl-f0"/>
      </object_component>
      <object_component id="oc-1c9">
         <name>.debug_info</name>
         <load_address>0xf232</load_address>
         <run_address>0xf232</run_address>
         <size>0x1c5</size>
         <input_file_ref idref="fl-f0"/>
      </object_component>
      <object_component id="oc-16c">
         <name>.debug_info</name>
         <load_address>0xf3f7</load_address>
         <run_address>0xf3f7</run_address>
         <size>0x1ef</size>
         <input_file_ref idref="fl-f0"/>
      </object_component>
      <object_component id="oc-1cf">
         <name>.debug_info</name>
         <load_address>0xf5e6</load_address>
         <run_address>0xf5e6</run_address>
         <size>0x247</size>
         <input_file_ref idref="fl-f0"/>
      </object_component>
      <object_component id="oc-172">
         <name>.debug_info</name>
         <load_address>0xf82d</load_address>
         <run_address>0xf82d</run_address>
         <size>0x1d0</size>
         <input_file_ref idref="fl-f0"/>
      </object_component>
      <object_component id="oc-200">
         <name>.debug_info</name>
         <load_address>0xf9fd</load_address>
         <run_address>0xf9fd</run_address>
         <size>0x1d2</size>
         <input_file_ref idref="fl-f0"/>
      </object_component>
      <object_component id="oc-141">
         <name>.debug_info</name>
         <load_address>0xfbcf</load_address>
         <run_address>0xfbcf</run_address>
         <size>0x1c8</size>
         <input_file_ref idref="fl-f0"/>
      </object_component>
      <object_component id="oc-147">
         <name>.debug_info</name>
         <load_address>0xfd97</load_address>
         <run_address>0xfd97</run_address>
         <size>0x1ce</size>
         <input_file_ref idref="fl-f0"/>
      </object_component>
      <object_component id="oc-2cc">
         <name>.debug_info</name>
         <load_address>0xff65</load_address>
         <run_address>0xff65</run_address>
         <size>0x1a3</size>
         <input_file_ref idref="fl-f1"/>
      </object_component>
      <object_component id="oc-31e">
         <name>.debug_info</name>
         <load_address>0x10108</load_address>
         <run_address>0x10108</run_address>
         <size>0xf9</size>
         <input_file_ref idref="fl-f1"/>
      </object_component>
      <object_component id="oc-2c6">
         <name>.debug_info</name>
         <load_address>0x10201</load_address>
         <run_address>0x10201</run_address>
         <size>0x1aa</size>
         <input_file_ref idref="fl-f1"/>
      </object_component>
      <object_component id="oc-1d5">
         <name>.debug_info</name>
         <load_address>0x103ab</load_address>
         <run_address>0x103ab</run_address>
         <size>0x268</size>
         <input_file_ref idref="fl-f1"/>
      </object_component>
      <object_component id="oc-1f3">
         <name>.debug_info</name>
         <load_address>0x10613</load_address>
         <run_address>0x10613</run_address>
         <size>0x18a</size>
         <input_file_ref idref="fl-f1"/>
      </object_component>
      <object_component id="oc-2bf">
         <name>.debug_info</name>
         <load_address>0x1079d</load_address>
         <run_address>0x1079d</run_address>
         <size>0x18c</size>
         <input_file_ref idref="fl-f1"/>
      </object_component>
      <object_component id="oc-159">
         <name>.debug_info</name>
         <load_address>0x10929</load_address>
         <run_address>0x10929</run_address>
         <size>0x190</size>
         <input_file_ref idref="fl-f1"/>
      </object_component>
      <object_component id="oc-15f">
         <name>.debug_info</name>
[...]
      <symbol id="sm-25b">
         <name>testmessage</name>
         <value>0x20004b13</value>
         <object_component_ref idref="oc-d6"/>
      </symbol>
      <symbol id="sm-25c">
         <name>lcdTestPattern</name>
         <value>0x20004973</value>
         <object_component_ref idref="oc-d6"/>
      </symbol>
      <symbol id="sm-25d">
         <name>A0TICK</name>
         <value>0x2001f698</value>
         <object_component_ref idref="oc-183"/>
      </symbol>
      <symbol id="sm-25e">
         <name>receivecursory</name>
         <value>0x2001f6b8</value>
         <object_component_ref idref="oc-183"/>
      </symbol>
      <symbol id="sm-25f">
         <name>receivecursorx</name>
         <value>0x2001f6b4</value>
         <object_component_ref idref="oc-183"/>
      </symbol>
      <symbol id="sm-260">
         <name>main</name>
         <value>0x2000520d</value>
         <object_component_ref idref="oc-d6"/>
      </symbol>
      <symbol id="sm-261">
         <name>delay</name>
         <value>0x20004401</value>
         <object_component_ref idref="oc-d6"/>
      </symbol>
      <symbol id="sm-262">
         <name>lcdTestPattern2</name>
         <value>0x20004a43</value>
         <object_component_ref idref="oc-d6"/>
      </symbol>
      <symbol id="sm-263">
         <name>A1TICK</name>
         <value>0x2001f69c</value>
         <object_component_ref idref="oc-183"/>
      </symbol>
      <symbol id="sm-264">
         <name>testtriangles</name>
         <value>0x200046b1</value>
         <object_component_ref idref="oc-d6"/>
      </symbol>
      <symbol id="sm-265">
         <name>UART_Setup</name>
         <value>0x200051e5</value>
         <object_component_ref idref="oc-d6"/>
      </symbol>
      <symbol id="sm-266">
         <name>buttonPtr</name>
         <value>0x2001f6a4</value>
         <object_component_ref idref="oc-183"/>
      </symbol>
      <symbol id="sm-267">
         <name>printChar</name>
         <value>0x2001f6a8</value>
         <object_component_ref idref="oc-183"/>
      </symbol>
      <symbol id="sm-268">
         <name>top_x</name>
         <value>0x2001f6ac</value>
         <object_component_ref idref="oc-183"/>
      </symbol>
      <symbol id="sm-269">
         <name>top_y</name>
         <value>0x2001f6b0</value>
         <object_component_ref idref="oc-183"/>
      </symbol>
      <symbol id="sm-26a">
         <name>testfillrects</name>
         <value>0x20004507</value>
         <object_component_ref idref="oc-d6"/>
      </symbol>
      <symbol id="sm-26b">
         <name>testdrawrects</name>
         <value>0x200044a7</value>
         <object_component_ref idref="oc-d6"/>
      </symbol>
      <symbol id="sm-26c">
         <name>readExternalADC</name>
         <value>0x20004bcb</value>
         <object_component_ref idref="oc-d6"/>
      </symbol>
      <symbol id="sm-26d">
         <name>goertzel</name>
         <value>0x20004f95</value>
         <object_component_ref idref="oc-d6"/>
      </symbol>
      <symbol id="sm-26e">
         <name>testfillcircles</name>
         <value>0x200045c5</value>
         <object_component_ref idref="oc-d6"/>
      </symbol>
      <symbol id="sm-27b">
         <name>PinMuxConfig</name>
         <value>0x20006709</value>
         <object_component_ref idref="oc-1e0"/>
      </symbol>
      <symbol id="sm-29a">
         <name>ResetISR</name>
         <value>0x2000770f</value>
         <object_component_ref idref="oc-2d"/>
      </symbol>
      <symbol id="sm-29b">
         <name>g_pfnVectors</name>
         <value>0x20004000</value>
         <object_component_ref idref="oc-f"/>
      </symbol>
      <symbol id="sm-2d5">
         <name>g_ulClockRate</name>
         <value>0x2001f688</value>
      </symbol>
      <symbol id="sm-2d6">
         <name>SysTickHandler</name>
         <value>0x20006311</value>
         <object_component_ref idref="oc-33"/>
      </symbol>
      <symbol id="sm-2d7">
         <name>SysCtlDelay</name>
         <value>0x2000773f</value>
         <object_component_ref idref="oc-9e"/>
      </symbol>
      <symbol id="sm-2d8">
         <name>UTUtilsDelay</name>
         <value>0x20006545</value>
         <object_component_ref idref="oc-33"/>
      </symbol>
      <symbol id="sm-2d9">
         <name>SysTickInit</name>
         <value>0x200063a3</value>
         <object_component_ref idref="oc-33"/>
      </symbol>
      <symbol id="sm-2da">
         <name>UTUtilsWaitForCount</name>
         <value>0x200064ed</value>
         <object_component_ref idref="oc-33"/>
      </symbol>
      <symbol id="sm-2db">
         <name>UTUtilsDelayCycles</name>
         <value>0x20006533</value>
         <object_component_ref idref="oc-33"/>
      </symbol>
      <symbol id="sm-2dc">
         <name>UTUtilsGetSysTime</name>
         <value>0x20006445</value>
         <object_component_ref idref="oc-33"/>
      </symbol>
      <symbol id="sm-2ee">
         <name>_c_int00</name>
         <value>0x20007221</value>
         <object_component_ref idref="oc-24"/>
      </symbol>
      <symbol id="sm-2ef">
         <name>__stack</name>
         <value>0x2002f000</value>
         <object_component_ref idref="oc-29"/>
      </symbol>
      <symbol id="sm-30d">
         <name>__TI_decompress_lzss</name>
         <value>0x20006ff9</value>
         <object_component_ref idref="oc-12"/>
      </symbol>
      <symbol id="sm-324">
         <name>__TI_decompress_none</name>
         <value>0x20007701</value>
         <object_component_ref idref="oc-18"/>
      </symbol>
      <symbol id="sm-336">
         <name>__TI_zero_init</name>
         <value>0x20007729</value>
         <object_component_ref idref="oc-1e"/>
      </symbol>
      <symbol id="sm-357">
         <name>C$$EXIT</name>
         <value>0x200070b9</value>
         <object_component_ref idref="oc-77"/>
      </symbol>
      <symbol id="sm-358">
         <name>abort</name>
         <value>0x200070bd</value>
         <object_component_ref idref="oc-77"/>
      </symbol>
      <symbol id="sm-359">
         <name>exit</name>
         <value>0x200070c5</value>
         <object_component_ref idref="oc-77"/>
      </symbol>
      <symbol id="sm-35a">
         <name>__TI_dtors_ptr</name>
         <value>0x2001f6f4</value>
         <object_component_ref idref="oc-de"/>
      </symbol>
      <symbol id="sm-35b">
         <name>__TI_cleanup_ptr</name>
         <value>0x2001f6f0</value>
         <object_component_ref idref="oc-de"/>
      </symbol>
      <symbol id="sm-35c">
         <name>__TI_enable_exit_profile_output</name>
         <value>0x2001f6f8</value>
         <object_component_ref idref="oc-de"/>
      </symbol>
      <symbol id="sm-377">
         <name>memcpy</name>
         <value>0x20006be9</value>
         <object_component_ref idref="oc-47"/>
      </symbol>
      <symbol id="sm-378">
         <name>__aeabi_memcpy</name>
         <value>0x20006be9</value>
         <object_component_ref idref="oc-47"/>
      </symbol>
      <symbol id="sm-379">
         <name>__aeabi_memcpy8</name>
         <value>0x20006be9</value>
         <object_component_ref idref="oc-47"/>
      </symbol>
      <symbol id="sm-37a">
         <name>__aeabi_memcpy4</name>
         <value>0x20006be9</value>
         <object_component_ref idref="oc-47"/>
      </symbol>
      <symbol id="sm-390">
         <name>_sys_memory</name>
         <value>0x20017000</value>
         <object_component_ref idref="oc-2a"/>
      </symbol>
      <symbol id="sm-39f">
         <name>__aeabi_memset</name>
         <value>0x20006e2b</value>
         <object_component_ref idref="oc-53"/>
      </symbol>
      <symbol id="sm-3a0">
         <name>memset</name>
         <value>0x20006e31</value>
         <object_component_ref idref="oc-53"/>
      </symbol>
      <symbol id="sm-3a1">
         <name>__aeabi_memset8</name>
         <value>0x20006e2b</value>
         <object_component_ref idref="oc-53"/>
      </symbol>
      <symbol id="sm-3a2">
         <name>__aeabi_memset4</name>
         <value>0x20006e2b</value>
         <object_component_ref idref="oc-53"/>
      </symbol>
      <symbol id="sm-3a3">
         <name>__aeabi_memclr8</name>
         <value>0x20006e29</value>
         <object_component_ref idref="oc-53"/>
      </symbol>
      <symbol id="sm-3a4">
         <name>__aeabi_memclr4</name>
         <value>0x20006e29</value>
         <object_component_ref idref="oc-53"/>
      </symbol>
      <symbol id="sm-3a5">
         <name>__aeabi_memclr</name>
         <value>0x20006e29</value>
         <object_component_ref idref="oc-53"/>
      </symbol>
      <symbol id="sm-3af">
         <name>__mpu_init</name>
         <value>0x2000630f</value>
         <object_component_ref idref="oc-5f"/>
      </symbol>
      <symbol id="sm-3b9">
         <name>_system_pre_init</name>
         <value>0x2000774b</value>
         <object_component_ref idref="oc-65"/>
      </symbol>
      <symbol id="sm-3c1">
         <name>main_func_sp</name>
         <value>0x2001f754</value>
         <object_component_ref idref="oc-7d"/>
      </symbol>
      <symbol id="sm-3dc">
         <name>_nop</name>
         <value>0x200076b7</value>
         <object_component_ref idref="oc-213"/>
      </symbol>
      <symbol id="sm-3dd">
         <name>_lock</name>
         <value>0x2001f71c</value>
         <object_component_ref idref="oc-e1"/>
      </symbol>
      <symbol id="sm-3de">
         <name>_unlock</name>
         <value>0x2001f720</value>
         <object_component_ref idref="oc-e1"/>
      </symbol>
      <symbol id="sm-3df">
         <name>_register_lock</name>
         <value>0x200076af</value>
         <object_component_ref idref="oc-213"/>
      </symbol>
      <symbol id="sm-3e0">
         <name>_register_unlock</name>
         <value>0x200076a9</value>
         <object_component_ref idref="oc-213"/>
      </symbol>
      <symbol id="sm-3f5">
         <name>_args_main</name>
         <value>0x20007625</value>
         <object_component_ref idref="oc-71"/>
      </symbol>
      <symbol id="sm-420">
         <name>__TI_auto_init</name>
         <value>0x20006f89</value>
         <object_component_ref idref="oc-6b"/>
      </symbol>
      <symbol id="sm-43a">
         <name>copy_in</name>
         <value>0x2000710d</value>
         <object_component_ref idref="oc-c8"/>
      </symbol>
      <symbol id="sm-44f">
         <name>_system_post_cinit</name>
         <value>0x20006a9f</value>
         <object_component_ref idref="oc-ce"/>
      </symbol>
      <symbol id="sm-467">
         <name>GPIODirModeSet</name>
         <value>0x2000729d</value>
         <object_component_ref idref="oc-2d9"/>
      </symbol>
      <symbol id="sm-468">
         <name>GPIOPinWrite</name>
         <value>0x200073fb</value>
         <object_component_ref idref="oc-134"/>
      </symbol>
      <symbol id="sm-4aa">
         <name>IntVTableBaseSet</name>
         <value>0x20007695</value>
         <object_component_ref idref="oc-11c"/>
      </symbol>
      <symbol id="sm-4ab">
         <name>IntEnable</name>
         <value>0x20006aa1</value>
         <object_component_ref idref="oc-128"/>
      </symbol>
      <symbol id="sm-4ac">
         <name>IntRegister</name>
         <value>0x2000741d</value>
         <object_component_ref idref="oc-2b6"/>
      </symbol>
      <symbol id="sm-4ad">
         <name>IntMasterEnable</name>
         <value>0x20007735</value>
         <object_component_ref idref="oc-122"/>
      </symbol>
      <symbol id="sm-4ec">
         <name>PinTypeUART</name>
         <value>0x20007549</value>
         <object_component_ref idref="oc-2e5"/>
      </symbol>
      <symbol id="sm-4ed">
         <name>PinTypeGPIO</name>
         <value>0x200072d3</value>
         <object_component_ref idref="oc-2d3"/>
      </symbol>
      <symbol id="sm-4ee">
         <name>PinConfigSet</name>
         <value>0x20006d19</value>
         <object_component_ref idref="oc-327"/>
      </symbol>
      <symbol id="sm-4ef">
         <name>PinTypeSPI</name>
         <value>0x2000752f</value>
         <object_component_ref idref="oc-2df"/>
      </symbol>
      <symbol id="sm-4f0">
         <name>PinModeSet</name>
         <value>0x200071e1</value>
         <object_component_ref idref="oc-2cd"/>
      </symbol>
      <symbol id="sm-576">
         <name>PRCMPeripheralReset</name>
         <value>0x20007061</value>
         <object_component_ref idref="oc-1aa"/>
      </symbol>
      <symbol id="sm-577">
         <name>PRCMPeripheralClkEnable</name>
         <value>0x20007261</value>
         <object_component_ref idref="oc-1a4"/>
      </symbol>
      <symbol id="sm-578">
         <name>PRCMPeripheralClockGet</name>
         <value>0x20006c85</value>
         <object_component_ref idref="oc-1b6"/>
      </symbol>
      <symbol id="sm-579">
         <name>PRCMCC3200MCUInit</name>
         <value>0x20006591</value>
         <object_component_ref idref="oc-12e"/>
      </symbol>
      <symbol id="sm-57a">
         <name>PRCMHIBRegWrite</name>
         <value>0x20007653</value>
         <object_component_ref idref="oc-265"/>
      </symbol>
      <symbol id="sm-57b">
         <name>PRCMSysResetCauseGet</name>
         <value>0x20007335</value>
         <object_component_ref idref="oc-259"/>
      </symbol>
      <symbol id="sm-57c">
         <name>PRCMPeripheralClkDisable</name>
         <value>0x2000738d</value>
         <object_component_ref idref="oc-26b"/>
      </symbol>
      <symbol id="sm-57d">
         <name>PRCMHIBRegRead</name>
         <value>0x2000763d</value>
         <object_component_ref idref="oc-25f"/>
      </symbol>
      <symbol id="sm-603">
         <name>SPITransfer</name>
         <value>0x20006da1</value>
         <object_component_ref idref="oc-13a"/>
      </symbol>
      <symbol id="sm-604">
         <name>SPICSEnable</name>
         <value>0x2000757b</value>
         <object_component_ref idref="oc-22b"/>
      </symbol>
      <symbol id="sm-605">
         <name>SPIDataPut</name>
         <value>0x2000745d</value>
         <object_component_ref idref="oc-231"/>
      </symbol>
      <symbol id="sm-606">
         <name>SPIEnable</name>
         <value>0x20007593</value>
         <object_component_ref idref="oc-1c2"/>
      </symbol>
      <symbol id="sm-607">
         <name>SPIDataGet</name>
         <value>0x2000743d</value>
         <object_component_ref idref="oc-237"/>
      </symbol>
      <symbol id="sm-608">
         <name>SPIConfigSetExpClk</name>
         <value>0x20006b49</value>
         <object_component_ref idref="oc-1bc"/>
      </symbol>
      <symbol id="sm-609">
         <name>SPIReset</name>
         <value>0x200073d9</value>
         <object_component_ref idref="oc-1b0"/>
      </symbol>
      <symbol id="sm-60a">
         <name>SPICSDisable</name>
         <value>0x20007563</value>
         <object_component_ref idref="oc-23d"/>
      </symbol>
      <symbol id="sm-634">
         <name>SysTickEnable</name>
         <value>0x200076e1</value>
         <object_component_ref idref="oc-92"/>
      </symbol>
      <symbol id="sm-635">
         <name>SysTickIntEnable</name>
         <value>0x200076f1</value>
         <object_component_ref idref="oc-86"/>
      </symbol>
      <symbol id="sm-636">
         <name>SysTickValueGet</name>
         <value>0x2000771d</value>
         <object_component_ref idref="oc-98"/>
      </symbol>
      <symbol id="sm-637">
         <name>SysTickPeriodSet</name>
         <value>0x200075ad</value>
         <object_component_ref idref="oc-8c"/>
      </symbol>
      <symbol id="sm-695">
         <name>TimerLoadSet</name>
         <value>0x20007361</value>
         <object_component_ref idref="oc-16b"/>
      </symbol>
      <symbol id="sm-696">
         <name>TimerDisable</name>
         <value>0x2000747b</value>
         <object_component_ref idref="oc-1f9"/>
      </symbol>
      <symbol id="sm-697">
         <name>TimerIntRegister</name>
         <value>0x20006f19</value>
         <object_component_ref idref="oc-1ce"/>
      </symbol>
      <symbol id="sm-698">
         <name>TimerEnable</name>
         <value>0x20007499</value>
         <object_component_ref idref="oc-177"/>
      </symbol>
      <symbol id="sm-699">
         <name>TimerIntStatus</name>
         <value>0x200074b7</value>
         <object_component_ref idref="oc-140"/>
      </symbol>
      <symbol id="sm-69a">
         <name>TimerIntDisable</name>
         <value>0x200075c5</value>
         <object_component_ref idref="oc-1ff"/>
      </symbol>
      <symbol id="sm-69b">
         <name>TimerIntEnable</name>
         <value>0x200075dd</value>
         <object_component_ref idref="oc-171"/>
      </symbol>
      <symbol id="sm-69c">
         <name>TimerConfigure</name>
         <value>0x20007159</value>
         <object_component_ref idref="oc-1c8"/>
      </symbol>
      <symbol id="sm-69d">
         <name>TimerIntClear</name>
         <value>0x200076bd</value>
         <object_component_ref idref="oc-146"/>
      </symbol>
      <symbol id="sm-712">
         <name>UARTConfigSetExpClk</name>
         <value>0x20006ea3</value>
         <object_component_ref idref="oc-1d4"/>
      </symbol>
      <symbol id="sm-713">
         <name>UARTDisable</name>
         <value>0x20007305</value>
         <object_component_ref idref="oc-2be"/>
      </symbol>
      <symbol id="sm-714">
         <name>UARTIntEnable</name>
         <value>0x2000760d</value>
         <object_component_ref idref="oc-1ec"/>
      </symbol>
      <symbol id="sm-715">
         <name>UARTCharPut</name>
         <value>0x200074d5</value>
         <object_component_ref idref="oc-15e"/>
      </symbol>
      <symbol id="sm-716">
         <name>UARTEnable</name>
         <value>0x200073b5</value>
         <object_component_ref idref="oc-1f2"/>
      </symbol>
      <symbol id="sm-717">
         <name>UARTIntClear</name>
         <value>0x200076cf</value>
         <object_component_ref idref="oc-152"/>
      </symbol>
      <symbol id="sm-718">
         <name>UARTIntStatus</name>
         <value>0x20007511</value>
         <object_component_ref idref="oc-1e6"/>
      </symbol>
      <symbol id="sm-719">
         <name>UARTDMADisable</name>
         <value>0x200075f5</value>
         <object_component_ref idref="oc-14c"/>
      </symbol>
      <symbol id="sm-71a">
         <name>UARTCharGet</name>
         <value>0x20007669</value>
         <object_component_ref idref="oc-158"/>
      </symbol>
      <symbol id="sm-71b">
         <name>UARTIntRegister</name>
         <value>0x200074f3</value>
         <object_component_ref idref="oc-1da"/>
      </symbol>
      <symbol id="sm-71f">
         <name>UtilsDelay</name>
         <value>0x20007745</value>
         <object_component_ref idref="oc-307"/>
      </symbol>
      <symbol id="sm-729">
         <name>CPUcpsie</name>
         <value>0x2000767f</value>
         <object_component_ref idref="oc-24e"/>
      </symbol>
      <symbol id="sm-72b">
         <name>__TI_static_base__</name>
         <value>0x20007e88</value>
      </symbol>
      <symbol id="sm-72e">
         <name>SHT$$INIT_ARRAY$$Limit</name>
         <value>0x0</value>
      </symbol>
      <symbol id="sm-72f">
         <name>SHT$$INIT_ARRAY$$Base</name>
         <value>0x0</value>
      </symbol>
   </symbol_table>
   <title>Link successful</title>
</link_info>
