******************************************************************************
                  TI ARM Linker PC v16.9.6                     
******************************************************************************
>> Linked Wed May 02 03:11:17 2018

OUTPUT FILE NAME:   <interrupt.out>
ENTRY POINT SYMBOL: "_c_int00"  address: 20009f49


MEMORY CONFIGURATION

         name            origin    length      used     unused   attr    fill
----------------------  --------  ---------  --------  --------  ----  --------
  SRAM_CODE             20004000   00013000  0000710e  0000bef2  RW X
  SRAM_DATA             20017000   00019000  00009500  0000fb00  RW X


SEGMENT ALLOCATION MAP

run origin  load origin   length   init length attrs members
----------  ----------- ---------- ----------- ----- -------
20004000    20004000    00007110   00007110    r-x
  20004000    20004000    00000400   00000400    r-- .intvecs
  20004400    20004400    0000634a   0000634a    r-x .text
  2000a74c    2000a74c    0000090c   0000090c    r-- .const
  2000b058    2000b058    000000b8   000000b8    r-- .cinit
20017000    20017000    00008500   00000000    rw-
  20017000    20017000    00008000   00000000    rw- .sysmem
  2001f000    2001f000    00000284   00000000    rw- .bss
  2001f284    2001f284    0000027c   00000000    rw- .data
2002f000    2002f000    00001000   00000000    rw-
  2002f000    2002f000    00001000   00000000    rw- .stack


SECTION ALLOCATION MAP

 output                                  attributes/
section   page    origin      length       input sections
--------  ----  ----------  ----------   ----------------
.intvecs   0    20004000    00000400     
                  20004000    00000400     startup_ccs.obj (.intvecs)

.init_array 
*          0    20004000    00000000     UNINITIALIZED

.text      0    20004400    0000634a     
                  20004400    00001122     rtsv7M4_T_le_eabi.lib : _printfi.obj (.text)
                  20005522    00000002     driverlib.a : interrupt.obj (.text:IntDefaultHandler)
                  20005524    00000f88     main.obj (.text)
                  200064ac    00000a80     Adafruit_GFX.obj (.text)
                  20006f2c    000004b2     Adafruit_OLED.obj (.text)
                  200073de    00000002     rtsv7M4_T_le_eabi.lib : mpu_init.obj (.text)
                  200073e0    000003d0                           : memory.obj (.text)
                  200077b0    00000280     systick_if.obj (.text)
                  20007a30    00000280     uart_if.obj (.text)
                  20007cb0    000001f4     rtsv7M4_T_le_eabi.lib : ull_div_t2.obj (.text)
                  20007ea4    000001c4                           : fopen.obj (.text)
                  20008068    000001b6                           : fd_add_t2.obj (.text)
                  2000821e    00000002                           : startup.obj (.text)
                  20008220    00000198     timer_if.obj (.text)
                  200083b8    00000178     driverlib.a : prcm.obj (.text:PRCMCC3200MCUInit)
                  20008530    00000136     rtsv7M4_T_le_eabi.lib : fd_div_t2.obj (.text)
                  20008666    00000002     --HOLE-- [fill = 0]
                  20008668    00000134     pin_mux_config.obj (.text)
                  2000879c    00000134     rtsv7M4_T_le_eabi.lib : fputs.obj (.text)
                  200088d0    000000fc                           : fd_mul_t2.obj (.text)
                  200089cc    000000dc                           : setvbuf.obj (.text)
                  20008aa8    000000d0                           : s_scalbn.obj (.text)
                  20008b78    000000c8                           : fflush.obj (.text)
                  20008c40    000000bc                           : open.obj (.text)
                  20008cfc    000000ac                           : _io_perm.obj (.text)
                  20008da8    000000a8     driverlib.a : interrupt.obj (.text:IntDisable)
                  20008e50    000000a8                 : interrupt.obj (.text:IntEnable)
                  20008ef8    000000a0                 : spi.obj (.text:SPIConfigSetExpClk)
                  20008f98    0000009c     rtsv7M4_T_le_eabi.lib : memcpy_t2.obj (.text)
                  20009034    00000098                           : fclose.obj (.text)
                  200090cc    00000098                           : fputc.obj (.text)
                  20009164    00000094     driverlib.a : prcm.obj (.text:PRCMPeripheralClockGet)
                  200091f8    00000088                 : pin.obj (.text:PinConfigSet)
                  20009280    00000088     rtsv7M4_T_le_eabi.lib : vsnprintf.obj (.text)
                  20009308    00000086                           : fd_cmp_t2.obj (.text:__aeabi_cdcmple)
                  2000938e    00000086                           : fd_cmp_t2.obj (.text:__aeabi_cdrcmple)
                  20009414    00000082     driverlib.a : gpio.obj (.text:GPIOIntTypeSet)
                  20009496    0000007a     rtsv7M4_T_le_eabi.lib : memset_t2.obj (.text)
                  20009510    00000076     driverlib.a : uart.obj (.text:UARTConfigSetExpClk)
                  20009586    00000002     --HOLE-- [fill = 0]
                  20009588    00000070                 : timer.obj (.text:TimerIntRegister)
                  200095f8    00000070     rtsv7M4_T_le_eabi.lib : autoinit.obj (.text)
                  20009668    00000070                           : getdevice.obj (.text)
                  200096d8    00000070                           : printf.obj (.text)
                  20009748    00000068     driverlib.a : timer.obj (.text:TimerIntUnregister)
                  200097b0    00000068     rtsv7M4_T_le_eabi.lib : copy_decompress_lzss.obj (.text:decompress:lzss)
                  20009818    00000068                           : hostlseek.obj (.text)
                  20009880    00000068                           : hostrename.obj (.text)
                  200098e8    00000068                           : trgmsg.obj (.text)
                  20009950    00000064                           : fseek.obj (.text)
                  200099b4    00000060                           : hostopen.obj (.text)
                  20009a14    0000005c                           : close.obj (.text)
                  20009a70    0000005c                           : s_frexp.obj (.text)
                  20009acc    00000058     driverlib.a : prcm.obj (.text:PRCMPeripheralReset)
                  20009b24    00000058     rtsv7M4_T_le_eabi.lib : hostread.obj (.text)
                  20009b7c    00000058                           : hostwrite.obj (.text)
                  20009bd4    00000054     driverlib.a : interrupt.obj (.text:IntPrioritySet)
                  20009c28    00000054     rtsv7M4_T_le_eabi.lib : exit.obj (.text)
                  20009c7c    00000054                           : ltoa.obj (.text)
                  20009cd0    0000004c                           : atoi.obj (.text)
                  20009d1c    0000004c                           : cpy_tbl.obj (.text)
                  20009d68    00000048     driverlib.a : gpio.obj (.text:GPIOGetIntNumber)
                  20009db0    00000048     rtsv7M4_T_le_eabi.lib : fd_toi_t2.obj (.text)
                  20009df8    00000044     driverlib.a : timer.obj (.text:TimerConfigure)
                  20009e3c    00000044                 : uart.obj (.text:UARTIntNumberGet)
                  20009e80    00000044     rtsv7M4_T_le_eabi.lib : hostclose.obj (.text)
                  20009ec4    00000044                           : hostunlink.obj (.text)
                  20009f08    00000040     driverlib.a : pin.obj (.text:PinModeSet)
                  20009f48    00000040     rtsv7M4_T_le_eabi.lib : boot.obj (.text)
                  20009f88    0000003c     driverlib.a : prcm.obj (.text:PRCMPeripheralClkEnable)
                  20009fc4    00000036                 : gpio.obj (.text:GPIODirModeSet)
                  20009ffa    00000036     rtsv7M4_T_le_eabi.lib : strncpy.obj (.text)
                  2000a030    00000030     driverlib.a : pin.obj (.text:PinTypeGPIO)
                  2000a060    00000030                 : uart.obj (.text:UARTDisable)
                  2000a090    0000002e     rtsv7M4_T_le_eabi.lib : i_tofd_t2.obj (.text)
                  2000a0be    00000002     --HOLE-- [fill = 0]
                  2000a0c0    0000002c     driverlib.a : prcm.obj (.text:PRCMSysResetCauseGet)
                  2000a0ec    0000002c     rtsv7M4_T_le_eabi.lib : unlink.obj (.text)
                  2000a118    0000002a     driverlib.a : timer.obj (.text:TimerLoadSet)
                  2000a142    0000002a                 : timer.obj (.text:TimerPrescaleSet)
                  2000a16c    00000028                 : prcm.obj (.text:PRCMPeripheralClkDisable)
                  2000a194    00000028     rtsv7M4_T_le_eabi.lib : lseek.obj (.text)
                  2000a1bc    00000028                           : write.obj (.text)
                  2000a1e4    00000024     driverlib.a : interrupt.obj (.text:IntUnregister)
                  2000a208    00000024                 : uart.obj (.text:UARTEnable)
                  2000a22c    00000024     rtsv7M4_T_le_eabi.lib : memmov.obj (.text)
                  2000a250    00000022     driverlib.a : gpio.obj (.text:GPIOIntStatus)
                  2000a272    00000022                 : spi.obj (.text:SPIReset)
                  2000a294    00000020                 : gpio.obj (.text:GPIOPinWrite)
                  2000a2b4    00000020                 : interrupt.obj (.text:IntRegister)
                  2000a2d4    00000020                 : spi.obj (.text:SPIDataGet)
                  2000a2f4    00000020     rtsv7M4_T_le_eabi.lib : memchr.obj (.text)
                  2000a314    0000001e     driverlib.a : gpio.obj (.text:GPIOIntRegister)
                  2000a332    0000001e                 : spi.obj (.text:SPIDataPut)
                  2000a350    0000001e                 : timer.obj (.text:TimerDisable)
                  2000a36e    0000001e                 : timer.obj (.text:TimerEnable)
                  2000a38c    0000001e                 : timer.obj (.text:TimerIntStatus)
                  2000a3aa    0000001e                 : uart.obj (.text:UARTCharPut)
                  2000a3c8    0000001e                 : uart.obj (.text:UARTIntRegister)
                  2000a3e6    0000001e     rtsv7M4_T_le_eabi.lib : strcat.obj (.text)
                  2000a404    0000001c     driverlib.a : timer.obj (.text:TimerValueGet)
                  2000a420    0000001c                 : uart.obj (.text:UARTCharGetNonBlocking)
                  2000a43c    0000001c     rtsv7M4_T_le_eabi.lib : memccpy.obj (.text)
                  2000a458    0000001a     driverlib.a : gpio.obj (.text:GPIOIntDisable)
                  2000a472    0000001a                 : gpio.obj (.text:GPIOIntEnable)
                  2000a48c    0000001a                 : pin.obj (.text:PinTypeSPI)
                  2000a4a6    0000001a                 : pin.obj (.text:PinTypeUART)
                  2000a4c0    00000018                 : spi.obj (.text:SPICSDisable)
                  2000a4d8    00000018                 : spi.obj (.text:SPICSEnable)
                  2000a4f0    00000018                 : spi.obj (.text:SPIEnable)
                  2000a508    00000018                 : systick.obj (.text:SysTickPeriodSet)
                  2000a520    00000018                 : timer.obj (.text:TimerIntDisable)
                  2000a538    00000018                 : timer.obj (.text:TimerIntEnable)
                  2000a550    00000018                 : uart.obj (.text:UARTCharsAvail)
                  2000a568    00000018                 : uart.obj (.text:UARTDMADisable)
                  2000a580    00000018                 : uart.obj (.text:UARTDMAEnable)
                  2000a598    00000018                 : uart.obj (.text:UARTIntEnable)
                  2000a5b0    00000018     rtsv7M4_T_le_eabi.lib : args_main.obj (.text)
                  2000a5c8    00000018                           : strcmp.obj (.text)
                  2000a5e0    00000016     driverlib.a : prcm.obj (.text:PRCMHIBRegRead)
                  2000a5f6    00000016                 : prcm.obj (.text:PRCMHIBRegWrite)
                  2000a60c    00000016                 : uart.obj (.text:UARTCharGet)
                  2000a622    00000016     rtsv7M4_T_le_eabi.lib : strchr.obj (.text)
                  2000a638    00000014     driverlib.a : cpu.obj (.text:CPUcpsie)
                  2000a64c    00000014                 : gpio.obj (.text:GPIOIntClear)
                  2000a660    00000014                 : interrupt.obj (.text:IntVTableBaseSet)
                  2000a674    00000014     rtsv7M4_T_le_eabi.lib : _lock.obj (.text)
                  2000a688    00000014                           : strcpy.obj (.text)
                  2000a69c    00000014                           : strlen.obj (.text)
                  2000a6b0    00000012     driverlib.a : timer.obj (.text:TimerIntClear)
                  2000a6c2    00000012                 : uart.obj (.text:UARTIntClear)
                  2000a6d4    00000010                 : systick.obj (.text:SysTickEnable)
                  2000a6e4    00000010                 : systick.obj (.text:SysTickIntEnable)
                  2000a6f4    0000000e     rtsv7M4_T_le_eabi.lib : copy_decompress_none.obj (.text:decompress:none)
                  2000a702    0000000e     startup_ccs.obj (.text)
                  2000a710    0000000c     driverlib.a : systick.obj (.text:SysTickValueGet)
                  2000a71c    0000000c     rtsv7M4_T_le_eabi.lib : copy_zero_init.obj (.text:decompress:ZI)
                  2000a728    0000000a     driverlib.a : interrupt.obj (.text:IntMasterEnable)
                  2000a732    00000008     rtsv7M4_T_le_eabi.lib : s_copysign.obj (.text)
                  2000a73a    00000006     systick_if.obj (.text:SysCtlDelay)
                  2000a740    00000006     driverlib.a : utils.obj (.text:UtilsDelay)
                  2000a746    00000004     rtsv7M4_T_le_eabi.lib : pre_init.obj (.text)

.const     0    2000a74c    0000090c     
                  2000a74c    000004fb     Adafruit_GFX.obj (.const:.string:font)
                  2000ac47    00000101     rtsv7M4_T_le_eabi.lib : ctype.obj (.const:.string:_ctypes_)
                  2000ad48    00000100     driverlib.a : pin.obj (.const:g_ulPinToPadMap)
                  2000ae48    000000d4                 : interrupt.obj (.const:g_pulRegs)
                  2000af1c    000000a8                 : prcm.obj (.const:PRCM_PeriphRegsList)
                  2000afc4    00000080                 : interrupt.obj (.const)
                  2000b044    00000010                 : uart.obj (.const)
                  2000b054    00000004     main.obj (.const)

.cinit     0    2000b058    000000b8     
                  2000b058    00000092     (.cinit..data.load) [load image, compression = lzss]
                  2000b0ea    00000002     --HOLE-- [fill = 0]
                  2000b0ec    0000000c     (__TI_handler_table)
                  2000b0f8    00000008     (.cinit..bss.load) [load image, compression = zero_init]
                  2000b100    00000010     (__TI_cinit_table)

.sysmem    0    20017000    00008000     UNINITIALIZED
                  20017000    00000008     rtsv7M4_T_le_eabi.lib : memory.obj (.sysmem)
                  20017008    00007ff8     --HOLE--

.bss       0    2001f000    00000284     UNINITIALIZED
                  2001f000    00000120     rtsv7M4_T_le_eabi.lib : trgmsg.obj (.bss:_CIOBUF_)
                  2001f120    000000a0     (.common:__TI_tmpnams)
                  2001f1c0    0000008c     (.common:timeSeries)
                  2001f24c    00000010     systick_if.obj (.bss)
                  2001f25c    00000009     main.obj (.bss)
                  2001f265    00000008     (.common:parmbuf)
                  2001f26d    00000003     --HOLE--
                  2001f270    00000004     uart_if.obj (.bss)
                  2001f274    00000004     (.common:buttom_x)
                  2001f278    00000004     (.common:buttom_y)
                  2001f27c    00000004     (.common:g_ulClockRate)
                  2001f280    00000004     (.common:position)

.data      0    2001f284    0000027c     UNINITIALIZED
                  2001f284    000000f0     rtsv7M4_T_le_eabi.lib : defs.obj (.data:_ftable)
                  2001f374    00000078                           : write.obj (.data:_device)
                  2001f3ec    00000050                           : write.obj (.data:_stream)
                  2001f43c    0000003c     main.obj (.data:buffer)
                  2001f478    0000001c     main.obj (.data)
                  2001f494    00000015     Adafruit_GFX.obj (.data)
                  2001f4a9    00000003     --HOLE--
                  2001f4ac    00000010     rtsv7M4_T_le_eabi.lib : defs.obj (.data)
                  2001f4bc    0000000c                           : exit.obj (.data:$O1$$)
                  2001f4c8    0000000c                           : memory.obj (.data:$O1$$)
                  2001f4d4    0000000c     systick_if.obj (.data)
                  2001f4e0    00000008     rtsv7M4_T_le_eabi.lib : _lock.obj (.data:$O1$$)
                  2001f4e8    00000008     main.obj (.data:sig_input)
                  2001f4f0    00000004     rtsv7M4_T_le_eabi.lib : errno.obj (.data)
                  2001f4f4    00000004                           : fopen.obj (.data)
                  2001f4f8    00000004                           : open.obj (.data)
                  2001f4fc    00000004                           : stkdepth_vars.obj (.data)

.stack     0    2002f000    00001000     UNINITIALIZED
                  2002f000    00001000     --HOLE--

MODULE SUMMARY

       Module                     code    ro data   rw data
       ------                     ----    -------   -------
    .\
       main.obj                   3976    4         257    
       Adafruit_GFX.obj           2688    1275      21     
       Adafruit_OLED.obj          1202    0         0      
       startup_ccs.obj            14      1024      0      
       systick_if.obj             646     0         32     
       uart_if.obj                640     0         4      
       timer_if.obj               408     0         0      
       pin_mux_config.obj         308     0         0      
    +--+--------------------------+-------+---------+---------+
       Total:                     9882    2303      314    
                                                           
    E:/TI/CC3200SDK_1.3.0/cc3200-sdk/driverlib/ccs/Release/driverlib.a
       prcm.obj                   800     168       0      
       interrupt.obj              520     340       0      
       pin.obj                    300     256       0      
       timer.obj                  552     0         0      
       uart.obj                   494     16        0      
       gpio.obj                   424     0         0      
       spi.obj                    328     0         0      
       systick.obj                68      0         0      
       cpu.obj                    20      0         0      
       utils.obj                  6       0         0      
    +--+--------------------------+-------+---------+---------+
       Total:                     3512    780       0      
                                                           
    E:\CCS\ccsv7\tools\compiler\ti-cgt-arm_16.9.6.LTS\lib\rtsv7M4_T_le_eabi.lib
       _printfi.obj               4386    0         0      
       memory.obj                 976     0         12     
       ull_div_t2.obj             500     0         0      
       fopen.obj                  452     0         4      
       fd_add_t2.obj              438     0         0      
       defs.obj                   0       0         416    
       trgmsg.obj                 104     0         288    
       fd_div_t2.obj              310     0         0      
       fputs.obj                  308     0         0      
       fd_cmp_t2.obj              268     0         0      
       ctype.obj                  0       257       0      
       fd_mul_t2.obj              252     0         0      
       write.obj                  40      0         200    
       setvbuf.obj                220     0         0      
       s_scalbn.obj               208     0         0      
       fflush.obj                 200     0         0      
       open.obj                   188     0         4      
       _io_perm.obj               172     0         0      
       memcpy_t2.obj              156     0         0      
       fclose.obj                 152     0         0      
       fputc.obj                  152     0         0      
       vsnprintf.obj              136     0         0      
       memset_t2.obj              122     0         0      
       autoinit.obj               112     0         0      
       getdevice.obj              112     0         0      
       printf.obj                 112     0         0      
       copy_decompress_lzss.obj   104     0         0      
       hostlseek.obj              104     0         0      
       hostopen.obj               96      0         8      
       hostrename.obj             104     0         0      
       fseek.obj                  100     0         0      
       exit.obj                   84      0         12     
       close.obj                  92      0         0      
       s_frexp.obj                92      0         0      
       hostread.obj               88      0         0      
       hostwrite.obj              88      0         0      
       ltoa.obj                   84      0         0      
       atoi.obj                   76      0         0      
       cpy_tbl.obj                76      0         0      
       fd_toi_t2.obj              72      0         0      
       hostclose.obj              68      0         0      
       hostunlink.obj             68      0         0      
       boot.obj                   64      0         0      
       strncpy.obj                54      0         0      
       i_tofd_t2.obj              46      0         0      
       unlink.obj                 44      0         0      
       lseek.obj                  40      0         0      
       memmov.obj                 36      0         0      
       memchr.obj                 32      0         0      
       strcat.obj                 30      0         0      
       _lock.obj                  20      0         8      
       memccpy.obj                28      0         0      
       args_main.obj              24      0         0      
       strcmp.obj                 24      0         0      
       strchr.obj                 22      0         0      
       strcpy.obj                 20      0         0      
       strlen.obj                 20      0         0      
       copy_decompress_none.obj   14      0         0      
       copy_zero_init.obj         12      0         0      
       s_copysign.obj             8       0         0      
       errno.obj                  0       0         4      
       pre_init.obj               4       0         0      
       stkdepth_vars.obj          0       0         4      
       mpu_init.obj               2       0         0      
       startup.obj                2       0         0      
    +--+--------------------------+-------+---------+---------+
       Total:                     12018   257       960    
                                                           
       Heap:                      0       0         32768  
       Stack:                     0       0         4096   
       Linker Generated:          0       182       0      
    +--+--------------------------+-------+---------+---------+
       Grand Total:               25412   3522      38138  


LINKER GENERATED COPY TABLES

__TI_cinit_table @ 2000b100 records: 2, size/record: 8, table size: 16
	.data: load addr=2000b058, load size=00000092 bytes, run addr=2001f284, run size=0000027c bytes, compression=lzss
	.bss: load addr=2000b0f8, load size=00000008 bytes, run addr=2001f000, run size=00000284 bytes, compression=zero_init


LINKER GENERATED HANDLER TABLE

__TI_handler_table @ 2000b0ec records: 3, size/record: 4, table size: 12
	index: 0, handler: __TI_decompress_lzss
	index: 1, handler: __TI_decompress_none
	index: 2, handler: __TI_zero_init


GLOBAL SYMBOLS: SORTED ALPHABETICALLY BY Name 

address   name                           
-------   ----                           
20006fc5  Adafruit_Init                  
20009c29  C$$EXIT                        
20009917  C$$IO$$                        
2000a639  CPUcpsie                       
20007a71  ClearTerm                      
2000713b  Color565                       
20007a7b  Error                          
20009fc5  GPIODirModeSet                 
2000a64d  GPIOIntClear                   
2000a459  GPIOIntDisable                 
2000a473  GPIOIntEnable                  
2000a315  GPIOIntRegister                
2000a251  GPIOIntStatus                  
20009415  GPIOIntTypeSet                 
2000a295  GPIOPinWrite                   
20007ab3  GetCmd                         
20009e81  HOSTclose                      
20009819  HOSTlseek                      
200099b5  HOSTopen                       
20009b25  HOSTread                       
20009881  HOSTrename                     
20009ec5  HOSTunlink                     
20009b7d  HOSTwrite                      
20007a31  InitTerm                       
20008da9  IntDisable                     
20008e51  IntEnable                      
2000a729  IntMasterEnable                
20009bd5  IntPrioritySet                 
2000a2b5  IntRegister                    
2000a1e5  IntUnregister                  
2000a661  IntVTableBaseSet               
20007a4f  Message                        
20006e57  Outstr                         
200083b9  PRCMCC3200MCUInit              
2000a5e1  PRCMHIBRegRead                 
2000a5f7  PRCMHIBRegWrite                
2000a16d  PRCMPeripheralClkDisable       
20009f89  PRCMPeripheralClkEnable        
20009165  PRCMPeripheralClockGet         
20009acd  PRCMPeripheralReset            
2000a0c1  PRCMSysResetCauseGet           
200091f9  PinConfigSet                   
20009f09  PinModeSet                     
20008669  PinMuxConfig                   
2000a031  PinTypeGPIO                    
2000a48d  PinTypeSPI                     
2000a4a7  PinTypeUART                    
20007bf1  Report                         
2000a703  ResetISR                       
UNDEFED   SHT$$INIT_ARRAY$$Base          
UNDEFED   SHT$$INIT_ARRAY$$Limit         
2000a4c1  SPICSDisable                   
2000a4d9  SPICSEnable                    
20008ef9  SPIConfigSetExpClk             
2000a2d5  SPIDataGet                     
2000a333  SPIDataPut                     
2000a4f1  SPIEnable                      
2000a273  SPIReset                       
2000a73b  SysCtlDelay                    
2000a6d5  SysTickEnable                  
200077b1  SysTickHandler                 
20007843  SysTickInit                    
2000a6e5  SysTickIntEnable               
2000a509  SysTickPeriodSet               
2000a711  SysTickValueGet                
20009df9  TimerConfigure                 
2000a351  TimerDisable                   
2000a36f  TimerEnable                    
2000a6b1  TimerIntClear                  
2000a521  TimerIntDisable                
2000a539  TimerIntEnable                 
20009589  TimerIntRegister               
2000a38d  TimerIntStatus                 
20009749  TimerIntUnregister             
2000a119  TimerLoadSet                   
2000a143  TimerPrescaleSet               
2000a405  TimerValueGet                  
20008367  Timer_IF_DeInit                
20008399  Timer_IF_GetCount              
200082a1  Timer_IF_Init                  
200082d3  Timer_IF_IntSetup              
2000831f  Timer_IF_InterruptClear        
20008381  Timer_IF_ReLoad                
20008337  Timer_IF_Start                 
20008357  Timer_IF_Stop                  
20007b59  TrimSpace                      
2000a60d  UARTCharGet                    
2000a421  UARTCharGetNonBlocking         
2000a3ab  UARTCharPut                    
2000a551  UARTCharsAvail                 
20009511  UARTConfigSetExpClk            
2000a569  UARTDMADisable                 
2000a581  UARTDMAEnable                  
2000a061  UARTDisable                    
2000a209  UARTEnable                     
2000a6c3  UARTIntClear                   
2000a599  UARTIntEnable                  
2000a3c9  UARTIntRegister                
200079e5  UTUtilsDelay                   
200079d3  UTUtilsDelayCycles             
200078e5  UTUtilsGetSysTime              
2000798d  UTUtilsWaitForCount            
2000a741  UtilsDelay                     
2001f000  __CIOBUF_                      
20030000  __STACK_END                    
00001000  __STACK_SIZE                   
00008000  __SYSMEM_SIZE                  
2000b100  __TI_CINIT_Base                
2000b110  __TI_CINIT_Limit               
2000b0ec  __TI_Handler_Table_Base        
2000b0f8  __TI_Handler_Table_Limit       
200095f9  __TI_auto_init                 
20007f6d  __TI_cleanup                   
2001f4bc  __TI_cleanup_ptr               
20009035  __TI_closefile                 
200097b1  __TI_decompress_lzss           
2000a6f5  __TI_decompress_none           
20008b79  __TI_doflush                   
2001f4c0  __TI_dtors_ptr                 
2001f4c4  __TI_enable_exit_profile_output
2001f4ac  __TI_ft_end                    
ffffffff  __TI_pprof_out_hndl            
20004c39  __TI_printfi                   
ffffffff  __TI_prof_data_size            
ffffffff  __TI_prof_data_start           
20008d5f  __TI_rd_ok                     
2000991b  __TI_readmsg                   
2000b058  __TI_static_base__             
2001f120  __TI_tmpnams                   
200098e9  __TI_writemsg                  
20008cfd  __TI_wrt_ok                    
2000a71d  __TI_zero_init                 
20009309  __aeabi_cdcmpeq                
20009309  __aeabi_cdcmple                
2000938f  __aeabi_cdrcmple               
20009db1  __aeabi_d2iz                   
20008073  __aeabi_dadd                   
20008531  __aeabi_ddiv                   
200088d1  __aeabi_dmul                   
20008069  __aeabi_dsub                   
2000a091  __aeabi_i2d                    
20009497  __aeabi_memclr                 
20009497  __aeabi_memclr4                
20009497  __aeabi_memclr8                
20008f99  __aeabi_memcpy                 
20008f99  __aeabi_memcpy4                
20008f99  __aeabi_memcpy8                
20009499  __aeabi_memset                 
20009499  __aeabi_memset4                
20009499  __aeabi_memset8                
2001f4b8  __aeabi_stderr                 
2001f4b0  __aeabi_stdin                  
2001f4b4  __aeabi_stdout                 
20007cb1  __aeabi_uldivmod               
ffffffff  __binit__                      
ffffffff  __c_args__                     
200073df  __mpu_init                     
2002f000  __stack                        
2000a5b1  _args_main                     
20009f49  _c_int00                       
2000ac47  _ctypes_                       
2001f374  _device                        
2001f284  _ftable                        
2001f4e0  _lock                          
2000a683  _nop                           
2000a67b  _register_lock                 
2000a675  _register_unlock               
2001f3ec  _stream                        
20017000  _sys_memory                    
2000821f  _system_post_cinit             
2000a747  _system_pre_init               
2001f4e4  _unlock                        
20009c2d  abort                          
20009cd1  atoi                           
ffffffff  binit                          
2001f43c  buffer                         
2001f274  buttom_x                       
2001f278  buttom_y                       
2001f48c  buttonEndTime                  
2001f490  buttonStartTime                
20007781  calloc                         
20009a15  close                          
20009d1d  copy_in                        
2000a733  copysign                       
2000a733  copysignl                      
2001f47c  counter                        
2001f484  current                        
2001f494  cursor_x                       
2001f498  cursor_y                       
20005e23  decodeBinary                   
20005ef5  decodeChar                     
20005da9  decodeSignal                   
20005525  delay                          
20006d0b  drawChar                       
200064ad  drawCircle                     
200065e1  drawCircleHelper               
200072e9  drawFastHLine                  
20007249  drawFastVLine                  
20006827  drawLine                       
20007385  drawPixel                      
20006913  drawRect                       
20006961  drawRoundRect                  
20006ac9  drawTriangle                   
2001f4f0  errno                          
20009c35  exit                           
2000909b  fclose                         
20008bc5  fflush                         
200066ff  fillCircle                     
20006739  fillCircleHelper               
20007193  fillRect                       
20006a4f  fillRoundRect                  
2000717d  fillScreen                     
20006b0b  fillTriangle                   
20009669  finddevice                     
20007fc3  fopen                          
200090cd  fputc                          
2000879d  fputs                          
200074cb  free                           
20007f99  freopen                        
20009a71  frexp                          
20009a71  frexpl                         
20009951  fseek                          
20004000  g_pfnVectors                   
2001f27c  g_ulClockRate                  
20009693  getdevice                      
200070f7  goTo                           
20006f0b  height                         
200073c3  invert                         
20005a97  lcdTestPattern                 
20005b67  lcdTestPattern2                
20008aa9  ldexp                          
20008aa9  ldexpl                         
2000a195  lseek                          
20009c7d  ltoa                           
200061e5  main                           
2001f4fc  main_func_sp                   
20007461  malloc                         
20007695  memalign                       
2000a43d  memccpy                        
2000a2f5  memchr                         
20008f99  memcpy                         
2000a22d  memmove                        
2000949f  memset                         
2000b054  middleValue                    
200073e1  minit                          
20006019  oledInit                       
200061b9  oledTest                       
20008c41  open                           
2001f478  p                              
2001f265  parmbuf                        
2001f280  position                       
2001f480  prev                           
20006069  printChar                      
20006107  printCharButtom                
200096e1  printf                         
200090cd  putc                           
20009151  putchar                        
200088a9  puts                           
2000758b  realloc                        
2000a0ed  remove                         
20008aa9  scalbn                         
20008aa9  scalbnl                        
20006ea3  setCursor                      
20006edb  setTextColor                   
20006ebb  setTextSize                    
20006ef3  setTextWrap                    
200089cd  setvbuf                        
2001f488  startFlag                      
2000a3e7  strcat                         
2000a623  strchr                         
2000a5c9  strcmp                         
2000a689  strcpy                         
2000a69d  strlen                         
20009ffb  strncpy                        
2000575b  testdrawcircles                
200055cb  testdrawrects                  
20005559  testfastlines                  
200056e9  testfillcircles                
2000562b  testfillrects                  
200058c9  testlines                      
20005c37  testmessage                    
20005857  testroundrects                 
200057d5  testtriangles                  
2001f4a4  textbgcolor                    
2001f4a0  textcolor                      
2001f49c  textsize                       
2001f1c0  timeSeries                     
2000a0ed  unlink                         
20009281  vsnprintf                      
20006f07  width                          
2001f4a8  wrap                           
2000a1bd  write                          
20006f2d  writeCommand                   
20006f79  writeData                      


GLOBAL SYMBOLS: SORTED BY Symbol Address 

address   name                           
-------   ----                           
00001000  __STACK_SIZE                   
00008000  __SYSMEM_SIZE                  
20004000  g_pfnVectors                   
20004c39  __TI_printfi                   
20005525  delay                          
20005559  testfastlines                  
200055cb  testdrawrects                  
2000562b  testfillrects                  
200056e9  testfillcircles                
2000575b  testdrawcircles                
200057d5  testtriangles                  
20005857  testroundrects                 
200058c9  testlines                      
20005a97  lcdTestPattern                 
20005b67  lcdTestPattern2                
20005c37  testmessage                    
20005da9  decodeSignal                   
20005e23  decodeBinary                   
20005ef5  decodeChar                     
20006019  oledInit                       
20006069  printChar                      
20006107  printCharButtom                
200061b9  oledTest                       
200061e5  main                           
200064ad  drawCircle                     
200065e1  drawCircleHelper               
200066ff  fillCircle                     
20006739  fillCircleHelper               
20006827  drawLine                       
20006913  drawRect                       
20006961  drawRoundRect                  
20006a4f  fillRoundRect                  
20006ac9  drawTriangle                   
20006b0b  fillTriangle                   
20006d0b  drawChar                       
20006e57  Outstr                         
20006ea3  setCursor                      
20006ebb  setTextSize                    
20006edb  setTextColor                   
20006ef3  setTextWrap                    
20006f07  width                          
20006f0b  height                         
20006f2d  writeCommand                   
20006f79  writeData                      
20006fc5  Adafruit_Init                  
200070f7  goTo                           
2000713b  Color565                       
2000717d  fillScreen                     
20007193  fillRect                       
20007249  drawFastVLine                  
200072e9  drawFastHLine                  
20007385  drawPixel                      
200073c3  invert                         
200073df  __mpu_init                     
200073e1  minit                          
20007461  malloc                         
200074cb  free                           
2000758b  realloc                        
20007695  memalign                       
20007781  calloc                         
200077b1  SysTickHandler                 
20007843  SysTickInit                    
200078e5  UTUtilsGetSysTime              
2000798d  UTUtilsWaitForCount            
200079d3  UTUtilsDelayCycles             
200079e5  UTUtilsDelay                   
20007a31  InitTerm                       
20007a4f  Message                        
20007a71  ClearTerm                      
20007a7b  Error                          
20007ab3  GetCmd                         
20007b59  TrimSpace                      
20007bf1  Report                         
20007cb1  __aeabi_uldivmod               
20007f6d  __TI_cleanup                   
20007f99  freopen                        
20007fc3  fopen                          
20008069  __aeabi_dsub                   
20008073  __aeabi_dadd                   
2000821f  _system_post_cinit             
200082a1  Timer_IF_Init                  
200082d3  Timer_IF_IntSetup              
2000831f  Timer_IF_InterruptClear        
20008337  Timer_IF_Start                 
20008357  Timer_IF_Stop                  
20008367  Timer_IF_DeInit                
20008381  Timer_IF_ReLoad                
20008399  Timer_IF_GetCount              
200083b9  PRCMCC3200MCUInit              
20008531  __aeabi_ddiv                   
20008669  PinMuxConfig                   
2000879d  fputs                          
200088a9  puts                           
200088d1  __aeabi_dmul                   
200089cd  setvbuf                        
20008aa9  ldexp                          
20008aa9  ldexpl                         
20008aa9  scalbn                         
20008aa9  scalbnl                        
20008b79  __TI_doflush                   
20008bc5  fflush                         
20008c41  open                           
20008cfd  __TI_wrt_ok                    
20008d5f  __TI_rd_ok                     
20008da9  IntDisable                     
20008e51  IntEnable                      
20008ef9  SPIConfigSetExpClk             
20008f99  __aeabi_memcpy                 
20008f99  __aeabi_memcpy4                
20008f99  __aeabi_memcpy8                
20008f99  memcpy                         
20009035  __TI_closefile                 
2000909b  fclose                         
200090cd  fputc                          
200090cd  putc                           
20009151  putchar                        
20009165  PRCMPeripheralClockGet         
200091f9  PinConfigSet                   
20009281  vsnprintf                      
20009309  __aeabi_cdcmpeq                
20009309  __aeabi_cdcmple                
2000938f  __aeabi_cdrcmple               
20009415  GPIOIntTypeSet                 
20009497  __aeabi_memclr                 
20009497  __aeabi_memclr4                
20009497  __aeabi_memclr8                
20009499  __aeabi_memset                 
20009499  __aeabi_memset4                
20009499  __aeabi_memset8                
2000949f  memset                         
20009511  UARTConfigSetExpClk            
20009589  TimerIntRegister               
200095f9  __TI_auto_init                 
20009669  finddevice                     
20009693  getdevice                      
200096e1  printf                         
20009749  TimerIntUnregister             
200097b1  __TI_decompress_lzss           
20009819  HOSTlseek                      
20009881  HOSTrename                     
200098e9  __TI_writemsg                  
20009917  C$$IO$$                        
2000991b  __TI_readmsg                   
20009951  fseek                          
200099b5  HOSTopen                       
20009a15  close                          
20009a71  frexp                          
20009a71  frexpl                         
20009acd  PRCMPeripheralReset            
20009b25  HOSTread                       
20009b7d  HOSTwrite                      
20009bd5  IntPrioritySet                 
20009c29  C$$EXIT                        
20009c2d  abort                          
20009c35  exit                           
20009c7d  ltoa                           
20009cd1  atoi                           
20009d1d  copy_in                        
20009db1  __aeabi_d2iz                   
20009df9  TimerConfigure                 
20009e81  HOSTclose                      
20009ec5  HOSTunlink                     
20009f09  PinModeSet                     
20009f49  _c_int00                       
20009f89  PRCMPeripheralClkEnable        
20009fc5  GPIODirModeSet                 
20009ffb  strncpy                        
2000a031  PinTypeGPIO                    
2000a061  UARTDisable                    
2000a091  __aeabi_i2d                    
2000a0c1  PRCMSysResetCauseGet           
2000a0ed  remove                         
2000a0ed  unlink                         
2000a119  TimerLoadSet                   
2000a143  TimerPrescaleSet               
2000a16d  PRCMPeripheralClkDisable       
2000a195  lseek                          
2000a1bd  write                          
2000a1e5  IntUnregister                  
2000a209  UARTEnable                     
2000a22d  memmove                        
2000a251  GPIOIntStatus                  
2000a273  SPIReset                       
2000a295  GPIOPinWrite                   
2000a2b5  IntRegister                    
2000a2d5  SPIDataGet                     
2000a2f5  memchr                         
2000a315  GPIOIntRegister                
2000a333  SPIDataPut                     
2000a351  TimerDisable                   
2000a36f  TimerEnable                    
2000a38d  TimerIntStatus                 
2000a3ab  UARTCharPut                    
2000a3c9  UARTIntRegister                
2000a3e7  strcat                         
2000a405  TimerValueGet                  
2000a421  UARTCharGetNonBlocking         
2000a43d  memccpy                        
2000a459  GPIOIntDisable                 
2000a473  GPIOIntEnable                  
2000a48d  PinTypeSPI                     
2000a4a7  PinTypeUART                    
2000a4c1  SPICSDisable                   
2000a4d9  SPICSEnable                    
2000a4f1  SPIEnable                      
2000a509  SysTickPeriodSet               
2000a521  TimerIntDisable                
2000a539  TimerIntEnable                 
2000a551  UARTCharsAvail                 
2000a569  UARTDMADisable                 
2000a581  UARTDMAEnable                  
2000a599  UARTIntEnable                  
2000a5b1  _args_main                     
2000a5c9  strcmp                         
2000a5e1  PRCMHIBRegRead                 
2000a5f7  PRCMHIBRegWrite                
2000a60d  UARTCharGet                    
2000a623  strchr                         
2000a639  CPUcpsie                       
2000a64d  GPIOIntClear                   
2000a661  IntVTableBaseSet               
2000a675  _register_unlock               
2000a67b  _register_lock                 
2000a683  _nop                           
2000a689  strcpy                         
2000a69d  strlen                         
2000a6b1  TimerIntClear                  
2000a6c3  UARTIntClear                   
2000a6d5  SysTickEnable                  
2000a6e5  SysTickIntEnable               
2000a6f5  __TI_decompress_none           
2000a703  ResetISR                       
2000a711  SysTickValueGet                
2000a71d  __TI_zero_init                 
2000a729  IntMasterEnable                
2000a733  copysign                       
2000a733  copysignl                      
2000a73b  SysCtlDelay                    
2000a741  UtilsDelay                     
2000a747  _system_pre_init               
2000ac47  _ctypes_                       
2000b054  middleValue                    
2000b058  __TI_static_base__             
2000b0ec  __TI_Handler_Table_Base        
2000b0f8  __TI_Handler_Table_Limit       
2000b100  __TI_CINIT_Base                
2000b110  __TI_CINIT_Limit               
20017000  _sys_memory                    
2001f000  __CIOBUF_                      
2001f120  __TI_tmpnams                   
2001f1c0  timeSeries                     
2001f265  parmbuf                        
2001f274  buttom_x                       
2001f278  buttom_y                       
2001f27c  g_ulClockRate                  
2001f280  position                       
2001f284  _ftable                        
2001f374  _device                        
2001f3ec  _stream                        
2001f43c  buffer                         
2001f478  p                              
2001f47c  counter                        
2001f480  prev                           
2001f484  current                        
2001f488  startFlag                      
2001f48c  buttonEndTime                  
2001f490  buttonStartTime                
2001f494  cursor_x                       
2001f498  cursor_y                       
2001f49c  textsize                       
2001f4a0  textcolor                      
2001f4a4  textbgcolor                    
2001f4a8  wrap                           
2001f4ac  __TI_ft_end                    
2001f4b0  __aeabi_stdin                  
2001f4b4  __aeabi_stdout                 
2001f4b8  __aeabi_stderr                 
2001f4bc  __TI_cleanup_ptr               
2001f4c0  __TI_dtors_ptr                 
2001f4c4  __TI_enable_exit_profile_output
2001f4e0  _lock                          
2001f4e4  _unlock                        
2001f4f0  errno                          
2001f4fc  main_func_sp                   
2002f000  __stack                        
20030000  __STACK_END                    
ffffffff  __TI_pprof_out_hndl            
ffffffff  __TI_prof_data_size            
ffffffff  __TI_prof_data_start           
ffffffff  __binit__                      
ffffffff  __c_args__                     
ffffffff  binit                          
UNDEFED   SHT$$INIT_ARRAY$$Base          
UNDEFED   SHT$$INIT_ARRAY$$Limit         

[294 symbols]
