******************************************************************************
                  TI ARM Linker PC v16.9.6                     
******************************************************************************
>> Linked Mon Apr 09 19:03:09 2018

OUTPUT FILE NAME:   <spi_demo.out>
ENTRY POINT SYMBOL: "_c_int00"  address: 2000881d


MEMORY CONFIGURATION

         name            origin    length      used     unused   attr    fill
----------------------  --------  ---------  --------  --------  ----  --------
  SRAM_CODE             20004000   00013000  000054b0  0000db50  RW X
  SRAM_DATA             20017000   00019000  00001044  00017fbc  RW X


SEGMENT ALLOCATION MAP

run origin  load origin   length   init length attrs members
----------  ----------- ---------- ----------- ----- -------
20004000    20004000    000054b0   000054b0    r-x
  20004000    20004000    00000400   00000400    r-- .intvecs
  20004400    20004400    0000483c   0000483c    r-x .text
  20008c3c    20008c3c    00000824   00000824    r-- .const
  20009460    20009460    00000050   00000050    r-- .cinit
20017000    20017000    00000844   00000000    rw-
  20017000    20017000    00000800   00000000    rw- .sysmem
  20017800    20017800    00000040   00000000    rw- .data
  20017840    20017840    00000004   00000000    rw- .bss
2002f800    2002f800    00000800   00000000    rw-
  2002f800    2002f800    00000800   00000000    rw- .stack


SECTION ALLOCATION MAP

 output                                  attributes/
section   page    origin      length       input sections
--------  ----  ----------  ----------   ----------------
.intvecs   0    20004000    00000400     
                  20004000    00000400     startup_ccs.obj (.intvecs)

.init_array 
*          0    20004000    00000000     UNINITIALIZED

.text      0    20004400    0000483c     
                  20004400    00001122     rtsv7M4_T_le_eabi.lib : _printfi.obj (.text)
                  20005522    00000002                           : mpu_init.obj (.text)
                  20005524    00000b50     main.obj (.text)
                  20006074    00000a80     Adafruit_GFX.obj (.text)
                  20006af4    000004c2     Adafruit_OLED.obj (.text)
                  20006fb6    00000002     rtsv7M4_T_le_eabi.lib : startup.obj (.text)
                  20006fb8    000003d0                           : memory.obj (.text)
                  20007388    00000280     uart_if.obj (.text)
                  20007608    000001f4     rtsv7M4_T_le_eabi.lib : ull_div_t2.obj (.text)
                  200077fc    000001b6                           : fd_add_t2.obj (.text)
                  200079b2    00000002     --HOLE-- [fill = 0]
                  200079b4    00000178     driverlib.a : prcm.obj (.text:PRCMCC3200MCUInit)
                  20007b2c    00000136     rtsv7M4_T_le_eabi.lib : fd_div_t2.obj (.text)
                  20007c62    00000002     --HOLE-- [fill = 0]
                  20007c64    00000114     pin_mux_config.obj (.text)
                  20007d78    000000fc     rtsv7M4_T_le_eabi.lib : fd_mul_t2.obj (.text)
                  20007e74    000000d0                           : s_scalbn.obj (.text)
                  20007f44    000000a8     driverlib.a : interrupt.obj (.text:IntEnable)
                  20007fec    000000a0                 : spi.obj (.text:SPIConfigSetExpClk)
                  2000808c    0000009c     rtsv7M4_T_le_eabi.lib : memcpy_t2.obj (.text)
                  20008128    00000094     driverlib.a : prcm.obj (.text:PRCMPeripheralClockGet)
                  200081bc    00000088                 : pin.obj (.text:PinConfigSet)
                  20008244    00000088     rtsv7M4_T_le_eabi.lib : vsnprintf.obj (.text)
                  200082cc    00000086                           : fd_cmp_t2.obj (.text:__aeabi_cdcmple)
                  20008352    00000086                           : fd_cmp_t2.obj (.text:__aeabi_cdrcmple)
                  200083d8    0000007a                           : memset_t2.obj (.text)
                  20008452    00000076     driverlib.a : uart.obj (.text:UARTConfigSetExpClk)
                  200084c8    00000070     rtsv7M4_T_le_eabi.lib : autoinit.obj (.text)
                  20008538    00000068                           : copy_decompress_lzss.obj (.text:decompress:lzss)
                  200085a0    0000005c                           : s_frexp.obj (.text)
                  200085fc    00000058     driverlib.a : prcm.obj (.text:PRCMPeripheralReset)
                  20008654    00000054     rtsv7M4_T_le_eabi.lib : exit.obj (.text)
                  200086a8    00000054                           : ltoa.obj (.text)
                  200086fc    0000004c                           : atoi.obj (.text)
                  20008748    0000004c                           : cpy_tbl.obj (.text)
                  20008794    00000048                           : fd_toi_t2.obj (.text)
                  200087dc    00000040     driverlib.a : pin.obj (.text:PinModeSet)
                  2000881c    00000040     rtsv7M4_T_le_eabi.lib : boot.obj (.text)
                  2000885c    0000003c     driverlib.a : prcm.obj (.text:PRCMPeripheralClkEnable)
                  20008898    00000036                 : gpio.obj (.text:GPIODirModeSet)
                  200088ce    00000030                 : pin.obj (.text:PinTypeGPIO)
                  200088fe    00000002     --HOLE-- [fill = 0]
                  20008900    00000030                 : uart.obj (.text:UARTDisable)
                  20008930    0000002e     rtsv7M4_T_le_eabi.lib : i_tofd_t2.obj (.text)
                  2000895e    00000002     --HOLE-- [fill = 0]
                  20008960    0000002c     driverlib.a : prcm.obj (.text:PRCMSysResetCauseGet)
                  2000898c    00000028                 : prcm.obj (.text:PRCMPeripheralClkDisable)
                  200089b4    00000024                 : uart.obj (.text:UARTEnable)
                  200089d8    00000024     rtsv7M4_T_le_eabi.lib : memmov.obj (.text)
                  200089fc    00000022     driverlib.a : spi.obj (.text:SPIReset)
                  20008a1e    00000020                 : gpio.obj (.text:GPIOPinWrite)
                  20008a3e    00000020                 : spi.obj (.text:SPIDataGet)
                  20008a5e    0000001e                 : spi.obj (.text:SPIDataPut)
                  20008a7c    0000001e                 : uart.obj (.text:UARTCharPut)
                  20008a9a    0000001c                 : uart.obj (.text:UARTCharGetNonBlocking)
                  20008ab6    0000001c     rtsv7M4_T_le_eabi.lib : memccpy.obj (.text)
                  20008ad2    0000001a     driverlib.a : pin.obj (.text:PinTypeSPI)
                  20008aec    00000018                 : spi.obj (.text:SPICSDisable)
                  20008b04    00000018                 : spi.obj (.text:SPICSEnable)
                  20008b1c    00000018                 : spi.obj (.text:SPIEnable)
                  20008b34    00000018                 : uart.obj (.text:UARTCharsAvail)
                  20008b4c    00000018     rtsv7M4_T_le_eabi.lib : args_main.obj (.text)
                  20008b64    00000016     driverlib.a : prcm.obj (.text:PRCMHIBRegRead)
                  20008b7a    00000016                 : prcm.obj (.text:PRCMHIBRegWrite)
                  20008b90    00000016     rtsv7M4_T_le_eabi.lib : strchr.obj (.text)
                  20008ba6    00000014     driverlib.a : cpu.obj (.text:CPUcpsie)
                  20008bba    00000002     --HOLE-- [fill = 0]
                  20008bbc    00000014                 : interrupt.obj (.text:IntVTableBaseSet)
                  20008bd0    00000014     rtsv7M4_T_le_eabi.lib : _lock.obj (.text)
                  20008be4    00000014                           : strlen.obj (.text)
                  20008bf8    0000000e                           : copy_decompress_none.obj (.text:decompress:none)
                  20008c06    0000000e     startup_ccs.obj (.text)
                  20008c14    0000000c     rtsv7M4_T_le_eabi.lib : copy_zero_init.obj (.text:decompress:ZI)
                  20008c20    0000000a     driverlib.a : interrupt.obj (.text:IntMasterEnable)
                  20008c2a    00000008     rtsv7M4_T_le_eabi.lib : s_copysign.obj (.text)
                  20008c32    00000006     driverlib.a : utils.obj (.text:UtilsDelay)
                  20008c38    00000004     rtsv7M4_T_le_eabi.lib : pre_init.obj (.text)

.const     0    20008c3c    00000824     
                  20008c3c    000004fb     Adafruit_GFX.obj (.const:.string:font)
                  20009137    00000101     rtsv7M4_T_le_eabi.lib : ctype.obj (.const:.string:_ctypes_)
                  20009238    00000100     driverlib.a : pin.obj (.const:g_ulPinToPadMap)
                  20009338    000000a8                 : prcm.obj (.const:PRCM_PeriphRegsList)
                  200093e0    00000080                 : interrupt.obj (.const)

.cinit     0    20009460    00000050     
                  20009460    0000002b     (.cinit..data.load) [load image, compression = lzss]
                  2000948b    00000001     --HOLE-- [fill = 0]
                  2000948c    0000000c     (__TI_handler_table)
                  20009498    00000008     (.cinit..bss.load) [load image, compression = zero_init]
                  200094a0    00000010     (__TI_cinit_table)

.sysmem    0    20017000    00000800     UNINITIALIZED
                  20017000    00000008     rtsv7M4_T_le_eabi.lib : memory.obj (.sysmem)
                  20017008    000007f8     --HOLE--

.data      0    20017800    00000040     UNINITIALIZED
                  20017800    00000015     Adafruit_GFX.obj (.data)
                  20017815    00000003     --HOLE--
                  20017818    0000000c     rtsv7M4_T_le_eabi.lib : exit.obj (.data:$O1$$)
                  20017824    0000000c                           : memory.obj (.data:$O1$$)
                  20017830    00000008                           : _lock.obj (.data:$O1$$)
                  20017838    00000004                           : errno.obj (.data)
                  2001783c    00000004                           : stkdepth_vars.obj (.data)

.bss       0    20017840    00000004     UNINITIALIZED
                  20017840    00000004     uart_if.obj (.bss)

.stack     0    2002f800    00000800     UNINITIALIZED
                  2002f800    00000800     --HOLE--

MODULE SUMMARY

       Module                     code    ro data   rw data
       ------                     ----    -------   -------
    .\
       Adafruit_GFX.obj           2688    1275      21     
       main.obj                   2896    0         0      
       Adafruit_OLED.obj          1218    0         0      
       startup_ccs.obj            14      1024      0      
       uart_if.obj                640     0         4      
       pin_mux_config.obj         276     0         0      
    +--+--------------------------+-------+---------+---------+
       Total:                     7732    2299      25     
                                                           
    E:/TI/CC3200SDK_1.3.0/cc3200-sdk/driverlib/ccs/Release/driverlib.a
       prcm.obj                   800     168       0      
       pin.obj                    274     256       0      
       spi.obj                    328     0         0      
       interrupt.obj              198     128       0      
       uart.obj                   284     0         0      
       gpio.obj                   86      0         0      
       cpu.obj                    20      0         0      
       utils.obj                  6       0         0      
    +--+--------------------------+-------+---------+---------+
       Total:                     1996    552       0      
                                                           
    E:\CCS\ccsv7\tools\compiler\ti-cgt-arm_16.9.6.LTS\lib\rtsv7M4_T_le_eabi.lib
       _printfi.obj               4386    0         0      
       memory.obj                 976     0         12     
       ull_div_t2.obj             500     0         0      
       fd_add_t2.obj              438     0         0      
       fd_div_t2.obj              310     0         0      
       fd_cmp_t2.obj              268     0         0      
       ctype.obj                  0       257       0      
       fd_mul_t2.obj              252     0         0      
       s_scalbn.obj               208     0         0      
       memcpy_t2.obj              156     0         0      
       vsnprintf.obj              136     0         0      
       memset_t2.obj              122     0         0      
       autoinit.obj               112     0         0      
       copy_decompress_lzss.obj   104     0         0      
       exit.obj                   84      0         12     
       s_frexp.obj                92      0         0      
       ltoa.obj                   84      0         0      
       atoi.obj                   76      0         0      
       cpy_tbl.obj                76      0         0      
       fd_toi_t2.obj              72      0         0      
       boot.obj                   64      0         0      
       i_tofd_t2.obj              46      0         0      
       memmov.obj                 36      0         0      
       _lock.obj                  20      0         8      
       memccpy.obj                28      0         0      
       args_main.obj              24      0         0      
       strchr.obj                 22      0         0      
       strlen.obj                 20      0         0      
       copy_decompress_none.obj   14      0         0      
       copy_zero_init.obj         12      0         0      
       s_copysign.obj             8       0         0      
       errno.obj                  0       0         4      
       pre_init.obj               4       0         0      
       stkdepth_vars.obj          0       0         4      
       mpu_init.obj               2       0         0      
       startup.obj                2       0         0      
    +--+--------------------------+-------+---------+---------+
       Total:                     8754    257       40     
                                                           
       Heap:                      0       0         2048   
       Stack:                     0       0         2048   
       Linker Generated:          0       79        0      
    +--+--------------------------+-------+---------+---------+
       Grand Total:               18482   3187      4161   


LINKER GENERATED COPY TABLES

__TI_cinit_table @ 200094a0 records: 2, size/record: 8, table size: 16
	.data: load addr=20009460, load size=0000002b bytes, run addr=20017800, run size=00000040 bytes, compression=lzss
	.bss: load addr=20009498, load size=00000008 bytes, run addr=20017840, run size=00000004 bytes, compression=zero_init


LINKER GENERATED HANDLER TABLE

__TI_handler_table @ 2000948c records: 3, size/record: 4, table size: 12
	index: 0, handler: __TI_decompress_lzss
	index: 1, handler: __TI_decompress_none
	index: 2, handler: __TI_zero_init


GLOBAL SYMBOLS: SORTED ALPHABETICALLY BY Name 

address   name                           
-------   ----                           
20006ba1  Adafruit_Init                  
20008655  C$$EXIT                        
20008ba7  CPUcpsie                       
200073c9  ClearTerm                      
20006d17  Color565                       
200073d3  Error                          
20008899  GPIODirModeSet                 
20008a1f  GPIOPinWrite                   
2000740b  GetCmd                         
UNDEFED   I2C_IF_Open                    
UNDEFED   I2C_IF_Read                    
UNDEFED   I2C_IF_Write                   
20007389  InitTerm                       
20007f45  IntEnable                      
20008c21  IntMasterEnable                
20008bbd  IntVTableBaseSet               
200073a7  Message                        
20006a1f  Outstr                         
200079b5  PRCMCC3200MCUInit              
20008b65  PRCMHIBRegRead                 
20008b7b  PRCMHIBRegWrite                
2000898d  PRCMPeripheralClkDisable       
2000885d  PRCMPeripheralClkEnable        
20008129  PRCMPeripheralClockGet         
200085fd  PRCMPeripheralReset            
20008961  PRCMSysResetCauseGet           
200081bd  PinConfigSet                   
200087dd  PinModeSet                     
20007c65  PinMuxConfig                   
200088cf  PinTypeGPIO                    
20008ad3  PinTypeSPI                     
20007549  Report                         
20008c07  ResetISR                       
UNDEFED   SHT$$INIT_ARRAY$$Base          
UNDEFED   SHT$$INIT_ARRAY$$Limit         
20008aed  SPICSDisable                   
20008b05  SPICSEnable                    
20007fed  SPIConfigSetExpClk             
20008a3f  SPIDataGet                     
20008a5f  SPIDataPut                     
20008b1d  SPIEnable                      
200089fd  SPIReset                       
200074b1  TrimSpace                      
20008a9b  UARTCharGetNonBlocking         
20008a7d  UARTCharPut                    
20008b35  UARTCharsAvail                 
20008453  UARTConfigSetExpClk            
20008901  UARTDisable                    
200089b5  UARTEnable                     
20008c33  UtilsDelay                     
20030000  __STACK_END                    
00000800  __STACK_SIZE                   
00000800  __SYSMEM_SIZE                  
200094a0  __TI_CINIT_Base                
200094b0  __TI_CINIT_Limit               
2000948c  __TI_Handler_Table_Base        
20009498  __TI_Handler_Table_Limit       
200084c9  __TI_auto_init                 
20017818  __TI_cleanup_ptr               
20008539  __TI_decompress_lzss           
20008bf9  __TI_decompress_none           
2001781c  __TI_dtors_ptr                 
20017820  __TI_enable_exit_profile_output
ffffffff  __TI_pprof_out_hndl            
20004c39  __TI_printfi                   
ffffffff  __TI_prof_data_size            
ffffffff  __TI_prof_data_start           
20009460  __TI_static_base__             
20008c15  __TI_zero_init                 
200082cd  __aeabi_cdcmpeq                
200082cd  __aeabi_cdcmple                
20008353  __aeabi_cdrcmple               
20008795  __aeabi_d2iz                   
20007807  __aeabi_dadd                   
20007b2d  __aeabi_ddiv                   
20007d79  __aeabi_dmul                   
200077fd  __aeabi_dsub                   
20008931  __aeabi_i2d                    
200083d9  __aeabi_memclr                 
200083d9  __aeabi_memclr4                
200083d9  __aeabi_memclr8                
2000808d  __aeabi_memcpy                 
2000808d  __aeabi_memcpy4                
2000808d  __aeabi_memcpy8                
200083db  __aeabi_memset                 
200083db  __aeabi_memset4                
200083db  __aeabi_memset8                
20007609  __aeabi_uldivmod               
ffffffff  __binit__                      
ffffffff  __c_args__                     
20005523  __mpu_init                     
2002f800  __stack                        
20008b4d  _args_main                     
2000881d  _c_int00                       
20009137  _ctypes_                       
20017830  _lock                          
20008bdf  _nop                           
20008bd7  _register_lock                 
20008bd1  _register_unlock               
20017000  _sys_memory                    
20006fb7  _system_post_cinit             
20008c39  _system_pre_init               
20017834  _unlock                        
20008659  abort                          
200086fd  atoi                           
ffffffff  binit                          
20007359  calloc                         
20005c37  colorBand                      
20005ce1  colorStrip                     
20008749  copy_in                        
20008c2b  copysign                       
20008c2b  copysignl                      
20017800  cursor_x                       
20017804  cursor_y                       
20005525  delay                          
200068d3  drawChar                       
20006075  drawCircle                     
200061a9  drawCircleHelper               
20006ec1  drawFastHLine                  
20006e21  drawFastVLine                  
200063ef  drawLine                       
20006f5d  drawPixel                      
200064db  drawRect                       
20006529  drawRoundRect                  
20006691  drawTriangle                   
20017838  errno                          
20008661  exit                           
UNDEFED   fillASCII                      
200062c7  fillCircle                     
20006301  fillCircleHelper               
20006d6f  fillRect                       
20006617  fillRoundRect                  
20006d59  fillScreen                     
200066d3  fillTriangle                   
200070a3  free                           
200085a1  frexp                          
200085a1  frexpl                         
20004000  g_pfnVectors                   
20006cd3  goTo                           
20006ad3  height                         
20006f9b  invert                         
20005a97  lcdTestPattern                 
20005b67  lcdTestPattern2                
20007e75  ldexp                          
20007e75  ldexpl                         
200086a9  ltoa                           
20005e69  main                           
2001783c  main_func_sp                   
20007039  malloc                         
2000726d  memalign                       
20008ab7  memccpy                        
2000808d  memcpy                         
200089d9  memmove                        
200083e1  memset                         
20006fb9  minit                          
20007163  realloc                        
20007e75  scalbn                         
20007e75  scalbnl                        
20006a6b  setCursor                      
20006aa3  setTextColor                   
20006a83  setTextSize                    
20006abb  setTextWrap                    
20008b91  strchr                         
20008be5  strlen                         
20005d8b  testDrawing                    
2000575b  testdrawcircles                
200055cb  testdrawrects                  
20005559  testfastlines                  
200056e9  testfillcircles                
2000562b  testfillrects                  
200058c9  testlines                      
20005857  testroundrects                 
200057d5  testtriangles                  
20017810  textbgcolor                    
2001780c  textcolor                      
20017808  textsize                       
20008245  vsnprintf                      
20006acf  width                          
20017814  wrap                           
20006af5  writeCommand                   
20006b4b  writeData                      


GLOBAL SYMBOLS: SORTED BY Symbol Address 

address   name                           
-------   ----                           
00000800  __STACK_SIZE                   
00000800  __SYSMEM_SIZE                  
20004000  g_pfnVectors                   
20004c39  __TI_printfi                   
20005523  __mpu_init                     
20005525  delay                          
20005559  testfastlines                  
200055cb  testdrawrects                  
2000562b  testfillrects                  
200056e9  testfillcircles                
2000575b  testdrawcircles                
200057d5  testtriangles                  
20005857  testroundrects                 
200058c9  testlines                      
20005a97  lcdTestPattern                 
20005b67  lcdTestPattern2                
20005c37  colorBand                      
20005ce1  colorStrip                     
20005d8b  testDrawing                    
20005e69  main                           
20006075  drawCircle                     
200061a9  drawCircleHelper               
200062c7  fillCircle                     
20006301  fillCircleHelper               
200063ef  drawLine                       
200064db  drawRect                       
20006529  drawRoundRect                  
20006617  fillRoundRect                  
20006691  drawTriangle                   
200066d3  fillTriangle                   
200068d3  drawChar                       
20006a1f  Outstr                         
20006a6b  setCursor                      
20006a83  setTextSize                    
20006aa3  setTextColor                   
20006abb  setTextWrap                    
20006acf  width                          
20006ad3  height                         
20006af5  writeCommand                   
20006b4b  writeData                      
20006ba1  Adafruit_Init                  
20006cd3  goTo                           
20006d17  Color565                       
20006d59  fillScreen                     
20006d6f  fillRect                       
20006e21  drawFastVLine                  
20006ec1  drawFastHLine                  
20006f5d  drawPixel                      
20006f9b  invert                         
20006fb7  _system_post_cinit             
20006fb9  minit                          
20007039  malloc                         
200070a3  free                           
20007163  realloc                        
2000726d  memalign                       
20007359  calloc                         
20007389  InitTerm                       
200073a7  Message                        
200073c9  ClearTerm                      
200073d3  Error                          
2000740b  GetCmd                         
200074b1  TrimSpace                      
20007549  Report                         
20007609  __aeabi_uldivmod               
200077fd  __aeabi_dsub                   
20007807  __aeabi_dadd                   
200079b5  PRCMCC3200MCUInit              
20007b2d  __aeabi_ddiv                   
20007c65  PinMuxConfig                   
20007d79  __aeabi_dmul                   
20007e75  ldexp                          
20007e75  ldexpl                         
20007e75  scalbn                         
20007e75  scalbnl                        
20007f45  IntEnable                      
20007fed  SPIConfigSetExpClk             
2000808d  __aeabi_memcpy                 
2000808d  __aeabi_memcpy4                
2000808d  __aeabi_memcpy8                
2000808d  memcpy                         
20008129  PRCMPeripheralClockGet         
200081bd  PinConfigSet                   
20008245  vsnprintf                      
200082cd  __aeabi_cdcmpeq                
200082cd  __aeabi_cdcmple                
20008353  __aeabi_cdrcmple               
200083d9  __aeabi_memclr                 
200083d9  __aeabi_memclr4                
200083d9  __aeabi_memclr8                
200083db  __aeabi_memset                 
200083db  __aeabi_memset4                
200083db  __aeabi_memset8                
200083e1  memset                         
20008453  UARTConfigSetExpClk            
200084c9  __TI_auto_init                 
20008539  __TI_decompress_lzss           
200085a1  frexp                          
200085a1  frexpl                         
200085fd  PRCMPeripheralReset            
20008655  C$$EXIT                        
20008659  abort                          
20008661  exit                           
200086a9  ltoa                           
200086fd  atoi                           
20008749  copy_in                        
20008795  __aeabi_d2iz                   
200087dd  PinModeSet                     
2000881d  _c_int00                       
2000885d  PRCMPeripheralClkEnable        
20008899  GPIODirModeSet                 
200088cf  PinTypeGPIO                    
20008901  UARTDisable                    
20008931  __aeabi_i2d                    
20008961  PRCMSysResetCauseGet           
2000898d  PRCMPeripheralClkDisable       
200089b5  UARTEnable                     
200089d9  memmove                        
200089fd  SPIReset                       
20008a1f  GPIOPinWrite                   
20008a3f  SPIDataGet                     
20008a5f  SPIDataPut                     
20008a7d  UARTCharPut                    
20008a9b  UARTCharGetNonBlocking         
20008ab7  memccpy                        
20008ad3  PinTypeSPI                     
20008aed  SPICSDisable                   
20008b05  SPICSEnable                    
20008b1d  SPIEnable                      
20008b35  UARTCharsAvail                 
20008b4d  _args_main                     
20008b65  PRCMHIBRegRead                 
20008b7b  PRCMHIBRegWrite                
20008b91  strchr                         
20008ba7  CPUcpsie                       
20008bbd  IntVTableBaseSet               
20008bd1  _register_unlock               
20008bd7  _register_lock                 
20008bdf  _nop                           
20008be5  strlen                         
20008bf9  __TI_decompress_none           
20008c07  ResetISR                       
20008c15  __TI_zero_init                 
20008c21  IntMasterEnable                
20008c2b  copysign                       
20008c2b  copysignl                      
20008c33  UtilsDelay                     
20008c39  _system_pre_init               
20009137  _ctypes_                       
20009460  __TI_static_base__             
2000948c  __TI_Handler_Table_Base        
20009498  __TI_Handler_Table_Limit       
200094a0  __TI_CINIT_Base                
200094b0  __TI_CINIT_Limit               
20017000  _sys_memory                    
20017800  cursor_x                       
20017804  cursor_y                       
20017808  textsize                       
2001780c  textcolor                      
20017810  textbgcolor                    
20017814  wrap                           
20017818  __TI_cleanup_ptr               
2001781c  __TI_dtors_ptr                 
20017820  __TI_enable_exit_profile_output
20017830  _lock                          
20017834  _unlock                        
20017838  errno                          
2001783c  main_func_sp                   
2002f800  __stack                        
20030000  __STACK_END                    
ffffffff  __TI_pprof_out_hndl            
ffffffff  __TI_prof_data_size            
ffffffff  __TI_prof_data_start           
ffffffff  __binit__                      
ffffffff  __c_args__                     
ffffffff  binit                          
UNDEFED   I2C_IF_Open                    
UNDEFED   I2C_IF_Read                    
UNDEFED   I2C_IF_Write                   
UNDEFED   SHT$$INIT_ARRAY$$Base          
UNDEFED   SHT$$INIT_ARRAY$$Limit         
UNDEFED   fillASCII                      

[181 symbols]
