******************************************************************************
                  TI ARM Linker PC v16.9.6                     
******************************************************************************
>> Linked Mon Apr 02 15:28:09 2018

OUTPUT FILE NAME:   <Lab1.out>
ENTRY POINT SYMBOL: "_c_int00"  address: 20005131


MEMORY CONFIGURATION

         name            origin    length      used     unused   attr    fill
----------------------  --------  ---------  --------  --------  ----  --------
  SRAM_CODE             20004000   00019000  00001716  000178ea  RW X
  SRAM_DATA             2001d000   00023000  0000083b  000227c5  RW X


SEGMENT ALLOCATION MAP

run origin  load origin   length   init length attrs members
----------  ----------- ---------- ----------- ----- -------
20004000    20004000    00001718   00001718    r-x
  20004000    20004000    00000400   00000400    r-- .intvecs
  20004400    20004400    00000fca   00000fca    r-x .text
  200053cc    200053cc    000002fc   000002fc    r-- .const
  200056c8    200056c8    00000050   00000050    r-- .cinit
2001d000    2001d000    0000003b   00000000    rw-
  2001d000    2001d000    00000038   00000000    rw- .data
  2001d038    2001d038    00000003   00000000    rw- .bss
2003f800    2003f800    00000800   00000000    rw-
  2003f800    2003f800    00000800   00000000    rw- .stack


SECTION ALLOCATION MAP

 output                                  attributes/
section   page    origin      length       input sections
--------  ----  ----------  ----------   ----------------
.intvecs   0    20004000    00000400     
                  20004000    00000400     startup_ccs.obj (.intvecs)

.init_array 
*          0    20004000    00000000     UNINITIALIZED

.text      0    20004400    00000fca     
                  20004400    00000398     gpio_if.obj (.text)
                  20004798    00000260     main.obj (.text)
                  200049f8    00000178     driverlib.a : prcm.obj (.text:PRCMCC3200MCUInit)
                  20004b70    000000a8                 : interrupt.obj (.text:IntEnable)
                  20004c18    0000009c     rtsv7M4_T_le_eabi.lib : memcpy_t2.obj (.text)
                  20004cb4    00000088     driverlib.a : pin.obj (.text:PinConfigSet)
                  20004d3c    00000082                 : gpio.obj (.text:GPIOIntTypeSet)
                  20004dbe    0000007a     rtsv7M4_T_le_eabi.lib : memset_t2.obj (.text)
                  20004e38    00000070                           : autoinit.obj (.text)
                  20004ea8    00000068                           : copy_decompress_lzss.obj (.text:decompress:lzss)
                  20004f10    00000058     driverlib.a : prcm.obj (.text:PRCMPeripheralReset)
                  20004f68    00000054                 : interrupt.obj (.text:IntPrioritySet)
                  20004fbc    00000054     rtsv7M4_T_le_eabi.lib : exit.obj (.text)
                  20005010    0000004c     pinmux.obj (.text)
                  2000505c    0000004c     rtsv7M4_T_le_eabi.lib : cpy_tbl.obj (.text)
                  200050a8    00000048     driverlib.a : gpio.obj (.text:GPIOGetIntNumber)
                  200050f0    00000040                 : pin.obj (.text:PinModeSet)
                  20005130    00000040     rtsv7M4_T_le_eabi.lib : boot.obj (.text)
                  20005170    0000003c     driverlib.a : prcm.obj (.text:PRCMPeripheralClkEnable)
                  200051ac    00000036                 : gpio.obj (.text:GPIODirModeSet)
                  200051e2    00000030                 : pin.obj (.text:PinTypeGPIO)
                  20005212    00000002     rtsv7M4_T_le_eabi.lib : mpu_init.obj (.text)
                  20005214    0000002c     driverlib.a : prcm.obj (.text:PRCMSysResetCauseGet)
                  20005240    00000028                 : prcm.obj (.text:PRCMPeripheralClkDisable)
                  20005268    00000020                 : gpio.obj (.text:GPIOPinWrite)
                  20005288    00000020                 : interrupt.obj (.text:IntRegister)
                  200052a8    0000001e                 : gpio.obj (.text:GPIOIntRegister)
                  200052c6    0000001a                 : gpio.obj (.text:GPIOIntEnable)
                  200052e0    00000018                 : gpio.obj (.text:GPIOPinRead)
                  200052f8    00000018     rtsv7M4_T_le_eabi.lib : args_main.obj (.text)
                  20005310    00000016     driverlib.a : prcm.obj (.text:PRCMHIBRegRead)
                  20005326    00000016                 : prcm.obj (.text:PRCMHIBRegWrite)
                  2000533c    00000014                 : cpu.obj (.text:CPUcpsie)
                  20005350    00000014                 : gpio.obj (.text:GPIOIntClear)
                  20005364    00000014                 : interrupt.obj (.text:IntVTableBaseSet)
                  20005378    00000014     rtsv7M4_T_le_eabi.lib : _lock.obj (.text)
                  2000538c    0000000e                           : copy_decompress_none.obj (.text:decompress:none)
                  2000539a    0000000e     startup_ccs.obj (.text)
                  200053a8    0000000c     rtsv7M4_T_le_eabi.lib : copy_zero_init.obj (.text:decompress:ZI)
                  200053b4    0000000a     driverlib.a : interrupt.obj (.text:IntMasterEnable)
                  200053be    00000006                 : utils.obj (.text:UtilsDelay)
                  200053c4    00000004     rtsv7M4_T_le_eabi.lib : pre_init.obj (.text)
                  200053c8    00000002                           : startup.obj (.text)

.const     0    200053cc    000002fc     
                  200053cc    00000100     driverlib.a : pin.obj (.const:g_ulPinToPadMap)
                  200054cc    000000d4                 : interrupt.obj (.const:g_pulRegs)
                  200055a0    000000a8                 : prcm.obj (.const:PRCM_PeriphRegsList)
                  20005648    00000080                 : interrupt.obj (.const)

.cinit     0    200056c8    00000050     
                  200056c8    00000025     (.cinit..data.load) [load image, compression = lzss]
                  200056ed    00000003     --HOLE-- [fill = 0]
                  200056f0    0000000c     (__TI_handler_table)
                  200056fc    00000004     --HOLE-- [fill = 0]
                  20005700    00000008     (.cinit..bss.load) [load image, compression = zero_init]
                  20005708    00000010     (__TI_cinit_table)

.data      0    2001d000    00000038     UNINITIALIZED
                  2001d000    00000014     gpio_if.obj (.data:ulReg)
                  2001d014    0000000c     rtsv7M4_T_le_eabi.lib : exit.obj (.data:$O1$$)
                  2001d020    0000000c     gpio_if.obj (.data)
                  2001d02c    00000008     rtsv7M4_T_le_eabi.lib : _lock.obj (.data:$O1$$)
                  2001d034    00000004                           : stkdepth_vars.obj (.data)

.bss       0    2001d038    00000003     UNINITIALIZED
                  2001d038    00000001     (.common:g_ucLED1Pin)
                  2001d039    00000001     (.common:g_ucLED2Pin)
                  2001d03a    00000001     (.common:g_ucLED3Pin)

.stack     0    2003f800    00000800     UNINITIALIZED
                  2003f800    00000800     --HOLE--

MODULE SUMMARY

       Module                     code   ro data   rw data
       ------                     ----   -------   -------
    .\
       startup_ccs.obj            14     1024      0      
       gpio_if.obj                920    0         35     
       main.obj                   608    0         0      
       pinmux.obj                 76     0         0      
    +--+--------------------------+------+---------+---------+
       Total:                     1618   1024      35     
                                                          
    C:/ti/CC3200SDK_1.3.0/cc3200-sdk/driverlib/ccs/Release/driverlib.a
       prcm.obj                   652    168       0      
       interrupt.obj              314    340       0      
       pin.obj                    248    256       0      
       gpio.obj                   388    0         0      
       cpu.obj                    20     0         0      
       utils.obj                  6      0         0      
    +--+--------------------------+------+---------+---------+
       Total:                     1628   764       0      
                                                          
    C:\ti\ccsv7\tools\compiler\ti-cgt-arm_16.9.6.LTS\lib\rtsv7M4_T_le_eabi.lib
       memcpy_t2.obj              156    0         0      
       memset_t2.obj              122    0         0      
       autoinit.obj               112    0         0      
       copy_decompress_lzss.obj   104    0         0      
       exit.obj                   84     0         12     
       cpy_tbl.obj                76     0         0      
       boot.obj                   64     0         0      
       _lock.obj                  20     0         8      
       args_main.obj              24     0         0      
       copy_decompress_none.obj   14     0         0      
       copy_zero_init.obj         12     0         0      
       pre_init.obj               4      0         0      
       stkdepth_vars.obj          0      0         4      
       mpu_init.obj               2      0         0      
       startup.obj                2      0         0      
    +--+--------------------------+------+---------+---------+
       Total:                     796    0         24     
                                                          
       Stack:                     0      0         2048   
       Linker Generated:          0      73        0      
    +--+--------------------------+------+---------+---------+
       Grand Total:               4042   1861      2107   


LINKER GENERATED COPY TABLES

__TI_cinit_table @ 20005708 records: 2, size/record: 8, table size: 16
	.data: load addr=200056c8, load size=00000025 bytes, run addr=2001d000, run size=00000038 bytes, compression=lzss
	.bss: load addr=20005700, load size=00000008 bytes, run addr=2001d038, run size=00000003 bytes, compression=zero_init


LINKER GENERATED HANDLER TABLE

__TI_handler_table @ 200056f0 records: 3, size/record: 4, table size: 12
	index: 0, handler: __TI_decompress_lzss
	index: 1, handler: __TI_decompress_none
	index: 2, handler: __TI_zero_init


GLOBAL SYMBOLS: SORTED ALPHABETICALLY BY Name 

address   name                           
-------   ----                           
20004fbd  C$$EXIT                        
2000533d  CPUcpsie                       
UNDEFED   ClearTerm                      
200051ad  GPIODirModeSet                 
20005351  GPIOIntClear                   
200052c7  GPIOIntEnable                  
200052a9  GPIOIntRegister                
20004d3d  GPIOIntTypeSet                 
200052e1  GPIOPinRead                    
20005269  GPIOPinWrite                   
200046c1  GPIO_IF_ConfigureNIntEnable    
2000474d  GPIO_IF_Get                    
2000467b  GPIO_IF_GetPortNPin            
2000443d  GPIO_IF_LedConfigure           
2000452f  GPIO_IF_LedOff                 
2000447b  GPIO_IF_LedOn                  
200045e3  GPIO_IF_LedStatus              
2000464d  GPIO_IF_LedToggle              
20004709  GPIO_IF_Set                    
UNDEFED   InitTerm                       
20004b71  IntEnable                      
200053b5  IntMasterEnable                
20004f69  IntPrioritySet                 
20005289  IntRegister                    
20005365  IntVTableBaseSet               
20004799  LEDBlinkyRoutine               
UNDEFED   Message                        
200049f9  PRCMCC3200MCUInit              
20005311  PRCMHIBRegRead                 
20005327  PRCMHIBRegWrite                
20005241  PRCMPeripheralClkDisable       
20005171  PRCMPeripheralClkEnable        
20004f11  PRCMPeripheralReset            
20005215  PRCMSysResetCauseGet           
20004cb5  PinConfigSet                   
200050f1  PinModeSet                     
20005011  PinMuxConfig                   
200051e3  PinTypeGPIO                    
2000539b  ResetISR                       
UNDEFED   SHT$$INIT_ARRAY$$Base          
UNDEFED   SHT$$INIT_ARRAY$$Limit         
200053bf  UtilsDelay                     
20040000  __STACK_END                    
00000800  __STACK_SIZE                   
20005708  __TI_CINIT_Base                
20005718  __TI_CINIT_Limit               
200056f0  __TI_Handler_Table_Base        
200056fc  __TI_Handler_Table_Limit       
20004e39  __TI_auto_init                 
2001d014  __TI_cleanup_ptr               
20004ea9  __TI_decompress_lzss           
2000538d  __TI_decompress_none           
2001d018  __TI_dtors_ptr                 
2001d01c  __TI_enable_exit_profile_output
ffffffff  __TI_pprof_out_hndl            
ffffffff  __TI_prof_data_size            
ffffffff  __TI_prof_data_start           
200056c8  __TI_static_base__             
200053a9  __TI_zero_init                 
20004dbf  __aeabi_memclr                 
20004dbf  __aeabi_memclr4                
20004dbf  __aeabi_memclr8                
20004c19  __aeabi_memcpy                 
20004c19  __aeabi_memcpy4                
20004c19  __aeabi_memcpy8                
20004dc1  __aeabi_memset                 
20004dc1  __aeabi_memset4                
20004dc1  __aeabi_memset8                
ffffffff  __binit__                      
ffffffff  __c_args__                     
20005213  __mpu_init                     
2003f800  __stack                        
200052f9  _args_main                     
20005131  _c_int00                       
2001d02c  _lock                          
20005387  _nop                           
2000537f  _register_lock                 
20005379  _register_unlock               
200053c9  _system_post_cinit             
200053c5  _system_pre_init               
2001d030  _unlock                        
20004fc1  abort                          
ffffffff  binit                          
2000505d  copy_in                        
20004fc9  exit                           
20004000  g_pfnVectors                   
2001d038  g_ucLED1Pin                    
2001d039  g_ucLED2Pin                    
2001d03a  g_ucLED3Pin                    
2001d020  g_uiLED1Port                   
2001d024  g_uiLED2Port                   
2001d028  g_uiLED3Port                   
20004803  main                           
2001d034  main_func_sp                   
20004c19  memcpy                         
20004dc7  memset                         


GLOBAL SYMBOLS: SORTED BY Symbol Address 

address   name                           
-------   ----                           
00000800  __STACK_SIZE                   
20004000  g_pfnVectors                   
2000443d  GPIO_IF_LedConfigure           
2000447b  GPIO_IF_LedOn                  
2000452f  GPIO_IF_LedOff                 
200045e3  GPIO_IF_LedStatus              
2000464d  GPIO_IF_LedToggle              
2000467b  GPIO_IF_GetPortNPin            
200046c1  GPIO_IF_ConfigureNIntEnable    
20004709  GPIO_IF_Set                    
2000474d  GPIO_IF_Get                    
20004799  LEDBlinkyRoutine               
20004803  main                           
200049f9  PRCMCC3200MCUInit              
20004b71  IntEnable                      
20004c19  __aeabi_memcpy                 
20004c19  __aeabi_memcpy4                
20004c19  __aeabi_memcpy8                
20004c19  memcpy                         
20004cb5  PinConfigSet                   
20004d3d  GPIOIntTypeSet                 
20004dbf  __aeabi_memclr                 
20004dbf  __aeabi_memclr4                
20004dbf  __aeabi_memclr8                
20004dc1  __aeabi_memset                 
20004dc1  __aeabi_memset4                
20004dc1  __aeabi_memset8                
20004dc7  memset                         
20004e39  __TI_auto_init                 
20004ea9  __TI_decompress_lzss           
20004f11  PRCMPeripheralReset            
20004f69  IntPrioritySet                 
20004fbd  C$$EXIT                        
20004fc1  abort                          
20004fc9  exit                           
20005011  PinMuxConfig                   
2000505d  copy_in                        
200050f1  PinModeSet                     
20005131  _c_int00                       
20005171  PRCMPeripheralClkEnable        
200051ad  GPIODirModeSet                 
200051e3  PinTypeGPIO                    
20005213  __mpu_init                     
20005215  PRCMSysResetCauseGet           
20005241  PRCMPeripheralClkDisable       
20005269  GPIOPinWrite                   
20005289  IntRegister                    
200052a9  GPIOIntRegister                
200052c7  GPIOIntEnable                  
200052e1  GPIOPinRead                    
200052f9  _args_main                     
20005311  PRCMHIBRegRead                 
20005327  PRCMHIBRegWrite                
2000533d  CPUcpsie                       
20005351  GPIOIntClear                   
20005365  IntVTableBaseSet               
20005379  _register_unlock               
2000537f  _register_lock                 
20005387  _nop                           
2000538d  __TI_decompress_none           
2000539b  ResetISR                       
200053a9  __TI_zero_init                 
200053b5  IntMasterEnable                
200053bf  UtilsDelay                     
200053c5  _system_pre_init               
200053c9  _system_post_cinit             
200056c8  __TI_static_base__             
200056f0  __TI_Handler_Table_Base        
200056fc  __TI_Handler_Table_Limit       
20005708  __TI_CINIT_Base                
20005718  __TI_CINIT_Limit               
2001d014  __TI_cleanup_ptr               
2001d018  __TI_dtors_ptr                 
2001d01c  __TI_enable_exit_profile_output
2001d020  g_uiLED1Port                   
2001d024  g_uiLED2Port                   
2001d028  g_uiLED3Port                   
2001d02c  _lock                          
2001d030  _unlock                        
2001d034  main_func_sp                   
2001d038  g_ucLED1Pin                    
2001d039  g_ucLED2Pin                    
2001d03a  g_ucLED3Pin                    
2003f800  __stack                        
20040000  __STACK_END                    
ffffffff  __TI_pprof_out_hndl            
ffffffff  __TI_prof_data_size            
ffffffff  __TI_prof_data_start           
ffffffff  __binit__                      
ffffffff  __c_args__                     
ffffffff  binit                          
UNDEFED   ClearTerm                      
UNDEFED   InitTerm                       
UNDEFED   Message                        
UNDEFED   SHT$$INIT_ARRAY$$Base          
UNDEFED   SHT$$INIT_ARRAY$$Limit         

[96 symbols]
