******************************************************************************
                  TI ARM Linker PC v16.9.6                     
******************************************************************************
>> Linked Thu Apr 12 00:30:34 2018

OUTPUT FILE NAME:   <OLED_SPI.out>
ENTRY POINT SYMBOL: "_c_int00"  address: 2000862d


MEMORY CONFIGURATION

         name            origin    length      used     unused   attr    fill
----------------------  --------  ---------  --------  --------  ----  --------
  SRAM_CODE             20004000   00013000  000052dc  0000dd24  RW X
  SRAM_DATA             20017000   00019000  00001044  00017fbc  RW X


SEGMENT ALLOCATION MAP

run origin  load origin   length   init length attrs members
----------  ----------- ---------- ----------- ----- -------
20004000    20004000    000052e0   000052e0    r-x
  20004000    20004000    00000400   00000400    r-- .intvecs
  20004400    20004400    00004668   00004668    r-x .text
  20008a68    20008a68    00000824   00000824    r-- .const
  20009290    20009290    00000050   00000050    r-- .cinit
20017000    20017000    00000844   00000000    rw-
  20017000    20017000    00000800   00000000    rw- .sysmem
  20017800    20017800    00000040   00000000    rw- .data
  20017840    20017840    00000004   00000000    rw- .bss
2002f800    2002f800    00000800   00000000    rw-
  2002f800    2002f800    00000800   00000000    rw- .stack


SECTION ALLOCATION MAP

 output                                  attributes/
section   page    origin      length       input sections
--------  ----  ----------  ----------   ----------------
.intvecs   0    20004000    00000400     
                  20004000    00000400     startup_ccs.obj (.intvecs)

.init_array 
*          0    20004000    00000000     UNINITIALIZED

.text      0    20004400    00004668     
                  20004400    00001122     rtsv7M4_T_le_eabi.lib : _printfi.obj (.text)
                  20005522    00000002                           : mpu_init.obj (.text)
                  20005524    00000a80     Adafruit_GFX.obj (.text)
                  20005fa4    0000097c     main.obj (.text)
                  20006920    000004aa     Adafruit_OLED.obj (.text)
                  20006dca    00000002     rtsv7M4_T_le_eabi.lib : startup.obj (.text)
                  20006dcc    000003d0                           : memory.obj (.text)
                  2000719c    00000280     uart_if.obj (.text)
                  2000741c    000001f4     rtsv7M4_T_le_eabi.lib : ull_div_t2.obj (.text)
                  20007610    000001b6                           : fd_add_t2.obj (.text)
                  200077c6    00000002     --HOLE-- [fill = 0]
                  200077c8    00000178     driverlib.a : prcm.obj (.text:PRCMCC3200MCUInit)
                  20007940    00000136     rtsv7M4_T_le_eabi.lib : fd_div_t2.obj (.text)
                  20007a76    00000002     --HOLE-- [fill = 0]
                  20007a78    00000110     pin_mux_config.obj (.text)
                  20007b88    000000fc     rtsv7M4_T_le_eabi.lib : fd_mul_t2.obj (.text)
                  20007c84    000000d0                           : s_scalbn.obj (.text)
                  20007d54    000000a8     driverlib.a : interrupt.obj (.text:IntEnable)
                  20007dfc    000000a0                 : spi.obj (.text:SPIConfigSetExpClk)
                  20007e9c    0000009c     rtsv7M4_T_le_eabi.lib : memcpy_t2.obj (.text)
                  20007f38    00000094     driverlib.a : prcm.obj (.text:PRCMPeripheralClockGet)
                  20007fcc    00000088                 : pin.obj (.text:PinConfigSet)
                  20008054    00000088     rtsv7M4_T_le_eabi.lib : vsnprintf.obj (.text)
                  200080dc    00000086                           : fd_cmp_t2.obj (.text:__aeabi_cdcmple)
                  20008162    00000086                           : fd_cmp_t2.obj (.text:__aeabi_cdrcmple)
                  200081e8    0000007a                           : memset_t2.obj (.text)
                  20008262    00000076     driverlib.a : uart.obj (.text:UARTConfigSetExpClk)
                  200082d8    00000070     rtsv7M4_T_le_eabi.lib : autoinit.obj (.text)
                  20008348    00000068                           : copy_decompress_lzss.obj (.text:decompress:lzss)
                  200083b0    0000005c                           : s_frexp.obj (.text)
                  2000840c    00000058     driverlib.a : prcm.obj (.text:PRCMPeripheralReset)
                  20008464    00000054     rtsv7M4_T_le_eabi.lib : exit.obj (.text)
                  200084b8    00000054                           : ltoa.obj (.text)
                  2000850c    0000004c                           : atoi.obj (.text)
                  20008558    0000004c                           : cpy_tbl.obj (.text)
                  200085a4    00000048                           : fd_toi_t2.obj (.text)
                  200085ec    00000040     driverlib.a : pin.obj (.text:PinModeSet)
                  2000862c    00000040     rtsv7M4_T_le_eabi.lib : boot.obj (.text)
                  2000866c    0000003c     driverlib.a : prcm.obj (.text:PRCMPeripheralClkEnable)
                  200086a8    00000036                 : gpio.obj (.text:GPIODirModeSet)
                  200086de    00000030                 : pin.obj (.text:PinTypeGPIO)
                  2000870e    00000002     --HOLE-- [fill = 0]
                  20008710    00000030                 : uart.obj (.text:UARTDisable)
                  20008740    0000002e     rtsv7M4_T_le_eabi.lib : i_tofd_t2.obj (.text)
                  2000876e    00000002     --HOLE-- [fill = 0]
                  20008770    0000002c     driverlib.a : prcm.obj (.text:PRCMSysResetCauseGet)
                  2000879c    00000028                 : prcm.obj (.text:PRCMPeripheralClkDisable)
                  200087c4    00000024                 : uart.obj (.text:UARTEnable)
                  200087e8    00000024     rtsv7M4_T_le_eabi.lib : memmov.obj (.text)
                  2000880c    00000022     driverlib.a : spi.obj (.text:SPIReset)
                  2000882e    00000020                 : gpio.obj (.text:GPIOPinWrite)
                  2000884e    00000020                 : spi.obj (.text:SPIDataGet)
                  2000886e    0000001e                 : spi.obj (.text:SPIDataPut)
                  2000888c    0000001e                 : uart.obj (.text:UARTCharPut)
                  200088aa    0000001c                 : uart.obj (.text:UARTCharGetNonBlocking)
                  200088c6    0000001c     rtsv7M4_T_le_eabi.lib : memccpy.obj (.text)
                  200088e2    0000001a     driverlib.a : pin.obj (.text:PinTypeSPI)
                  200088fc    0000001a                 : pin.obj (.text:PinTypeUART)
                  20008916    00000018                 : spi.obj (.text:SPICSDisable)
                  2000892e    00000018                 : spi.obj (.text:SPICSEnable)
                  20008946    00000018                 : spi.obj (.text:SPIEnable)
                  2000895e    00000018                 : uart.obj (.text:UARTCharsAvail)
                  20008976    00000002     --HOLE-- [fill = 0]
                  20008978    00000018     rtsv7M4_T_le_eabi.lib : args_main.obj (.text)
                  20008990    00000016     driverlib.a : prcm.obj (.text:PRCMHIBRegRead)
                  200089a6    00000016                 : prcm.obj (.text:PRCMHIBRegWrite)
                  200089bc    00000016     rtsv7M4_T_le_eabi.lib : strchr.obj (.text)
                  200089d2    00000014     driverlib.a : cpu.obj (.text:CPUcpsie)
                  200089e6    00000002     --HOLE-- [fill = 0]
                  200089e8    00000014                 : interrupt.obj (.text:IntVTableBaseSet)
                  200089fc    00000014     rtsv7M4_T_le_eabi.lib : _lock.obj (.text)
                  20008a10    00000014                           : strlen.obj (.text)
                  20008a24    0000000e                           : copy_decompress_none.obj (.text:decompress:none)
                  20008a32    0000000e     startup_ccs.obj (.text)
                  20008a40    0000000c     rtsv7M4_T_le_eabi.lib : copy_zero_init.obj (.text:decompress:ZI)
                  20008a4c    0000000a     driverlib.a : interrupt.obj (.text:IntMasterEnable)
                  20008a56    00000008     rtsv7M4_T_le_eabi.lib : s_copysign.obj (.text)
                  20008a5e    00000006     driverlib.a : utils.obj (.text:UtilsDelay)
                  20008a64    00000004     rtsv7M4_T_le_eabi.lib : pre_init.obj (.text)

.const     0    20008a68    00000824     
                  20008a68    000004fb     Adafruit_GFX.obj (.const:.string:font)
                  20008f63    00000101     rtsv7M4_T_le_eabi.lib : ctype.obj (.const:.string:_ctypes_)
                  20009064    00000100     driverlib.a : pin.obj (.const:g_ulPinToPadMap)
                  20009164    000000a8                 : prcm.obj (.const:PRCM_PeriphRegsList)
                  2000920c    00000080                 : interrupt.obj (.const)

.cinit     0    20009290    00000050     
                  20009290    0000002b     (.cinit..data.load) [load image, compression = lzss]
                  200092bb    00000001     --HOLE-- [fill = 0]
                  200092bc    0000000c     (__TI_handler_table)
                  200092c8    00000008     (.cinit..bss.load) [load image, compression = zero_init]
                  200092d0    00000010     (__TI_cinit_table)

.sysmem    0    20017000    00000800     UNINITIALIZED
                  20017000    00000008     rtsv7M4_T_le_eabi.lib : memory.obj (.sysmem)
                  20017008    000007f8     --HOLE--

.data      0    20017800    00000040     UNINITIALIZED
                  20017800    00000015     Adafruit_GFX.obj (.data)
                  20017815    00000003     --HOLE--
                  20017818    0000000c     rtsv7M4_T_le_eabi.lib : exit.obj (.data:$O1$$)
                  20017824    0000000c                           : memory.obj (.data:$O1$$)
                  20017830    00000008                           : _lock.obj (.data:$O1$$)
                  20017838    00000004                           : errno.obj (.data)
                  2001783c    00000004                           : stkdepth_vars.obj (.data)

.bss       0    20017840    00000004     UNINITIALIZED
                  20017840    00000004     uart_if.obj (.bss)

.stack     0    2002f800    00000800     UNINITIALIZED
                  2002f800    00000800     --HOLE--

MODULE SUMMARY

       Module                     code    ro data   rw data
       ------                     ----    -------   -------
    .\
       Adafruit_GFX.obj           2688    1275      21     
       main.obj                   2428    0         0      
       Adafruit_OLED.obj          1194    0         0      
       startup_ccs.obj            14      1024      0      
       uart_if.obj                640     0         4      
       pin_mux_config.obj         272     0         0      
    +--+--------------------------+-------+---------+---------+
       Total:                     7236    2299      25     
                                                           
    E:/TI/CC3200SDK_1.3.0/cc3200-sdk/driverlib/ccs/Release/driverlib.a
       prcm.obj                   800     168       0      
       pin.obj                    300     256       0      
       spi.obj                    328     0         0      
       interrupt.obj              198     128       0      
       uart.obj                   284     0         0      
       gpio.obj                   86      0         0      
       cpu.obj                    20      0         0      
       utils.obj                  6       0         0      
    +--+--------------------------+-------+---------+---------+
       Total:                     2022    552       0      
                                                           
    E:\CCS\ccsv7\tools\compiler\ti-cgt-arm_16.9.6.LTS\lib\rtsv7M4_T_le_eabi.lib
       _printfi.obj               4386    0         0      
       memory.obj                 976     0         12     
       ull_div_t2.obj             500     0         0      
       fd_add_t2.obj              438     0         0      
       fd_div_t2.obj              310     0         0      
       fd_cmp_t2.obj              268     0         0      
       ctype.obj                  0       257       0      
       fd_mul_t2.obj              252     0         0      
       s_scalbn.obj               208     0         0      
       memcpy_t2.obj              156     0         0      
       vsnprintf.obj              136     0         0      
       memset_t2.obj              122     0         0      
       autoinit.obj               112     0         0      
       copy_decompress_lzss.obj   104     0         0      
       exit.obj                   84      0         12     
       s_frexp.obj                92      0         0      
       ltoa.obj                   84      0         0      
       atoi.obj                   76      0         0      
       cpy_tbl.obj                76      0         0      
       fd_toi_t2.obj              72      0         0      
       boot.obj                   64      0         0      
       i_tofd_t2.obj              46      0         0      
       memmov.obj                 36      0         0      
       _lock.obj                  20      0         8      
       memccpy.obj                28      0         0      
       args_main.obj              24      0         0      
       strchr.obj                 22      0         0      
       strlen.obj                 20      0         0      
       copy_decompress_none.obj   14      0         0      
       copy_zero_init.obj         12      0         0      
       s_copysign.obj             8       0         0      
       errno.obj                  0       0         4      
       pre_init.obj               4       0         0      
       stkdepth_vars.obj          0       0         4      
       mpu_init.obj               2       0         0      
       startup.obj                2       0         0      
    +--+--------------------------+-------+---------+---------+
       Total:                     8754    257       40     
                                                           
       Heap:                      0       0         2048   
       Stack:                     0       0         2048   
       Linker Generated:          0       79        0      
    +--+--------------------------+-------+---------+---------+
       Grand Total:               18012   3187      4161   


LINKER GENERATED COPY TABLES

__TI_cinit_table @ 200092d0 records: 2, size/record: 8, table size: 16
	.data: load addr=20009290, load size=0000002b bytes, run addr=20017800, run size=00000040 bytes, compression=lzss
	.bss: load addr=200092c8, load size=00000008 bytes, run addr=20017840, run size=00000004 bytes, compression=zero_init


LINKER GENERATED HANDLER TABLE

__TI_handler_table @ 200092bc records: 3, size/record: 4, table size: 12
	index: 0, handler: __TI_decompress_lzss
	index: 1, handler: __TI_decompress_none
	index: 2, handler: __TI_zero_init


GLOBAL SYMBOLS: SORTED ALPHABETICALLY BY Name 

address   name                           
-------   ----                           
200069b1  Adafruit_Init                  
20008465  C$$EXIT                        
200089d3  CPUcpsie                       
200071dd  ClearTerm                      
20006b27  Color565                       
200071e7  Error                          
200086a9  GPIODirModeSet                 
2000882f  GPIOPinWrite                   
2000721f  GetCmd                         
2000719d  InitTerm                       
20007d55  IntEnable                      
20008a4d  IntMasterEnable                
200089e9  IntVTableBaseSet               
20006757  MasterMain                     
200071bb  Message                        
20005ecf  Outstr                         
200077c9  PRCMCC3200MCUInit              
20008991  PRCMHIBRegRead                 
200089a7  PRCMHIBRegWrite                
2000879d  PRCMPeripheralClkDisable       
2000866d  PRCMPeripheralClkEnable        
20007f39  PRCMPeripheralClockGet         
2000840d  PRCMPeripheralReset            
20008771  PRCMSysResetCauseGet           
20007fcd  PinConfigSet                   
200085ed  PinModeSet                     
20007a79  PinMuxConfig                   
200086df  PinTypeGPIO                    
200088e3  PinTypeSPI                     
200088fd  PinTypeUART                    
2000735d  Report                         
20008a33  ResetISR                       
UNDEFED   SHT$$INIT_ARRAY$$Base          
UNDEFED   SHT$$INIT_ARRAY$$Limit         
20008917  SPICSDisable                   
2000892f  SPICSEnable                    
20007dfd  SPIConfigSetExpClk             
2000884f  SPIDataGet                     
2000886f  SPIDataPut                     
20008947  SPIEnable                      
2000880d  SPIReset                       
200072c5  TrimSpace                      
200088ab  UARTCharGetNonBlocking         
2000888d  UARTCharPut                    
2000895f  UARTCharsAvail                 
20008263  UARTConfigSetExpClk            
20008711  UARTDisable                    
200087c5  UARTEnable                     
20008a5f  UtilsDelay                     
20030000  __STACK_END                    
00000800  __STACK_SIZE                   
00000800  __SYSMEM_SIZE                  
200092d0  __TI_CINIT_Base                
200092e0  __TI_CINIT_Limit               
200092bc  __TI_Handler_Table_Base        
200092c8  __TI_Handler_Table_Limit       
200082d9  __TI_auto_init                 
20017818  __TI_cleanup_ptr               
20008349  __TI_decompress_lzss           
20008a25  __TI_decompress_none           
2001781c  __TI_dtors_ptr                 
20017820  __TI_enable_exit_profile_output
ffffffff  __TI_pprof_out_hndl            
20004c39  __TI_printfi                   
ffffffff  __TI_prof_data_size            
ffffffff  __TI_prof_data_start           
20009290  __TI_static_base__             
20008a41  __TI_zero_init                 
200080dd  __aeabi_cdcmpeq                
200080dd  __aeabi_cdcmple                
20008163  __aeabi_cdrcmple               
200085a5  __aeabi_d2iz                   
2000761b  __aeabi_dadd                   
20007941  __aeabi_ddiv                   
20007b89  __aeabi_dmul                   
20007611  __aeabi_dsub                   
20008741  __aeabi_i2d                    
200081e9  __aeabi_memclr                 
200081e9  __aeabi_memclr4                
200081e9  __aeabi_memclr8                
20007e9d  __aeabi_memcpy                 
20007e9d  __aeabi_memcpy4                
20007e9d  __aeabi_memcpy8                
200081eb  __aeabi_memset                 
200081eb  __aeabi_memset4                
200081eb  __aeabi_memset8                
2000741d  __aeabi_uldivmod               
ffffffff  __binit__                      
ffffffff  __c_args__                     
20005523  __mpu_init                     
2002f800  __stack                        
20008979  _args_main                     
2000862d  _c_int00                       
20008f63  _ctypes_                       
20017830  _lock                          
20008a0b  _nop                           
20008a03  _register_lock                 
200089fd  _register_unlock               
20017000  _sys_memory                    
20006dcb  _system_post_cinit             
20008a65  _system_pre_init               
20017834  _unlock                        
20008469  abort                          
2000850d  atoi                           
ffffffff  binit                          
2000716d  calloc                         
20008559  copy_in                        
20008a57  copysign                       
20008a57  copysignl                      
20017800  cursor_x                       
20017804  cursor_y                       
20005fa5  delay                          
20005d83  drawChar                       
20005525  drawCircle                     
20005659  drawCircleHelper               
20006cd5  drawFastHLine                  
20006c39  drawFastVLine                  
2000589f  drawLine                       
20006d71  drawPixel                      
2000598b  drawRect                       
200059d9  drawRoundRect                  
20005b41  drawTriangle                   
20017838  errno                          
20008471  exit                           
20005777  fillCircle                     
200057b1  fillCircleHelper               
20006b7f  fillRect                       
20005ac7  fillRoundRect                  
20006b69  fillScreen                     
20005b83  fillTriangle                   
20006eb7  free                           
200083b1  frexp                          
200083b1  frexpl                         
20004000  g_pfnVectors                   
20006ae3  goTo                           
20005f83  height                         
20006daf  invert                         
20006517  lcdTestPattern                 
200065e7  lcdTestPattern2                
20007c85  ldexp                          
20007c85  ldexpl                         
200084b9  ltoa                           
20006853  main                           
2001783c  main_func_sp                   
20006e4d  malloc                         
20007081  memalign                       
200088c7  memccpy                        
20007e9d  memcpy                         
200087e9  memmove                        
200081f1  memset                         
20006dcd  minit                          
20006f77  realloc                        
20007c85  scalbn                         
20007c85  scalbnl                        
20005f1b  setCursor                      
20005f53  setTextColor                   
20005f33  setTextSize                    
20005f6b  setTextWrap                    
200089bd  strchr                         
20008a11  strlen                         
200061db  testdrawcircles                
2000604b  testdrawrects                  
20005fd9  testfastlines                  
20006169  testfillcircles                
200060ab  testfillrects                  
20006349  testlines                      
200066b7  testmessage                    
200062d7  testroundrects                 
20006255  testtriangles                  
20017810  textbgcolor                    
2001780c  textcolor                      
20017808  textsize                       
20008055  vsnprintf                      
20005f7f  width                          
20017814  wrap                           
20006921  writeCommand                   
20006969  writeData                      


GLOBAL SYMBOLS: SORTED BY Symbol Address 

address   name                           
-------   ----                           
00000800  __STACK_SIZE                   
00000800  __SYSMEM_SIZE                  
20004000  g_pfnVectors                   
20004c39  __TI_printfi                   
20005523  __mpu_init                     
20005525  drawCircle                     
20005659  drawCircleHelper               
20005777  fillCircle                     
200057b1  fillCircleHelper               
2000589f  drawLine                       
2000598b  drawRect                       
200059d9  drawRoundRect                  
20005ac7  fillRoundRect                  
20005b41  drawTriangle                   
20005b83  fillTriangle                   
20005d83  drawChar                       
20005ecf  Outstr                         
20005f1b  setCursor                      
20005f33  setTextSize                    
20005f53  setTextColor                   
20005f6b  setTextWrap                    
20005f7f  width                          
20005f83  height                         
20005fa5  delay                          
20005fd9  testfastlines                  
2000604b  testdrawrects                  
200060ab  testfillrects                  
20006169  testfillcircles                
200061db  testdrawcircles                
20006255  testtriangles                  
200062d7  testroundrects                 
20006349  testlines                      
20006517  lcdTestPattern                 
200065e7  lcdTestPattern2                
200066b7  testmessage                    
20006757  MasterMain                     
20006853  main                           
20006921  writeCommand                   
20006969  writeData                      
200069b1  Adafruit_Init                  
20006ae3  goTo                           
20006b27  Color565                       
20006b69  fillScreen                     
20006b7f  fillRect                       
20006c39  drawFastVLine                  
20006cd5  drawFastHLine                  
20006d71  drawPixel                      
20006daf  invert                         
20006dcb  _system_post_cinit             
20006dcd  minit                          
20006e4d  malloc                         
20006eb7  free                           
20006f77  realloc                        
20007081  memalign                       
2000716d  calloc                         
2000719d  InitTerm                       
200071bb  Message                        
200071dd  ClearTerm                      
200071e7  Error                          
2000721f  GetCmd                         
200072c5  TrimSpace                      
2000735d  Report                         
2000741d  __aeabi_uldivmod               
20007611  __aeabi_dsub                   
2000761b  __aeabi_dadd                   
200077c9  PRCMCC3200MCUInit              
20007941  __aeabi_ddiv                   
20007a79  PinMuxConfig                   
20007b89  __aeabi_dmul                   
20007c85  ldexp                          
20007c85  ldexpl                         
20007c85  scalbn                         
20007c85  scalbnl                        
20007d55  IntEnable                      
20007dfd  SPIConfigSetExpClk             
20007e9d  __aeabi_memcpy                 
20007e9d  __aeabi_memcpy4                
20007e9d  __aeabi_memcpy8                
20007e9d  memcpy                         
20007f39  PRCMPeripheralClockGet         
20007fcd  PinConfigSet                   
20008055  vsnprintf                      
200080dd  __aeabi_cdcmpeq                
200080dd  __aeabi_cdcmple                
20008163  __aeabi_cdrcmple               
200081e9  __aeabi_memclr                 
200081e9  __aeabi_memclr4                
200081e9  __aeabi_memclr8                
200081eb  __aeabi_memset                 
200081eb  __aeabi_memset4                
200081eb  __aeabi_memset8                
200081f1  memset                         
20008263  UARTConfigSetExpClk            
200082d9  __TI_auto_init                 
20008349  __TI_decompress_lzss           
200083b1  frexp                          
200083b1  frexpl                         
2000840d  PRCMPeripheralReset            
20008465  C$$EXIT                        
20008469  abort                          
20008471  exit                           
200084b9  ltoa                           
2000850d  atoi                           
20008559  copy_in                        
200085a5  __aeabi_d2iz                   
200085ed  PinModeSet                     
2000862d  _c_int00                       
2000866d  PRCMPeripheralClkEnable        
200086a9  GPIODirModeSet                 
200086df  PinTypeGPIO                    
20008711  UARTDisable                    
20008741  __aeabi_i2d                    
20008771  PRCMSysResetCauseGet           
2000879d  PRCMPeripheralClkDisable       
200087c5  UARTEnable                     
200087e9  memmove                        
2000880d  SPIReset                       
2000882f  GPIOPinWrite                   
2000884f  SPIDataGet                     
2000886f  SPIDataPut                     
2000888d  UARTCharPut                    
200088ab  UARTCharGetNonBlocking         
200088c7  memccpy                        
200088e3  PinTypeSPI                     
200088fd  PinTypeUART                    
20008917  SPICSDisable                   
2000892f  SPICSEnable                    
20008947  SPIEnable                      
2000895f  UARTCharsAvail                 
20008979  _args_main                     
20008991  PRCMHIBRegRead                 
200089a7  PRCMHIBRegWrite                
200089bd  strchr                         
200089d3  CPUcpsie                       
200089e9  IntVTableBaseSet               
200089fd  _register_unlock               
20008a03  _register_lock                 
20008a0b  _nop                           
20008a11  strlen                         
20008a25  __TI_decompress_none           
20008a33  ResetISR                       
20008a41  __TI_zero_init                 
20008a4d  IntMasterEnable                
20008a57  copysign                       
20008a57  copysignl                      
20008a5f  UtilsDelay                     
20008a65  _system_pre_init               
20008f63  _ctypes_                       
20009290  __TI_static_base__             
200092bc  __TI_Handler_Table_Base        
200092c8  __TI_Handler_Table_Limit       
200092d0  __TI_CINIT_Base                
200092e0  __TI_CINIT_Limit               
20017000  _sys_memory                    
20017800  cursor_x                       
20017804  cursor_y                       
20017808  textsize                       
2001780c  textcolor                      
20017810  textbgcolor                    
20017814  wrap                           
20017818  __TI_cleanup_ptr               
2001781c  __TI_dtors_ptr                 
20017820  __TI_enable_exit_profile_output
20017830  _lock                          
20017834  _unlock                        
20017838  errno                          
2001783c  main_func_sp                   
2002f800  __stack                        
20030000  __STACK_END                    
ffffffff  __TI_pprof_out_hndl            
ffffffff  __TI_prof_data_size            
ffffffff  __TI_prof_data_start           
ffffffff  __binit__                      
ffffffff  __c_args__                     
ffffffff  binit                          
UNDEFED   SHT$$INIT_ARRAY$$Base          
UNDEFED   SHT$$INIT_ARRAY$$Limit         

[177 symbols]
