******************************************************************************
                  TI ARM Linker PC v16.9.4                     
******************************************************************************
>> Linked Sat Jun 02 18:51:06 2018

OUTPUT FILE NAME:   <SSL_REST_API_AWS_S18.out>
ENTRY POINT SYMBOL: "_c_int00"  address: 2000a0cd


MEMORY CONFIGURATION

         name            origin    length      used     unused   attr    fill
----------------------  --------  ---------  --------  --------  ----  --------
  SRAM_CODE             20004000   00013000  00007178  0000be88  RW X
  SRAM_DATA             20017000   00019000  000092bc  0000fd44  RW X


SEGMENT ALLOCATION MAP

run origin  load origin   length   init length attrs members
----------  ----------- ---------- ----------- ----- -------
20004000    20004000    00007178   00007178    r-x
  20004000    20004000    00000400   00000400    r-- .intvecs
  20004400    20004400    000063c0   000063c0    r-x .text
  2000a7c0    2000a7c0    00000938   00000938    r-- .const
  2000b0f8    2000b0f8    00000080   00000080    r-- .cinit
20017000    20017000    000082bc   00000000    rw-
  20017000    20017000    00008000   00000000    rw- .sysmem
  2001f000    2001f000    00000180   00000000    rw- .bss
  2001f180    2001f180    0000013c   00000000    rw- .data
2002f000    2002f000    00001000   00000000    rw-
  2002f000    2002f000    00001000   00000000    rw- .stack


SECTION ALLOCATION MAP

 output                                  attributes/
section   page    origin      length       input sections
--------  ----  ----------  ----------   ----------------
.intvecs   0    20004000    00000400     
                  20004000    00000400     startup_ccs.obj (.intvecs)

.init_array 
*          0    20004000    00000000     UNINITIALIZED

.text      0    20004400    000063c0     
                  20004400    00001b94     main.obj (.text)
                  20005f94    00001122     rtsv7M4_T_le_eabi.lib : _printfi.obj (.text)
                  200070b6    00000002     driverlib.a : interrupt.obj (.text:IntDefaultHandler)
                  200070b8    00000a80     Adafruit_GFX.obj (.text)
                  20007b38    000004aa     Adafruit_OLED.obj (.text)
                  20007fe2    00000002     rtsv7M4_T_le_eabi.lib : mpu_init.obj (.text)
                  20007fe4    000003d0                           : memory.obj (.text)
                  200083b4    00000398     gpio_if.obj (.text)
                  2000874c    00000280     uart_if.obj (.text)
                  200089cc    000001f4     rtsv7M4_T_le_eabi.lib : ull_div_t2.obj (.text)
                  20008bc0    000001b6                           : fd_add_t2.obj (.text)
                  20008d76    00000002                           : startup.obj (.text)
                  20008d78    00000198     timer_if.obj (.text)
                  20008f10    00000178     driverlib.a : prcm.obj (.text:PRCMCC3200MCUInit)
                  20009088    00000140     pin_mux_config.obj (.text)
                  200091c8    00000136     rtsv7M4_T_le_eabi.lib : fd_div_t2.obj (.text)
                  200092fe    000000fc                           : fd_mul_t2.obj (.text)
                  200093fa    00000002     --HOLE-- [fill = 0]
                  200093fc    000000d0                           : s_scalbn.obj (.text)
                  200094cc    000000a8     driverlib.a : interrupt.obj (.text:IntDisable)
                  20009574    000000a8                 : interrupt.obj (.text:IntEnable)
                  2000961c    000000a0                 : spi.obj (.text:SPIConfigSetExpClk)
                  200096bc    0000009c     rtsv7M4_T_le_eabi.lib : memcpy_t2.obj (.text)
                  20009758    00000094     driverlib.a : prcm.obj (.text:PRCMPeripheralClockGet)
                  200097ec    00000088                 : pin.obj (.text:PinConfigSet)
                  20009874    00000088     rtsv7M4_T_le_eabi.lib : vsnprintf.obj (.text)
                  200098fc    00000086                           : fd_cmp_t2.obj (.text:__aeabi_cdcmple)
                  20009982    00000086                           : fd_cmp_t2.obj (.text:__aeabi_cdrcmple)
                  20009a08    00000082     driverlib.a : gpio.obj (.text:GPIOIntTypeSet)
                  20009a8a    0000007a     rtsv7M4_T_le_eabi.lib : memset_t2.obj (.text)
                  20009b04    00000076     driverlib.a : uart.obj (.text:UARTConfigSetExpClk)
                  20009b7a    00000002     --HOLE-- [fill = 0]
                  20009b7c    00000070                 : timer.obj (.text:TimerIntRegister)
                  20009bec    00000070     rtsv7M4_T_le_eabi.lib : autoinit.obj (.text)
                  20009c5c    00000068     driverlib.a : timer.obj (.text:TimerIntUnregister)
                  20009cc4    00000068     rtsv7M4_T_le_eabi.lib : copy_decompress_lzss.obj (.text:decompress:lzss)
                  20009d2c    0000005c                           : s_frexp.obj (.text)
                  20009d88    00000058     driverlib.a : prcm.obj (.text:PRCMPeripheralReset)
                  20009de0    00000054                 : interrupt.obj (.text:IntPrioritySet)
                  20009e34    00000054     rtsv7M4_T_le_eabi.lib : exit.obj (.text)
                  20009e88    00000054                           : ltoa.obj (.text)
                  20009edc    0000004c                           : atoi.obj (.text)
                  20009f28    0000004c                           : cpy_tbl.obj (.text)
                  20009f74    00000048     driverlib.a : gpio.obj (.text:GPIOGetIntNumber)
                  20009fbc    00000048     rtsv7M4_T_le_eabi.lib : fd_toi_t2.obj (.text)
                  2000a004    00000044     driverlib.a : timer.obj (.text:TimerConfigure)
                  2000a048    00000044                 : uart.obj (.text:UARTIntNumberGet)
                  2000a08c    00000040                 : pin.obj (.text:PinModeSet)
                  2000a0cc    00000040     rtsv7M4_T_le_eabi.lib : boot.obj (.text)
                  2000a10c    0000003c     driverlib.a : prcm.obj (.text:PRCMPeripheralClkEnable)
                  2000a148    00000036                 : gpio.obj (.text:GPIODirModeSet)
                  2000a17e    00000030                 : pin.obj (.text:PinTypeGPIO)
                  2000a1ae    00000002     --HOLE-- [fill = 0]
                  2000a1b0    00000030                 : uart.obj (.text:UARTDisable)
                  2000a1e0    0000002e     rtsv7M4_T_le_eabi.lib : i_tofd_t2.obj (.text)
                  2000a20e    00000002     --HOLE-- [fill = 0]
                  2000a210    0000002c     driverlib.a : prcm.obj (.text:PRCMSysResetCauseGet)
                  2000a23c    0000002a                 : timer.obj (.text:TimerLoadSet)
                  2000a266    0000002a                 : timer.obj (.text:TimerPrescaleSet)
                  2000a290    00000028                 : prcm.obj (.text:PRCMPeripheralClkDisable)
                  2000a2b8    00000024                 : interrupt.obj (.text:IntUnregister)
                  2000a2dc    00000024                 : uart.obj (.text:UARTEnable)
                  2000a300    00000024     rtsv7M4_T_le_eabi.lib : memmov.obj (.text)
                  2000a324    00000022     driverlib.a : gpio.obj (.text:GPIOIntStatus)
                  2000a346    00000022                 : spi.obj (.text:SPIReset)
                  2000a368    00000020                 : gpio.obj (.text:GPIOPinWrite)
                  2000a388    00000020                 : interrupt.obj (.text:IntRegister)
                  2000a3a8    00000020                 : spi.obj (.text:SPIDataGet)
                  2000a3c8    0000001e                 : gpio.obj (.text:GPIOIntRegister)
                  2000a3e6    0000001e                 : spi.obj (.text:SPIDataPut)
                  2000a404    0000001e                 : timer.obj (.text:TimerDisable)
                  2000a422    0000001e                 : timer.obj (.text:TimerEnable)
                  2000a440    0000001e                 : timer.obj (.text:TimerIntStatus)
                  2000a45e    0000001e                 : uart.obj (.text:UARTCharPut)
                  2000a47c    0000001e                 : uart.obj (.text:UARTIntRegister)
                  2000a49a    0000001e                 : uart.obj (.text:UARTIntStatus)
                  2000a4b8    0000001e     rtsv7M4_T_le_eabi.lib : strcat.obj (.text)
                  2000a4d6    0000001c     driverlib.a : timer.obj (.text:TimerValueGet)
                  2000a4f2    0000001c                 : uart.obj (.text:UARTCharGetNonBlocking)
                  2000a50e    0000001c     rtsv7M4_T_le_eabi.lib : memccpy.obj (.text)
                  2000a52a    0000001a     driverlib.a : gpio.obj (.text:GPIOIntDisable)
                  2000a544    0000001a                 : gpio.obj (.text:GPIOIntEnable)
                  2000a55e    0000001a                 : pin.obj (.text:PinTypeSPI)
                  2000a578    0000001a                 : pin.obj (.text:PinTypeUART)
                  2000a592    00000018                 : gpio.obj (.text:GPIOPinRead)
                  2000a5aa    00000018                 : spi.obj (.text:SPICSDisable)
                  2000a5c2    00000018                 : spi.obj (.text:SPICSEnable)
                  2000a5da    00000018                 : spi.obj (.text:SPIEnable)
                  2000a5f2    00000018                 : timer.obj (.text:TimerIntDisable)
                  2000a60a    00000018                 : timer.obj (.text:TimerIntEnable)
                  2000a622    00000018                 : uart.obj (.text:UARTCharsAvail)
                  2000a63a    00000018                 : uart.obj (.text:UARTDMADisable)
                  2000a652    00000018                 : uart.obj (.text:UARTDMAEnable)
                  2000a66a    00000018                 : uart.obj (.text:UARTIntEnable)
                  2000a682    00000002     --HOLE-- [fill = 0]
                  2000a684    00000018     rtsv7M4_T_le_eabi.lib : args_main.obj (.text)
                  2000a69c    00000016     driverlib.a : prcm.obj (.text:PRCMHIBRegRead)
                  2000a6b2    00000016                 : prcm.obj (.text:PRCMHIBRegWrite)
                  2000a6c8    00000016                 : uart.obj (.text:UARTCharGet)
                  2000a6de    00000016     rtsv7M4_T_le_eabi.lib : strchr.obj (.text)
                  2000a6f4    00000014     driverlib.a : cpu.obj (.text:CPUcpsie)
                  2000a708    00000014                 : gpio.obj (.text:GPIOIntClear)
                  2000a71c    00000014                 : interrupt.obj (.text:IntVTableBaseSet)
                  2000a730    00000014     rtsv7M4_T_le_eabi.lib : _lock.obj (.text)
                  2000a744    00000014                           : strlen.obj (.text)
                  2000a758    00000012     driverlib.a : timer.obj (.text:TimerIntClear)
                  2000a76a    00000012                 : uart.obj (.text:UARTIntClear)
                  2000a77c    0000000e     rtsv7M4_T_le_eabi.lib : copy_decompress_none.obj (.text:decompress:none)
                  2000a78a    0000000e     startup_ccs.obj (.text)
                  2000a798    0000000c     rtsv7M4_T_le_eabi.lib : copy_zero_init.obj (.text:decompress:ZI)
                  2000a7a4    0000000a     driverlib.a : interrupt.obj (.text:IntMasterEnable)
                  2000a7ae    00000008     rtsv7M4_T_le_eabi.lib : s_copysign.obj (.text)
                  2000a7b6    00000006     driverlib.a : utils.obj (.text:UtilsDelay)
                  2000a7bc    00000004     rtsv7M4_T_le_eabi.lib : pre_init.obj (.text)

.const     0    2000a7c0    00000938     
                  2000a7c0    000004fb     Adafruit_GFX.obj (.const:.string:font)
                  2000acbb    00000101     rtsv7M4_T_le_eabi.lib : ctype.obj (.const:.string:_ctypes_)
                  2000adbc    00000100     driverlib.a : pin.obj (.const:g_ulPinToPadMap)
                  2000aebc    000000d4                 : interrupt.obj (.const:g_pulRegs)
                  2000af90    000000a8                 : prcm.obj (.const:PRCM_PeriphRegsList)
                  2000b038    00000080                 : interrupt.obj (.const)
                  2000b0b8    0000002c     main.obj (.const:.string)
                  2000b0e4    00000010     driverlib.a : uart.obj (.const)
                  2000b0f4    00000004     main.obj (.const)

.cinit     0    2000b0f8    00000080     
                  2000b0f8    00000055     (.cinit..data.load) [load image, compression = lzss]
                  2000b14d    00000003     --HOLE-- [fill = 0]
                  2000b150    0000000c     (__TI_handler_table)
                  2000b15c    00000004     --HOLE-- [fill = 0]
                  2000b160    00000008     (.cinit..bss.load) [load image, compression = zero_init]
                  2000b168    00000010     (__TI_cinit_table)

.sysmem    0    20017000    00008000     UNINITIALIZED
                  20017000    00000008     rtsv7M4_T_le_eabi.lib : memory.obj (.sysmem)
                  20017008    00007ff8     --HOLE--

.bss       0    2001f000    00000180     UNINITIALIZED
                  2001f000    000000a8     (.common:moves)
                  2001f0a8    0000008c     (.common:timeSeries)
                  2001f134    00000024     (.common:g_ucConnectionSSID)
                  2001f158    00000009     main.obj (.bss)
                  2001f161    00000008     (.common:g_ucConnectionBSSID)
                  2001f169    00000001     (.common:g_ucLED1Pin)
                  2001f16a    00000001     (.common:g_ucLED2Pin)
                  2001f16b    00000001     (.common:g_ucLED3Pin)
                  2001f16c    00000004     uart_if.obj (.bss)
                  2001f170    00000004     (.common:buttom_x)
                  2001f174    00000004     (.common:buttom_y)
                  2001f178    00000004     (.common:position)
                  2001f17c    00000004     (.common:ulStatus)

.data      0    2001f180    0000013c     UNINITIALIZED
                  2001f180    00000064     main.obj (.data:DATA1)
                  2001f1e4    0000003c     main.obj (.data:buffer)
                  2001f220    00000034     main.obj (.data)
                  2001f254    00000015     Adafruit_GFX.obj (.data)
                  2001f269    00000003     --HOLE--
                  2001f26c    00000014     gpio_if.obj (.data:ulReg)
                  2001f280    0000000c     rtsv7M4_T_le_eabi.lib : exit.obj (.data:$O1$$)
                  2001f28c    0000000c                           : memory.obj (.data:$O1$$)
                  2001f298    0000000c     gpio_if.obj (.data)
                  2001f2a4    00000008     rtsv7M4_T_le_eabi.lib : _lock.obj (.data:$O1$$)
                  2001f2ac    00000008     main.obj (.data:sig_input)
                  2001f2b4    00000004     rtsv7M4_T_le_eabi.lib : errno.obj (.data)
                  2001f2b8    00000004                           : stkdepth_vars.obj (.data)

.stack     0    2002f000    00001000     UNINITIALIZED
                  2002f000    00001000     --HOLE--

MODULE SUMMARY

       Module                     code    ro data   rw data
       ------                     ----    -------   -------
    .\
       main.obj                   7060    48        597    
       Adafruit_GFX.obj           2688    1275      21     
       Adafruit_OLED.obj          1194    0         0      
       startup_ccs.obj            14      1024      0      
       gpio_if.obj                920     0         35     
       uart_if.obj                640     0         4      
       timer_if.obj               408     0         0      
       pin_mux_config.obj         320     0         0      
    +--+--------------------------+-------+---------+---------+
       Total:                     13244   2347      657    
                                                           
    C:/ti/CC3200SDK_1.3.0/cc3200-sdk/driverlib/ccs/Release/driverlib.a
       prcm.obj                   800     168       0      
       interrupt.obj              520     340       0      
       pin.obj                    300     256       0      
       timer.obj                  552     0         0      
       uart.obj                   524     16        0      
       gpio.obj                   448     0         0      
       spi.obj                    328     0         0      
       cpu.obj                    20      0         0      
       utils.obj                  6       0         0      
    +--+--------------------------+-------+---------+---------+
       Total:                     3498    780       0      
                                                           
    C:\ti\ccsv7\tools\compiler\ti-cgt-arm_16.9.4.LTS\lib\rtsv7M4_T_le_eabi.lib
       _printfi.obj               4386    0         0      
       memory.obj                 976     0         12     
       ull_div_t2.obj             500     0         0      
       fd_add_t2.obj              438     0         0      
       fd_div_t2.obj              310     0         0      
       fd_cmp_t2.obj              268     0         0      
       ctype.obj                  0       257       0      
       fd_mul_t2.obj              252     0         0      
       s_scalbn.obj               208     0         0      
       memcpy_t2.obj              156     0         0      
       vsnprintf.obj              136     0         0      
       memset_t2.obj              122     0         0      
       autoinit.obj               112     0         0      
       copy_decompress_lzss.obj   104     0         0      
       exit.obj                   84      0         12     
       s_frexp.obj                92      0         0      
       ltoa.obj                   84      0         0      
       atoi.obj                   76      0         0      
       cpy_tbl.obj                76      0         0      
       fd_toi_t2.obj              72      0         0      
       boot.obj                   64      0         0      
       i_tofd_t2.obj              46      0         0      
       memmov.obj                 36      0         0      
       strcat.obj                 30      0         0      
       _lock.obj                  20      0         8      
       memccpy.obj                28      0         0      
       args_main.obj              24      0         0      
       strchr.obj                 22      0         0      
       strlen.obj                 20      0         0      
       copy_decompress_none.obj   14      0         0      
       copy_zero_init.obj         12      0         0      
       s_copysign.obj             8       0         0      
       errno.obj                  0       0         4      
       pre_init.obj               4       0         0      
       stkdepth_vars.obj          0       0         4      
       mpu_init.obj               2       0         0      
       startup.obj                2       0         0      
    +--+--------------------------+-------+---------+---------+
       Total:                     8784    257       40     
                                                           
       Heap:                      0       0         32768  
       Stack:                     0       0         4096   
       Linker Generated:          0       121       0      
    +--+--------------------------+-------+---------+---------+
       Grand Total:               25526   3505      37561  


LINKER GENERATED COPY TABLES

__TI_cinit_table @ 2000b168 records: 2, size/record: 8, table size: 16
	.data: load addr=2000b0f8, load size=00000055 bytes, run addr=2001f180, run size=0000013c bytes, compression=lzss
	.bss: load addr=2000b160, load size=00000008 bytes, run addr=2001f000, run size=00000180 bytes, compression=zero_init


LINKER GENERATED HANDLER TABLE

__TI_handler_table @ 2000b150 records: 3, size/record: 4, table size: 12
	index: 0, handler: __TI_decompress_lzss
	index: 1, handler: __TI_decompress_none
	index: 2, handler: __TI_zero_init


GLOBAL SYMBOLS: SORTED ALPHABETICALLY BY Name 

address   name                           
-------   ----                           
20007bc9  Adafruit_Init                  
20009e35  C$$EXIT                        
2000a6f5  CPUcpsie                       
200059d9  Calendar                       
2000878d  ClearTerm                      
20007d3f  Color565                       
2001f180  DATA1                          
20008797  Error                          
2000a149  GPIODirModeSet                 
2000a709  GPIOIntClear                   
2000a52b  GPIOIntDisable                 
2000a545  GPIOIntEnable                  
2000a3c9  GPIOIntRegister                
2000a325  GPIOIntStatus                  
20009a09  GPIOIntTypeSet                 
2000a593  GPIOPinRead                    
2000a369  GPIOPinWrite                   
20008675  GPIO_IF_ConfigureNIntEnable    
20008701  GPIO_IF_Get                    
2000862f  GPIO_IF_GetPortNPin            
200083f1  GPIO_IF_LedConfigure           
200084e3  GPIO_IF_LedOff                 
2000842f  GPIO_IF_LedOn                  
20008597  GPIO_IF_LedStatus              
20008601  GPIO_IF_LedToggle              
200086bd  GPIO_IF_Set                    
20005a59  Game                           
200087cf  GetCmd                         
20005a21  Github                         
2000874d  InitTerm                       
200094cd  IntDisable                     
20009575  IntEnable                      
2000a7a5  IntMasterEnable                
20009de1  IntPrioritySet                 
2000a389  IntRegister                    
2000a2b9  IntUnregister                  
2000a71d  IntVTableBaseSet               
2000876b  Message                        
20007a63  Outstr                         
20008f11  PRCMCC3200MCUInit              
2000a69d  PRCMHIBRegRead                 
2000a6b3  PRCMHIBRegWrite                
2000a291  PRCMPeripheralClkDisable       
2000a10d  PRCMPeripheralClkEnable        
20009759  PRCMPeripheralClockGet         
20009d89  PRCMPeripheralReset            
2000a211  PRCMSysResetCauseGet           
200097ed  PinConfigSet                   
2000a08d  PinModeSet                     
20009089  PinMuxConfig                   
2000a17f  PinTypeGPIO                    
2000a55f  PinTypeSPI                     
2000a579  PinTypeUART                    
20005a79  Pizza                          
2000890d  Report                         
2000a78b  ResetISR                       
UNDEFED   SHT$$INIT_ARRAY$$Base          
UNDEFED   SHT$$INIT_ARRAY$$Limit         
2000a5ab  SPICSDisable                   
2000a5c3  SPICSEnable                    
2000961d  SPIConfigSetExpClk             
2000a3a9  SPIDataGet                     
2000a3e7  SPIDataPut                     
2000a5db  SPIEnable                      
2000a347  SPIReset                       
20004d79  SimpleLinkGeneralEventHandler  
20005667  SimpleLinkHttpServerCallback   
20004cc1  SimpleLinkNetAppEventHandler   
20004d93  SimpleLinkSockEventHandler     
20004bb3  SimpleLinkWlanEventHandler     
20005983  Spotify                        
2000a005  TimerConfigure                 
2000a405  TimerDisable                   
2000a423  TimerEnable                    
2000a759  TimerIntClear                  
2000a5f3  TimerIntDisable                
2000a60b  TimerIntEnable                 
20009b7d  TimerIntRegister               
2000a441  TimerIntStatus                 
20009c5d  TimerIntUnregister             
2000a23d  TimerLoadSet                   
2000a267  TimerPrescaleSet               
2000a4d7  TimerValueGet                  
20008ebf  Timer_IF_DeInit                
20008ef1  Timer_IF_GetCount              
20008df9  Timer_IF_Init                  
20008e2b  Timer_IF_IntSetup              
20008e77  Timer_IF_InterruptClear        
20008ed9  Timer_IF_ReLoad                
20008e8f  Timer_IF_Start                 
20008eaf  Timer_IF_Stop                  
20008875  TrimSpace                      
2000a6c9  UARTCharGet                    
2000a4f3  UARTCharGetNonBlocking         
2000a45f  UARTCharPut                    
2000a623  UARTCharsAvail                 
20009b05  UARTConfigSetExpClk            
2000a63b  UARTDMADisable                 
2000a653  UARTDMAEnable                  
2000a1b1  UARTDisable                    
2000a2dd  UARTEnable                     
2000a76b  UARTIntClear                   
2000a66b  UARTIntEnable                  
2000a47d  UARTIntRegister                
2000a49b  UARTIntStatus                  
2000a7b7  UtilsDelay                     
20030000  __STACK_END                    
00001000  __STACK_SIZE                   
00008000  __SYSMEM_SIZE                  
2000b168  __TI_CINIT_Base                
2000b178  __TI_CINIT_Limit               
2000b150  __TI_Handler_Table_Base        
2000b15c  __TI_Handler_Table_Limit       
20009bed  __TI_auto_init                 
2001f280  __TI_cleanup_ptr               
20009cc5  __TI_decompress_lzss           
2000a77d  __TI_decompress_none           
2001f284  __TI_dtors_ptr                 
2001f288  __TI_enable_exit_profile_output
ffffffff  __TI_pprof_out_hndl            
200067cd  __TI_printfi                   
ffffffff  __TI_prof_data_size            
ffffffff  __TI_prof_data_start           
2000b0f8  __TI_static_base__             
2000a799  __TI_zero_init                 
200098fd  __aeabi_cdcmpeq                
200098fd  __aeabi_cdcmple                
20009983  __aeabi_cdrcmple               
20009fbd  __aeabi_d2iz                   
20008bcb  __aeabi_dadd                   
200091c9  __aeabi_ddiv                   
200092ff  __aeabi_dmul                   
20008bc1  __aeabi_dsub                   
2000a1e1  __aeabi_i2d                    
20009a8b  __aeabi_memclr                 
20009a8b  __aeabi_memclr4                
20009a8b  __aeabi_memclr8                
200096bd  __aeabi_memcpy                 
200096bd  __aeabi_memcpy4                
200096bd  __aeabi_memcpy8                
20009a8d  __aeabi_memset                 
20009a8d  __aeabi_memset4                
20009a8d  __aeabi_memset8                
200089cd  __aeabi_uldivmod               
ffffffff  __binit__                      
ffffffff  __c_args__                     
20007fe3  __mpu_init                     
2002f000  __stack                        
2000a685  _args_main                     
2000a0cd  _c_int00                       
2000acbb  _ctypes_                       
2001f2a4  _lock                          
2000a73f  _nop                           
2000a737  _register_lock                 
2000a731  _register_unlock               
20017000  _sys_memory                    
20008d77  _system_post_cinit             
2000a7bd  _system_pre_init               
2001f2a8  _unlock                        
20009e39  abort                          
20009edd  atoi                           
ffffffff  binit                          
2001f1e4  buffer                         
2001f170  buttom_x                       
2001f174  buttom_y                       
2001f244  buttonEndTime                  
2001f248  buttonStartTime                
20008385  calloc                         
20009f29  copy_in                        
2000a7af  copysign                       
2000a7af  copysignl                      
2001f234  counter                        
2001f23c  current                        
2001f254  cursor_x                       
2001f258  cursor_y                       
20005205  decodeBinary                   
200052c3  decodeChar                     
20005181  decodeSignal                   
20004401  delay                          
2000572d  detectButton                   
20005b1d  display                        
20007917  drawChar                       
200070b9  drawCircle                     
200071ed  drawCircleHelper               
20007eed  drawFastHLine                  
20007e51  drawFastVLine                  
20007433  drawLine                       
20007f89  drawPixel                      
2000751f  drawRect                       
2000756d  drawRoundRect                  
200076d5  drawTriangle                   
20005bc9  drop_and_display               
2001f2b4  errno                          
20009e41  exit                           
2000730b  fillCircle                     
20007345  fillCircleHelper               
20007d97  fillRect                       
2000765b  fillRoundRect                  
20007d81  fillScreen                     
20007717  fillTriangle                   
200080cf  free                           
20009d2d  frexp                          
20009d2d  frexpl                         
2001f230  g_Host                         
20004000  g_pfnVectors                   
2001f161  g_ucConnectionBSSID            
2001f134  g_ucConnectionSSID             
2001f169  g_ucLED1Pin                    
2001f16a  g_ucLED2Pin                    
2001f16b  g_ucLED3Pin                    
2001f298  g_uiLED1Port                   
2001f29c  g_uiLED2Port                   
2001f2a0  g_uiLED3Port                   
2001f22c  g_ulGatewayIP                  
2001f228  g_ulPingPacketsRecv            
2001f224  g_ulStatus                     
20007cfb  goTo                           
20007b17  height                         
20007fc7  invert                         
2001f250  lRetVal                        
20004973  lcdTestPattern                 
20004a43  lcdTestPattern2                
200093fd  ldexp                          
200093fd  ldexpl                         
20005ab3  loading                        
20009e89  ltoa                           
20005ce5  main                           
2001f24c  mainMenu                       
2001f2b8  main_func_sp                   
20008065  malloc                         
20008299  memalign                       
2000a50f  memccpy                        
200096bd  memcpy                         
2000a301  memmove                        
20009a93  memset                         
2000b0f4  middleValue                    
20007fe5  minit                          
2001f000  moves                          
200053d1  oledInit                       
2000556f  oledTest                       
2001f220  p                              
2001f178  position                       
2001f238  prev                           
20005419  printChar                      
200054bd  printCharButtom                
20004ff1  printErrConvenience            
20008191  realloc                        
200093fd  scalbn                         
200093fd  scalbnl                        
20007aaf  setCursor                      
20007ae7  setTextColor                   
20007ac7  setTextSize                    
20007aff  setTextWrap                    
2001f240  startFlag                      
2000a4b9  strcat                         
2000a6df  strchr                         
2000a745  strlen                         
20004637  testdrawcircles                
200044a7  testdrawrects                  
20004435  testfastlines                  
200045c5  testfillcircles                
20004507  testfillrects                  
200047a5  testlines                      
20004b13  testmessage                    
20004733  testroundrects                 
200046b1  testtriangles                  
2001f264  textbgcolor                    
2001f260  textcolor                      
2001f25c  textsize                       
2001f0a8  timeSeries                     
2001f17c  ulStatus                       
20009875  vsnprintf                      
20007b13  width                          
2001f268  wrap                           
20007b39  writeCommand                   
20007b81  writeData                      


GLOBAL SYMBOLS: SORTED BY Symbol Address 

address   name                           
-------   ----                           
00001000  __STACK_SIZE                   
00008000  __SYSMEM_SIZE                  
20004000  g_pfnVectors                   
20004401  delay                          
20004435  testfastlines                  
200044a7  testdrawrects                  
20004507  testfillrects                  
200045c5  testfillcircles                
20004637  testdrawcircles                
200046b1  testtriangles                  
20004733  testroundrects                 
200047a5  testlines                      
20004973  lcdTestPattern                 
20004a43  lcdTestPattern2                
20004b13  testmessage                    
20004bb3  SimpleLinkWlanEventHandler     
20004cc1  SimpleLinkNetAppEventHandler   
20004d79  SimpleLinkGeneralEventHandler  
20004d93  SimpleLinkSockEventHandler     
20004ff1  printErrConvenience            
20005181  decodeSignal                   
20005205  decodeBinary                   
200052c3  decodeChar                     
200053d1  oledInit                       
20005419  printChar                      
200054bd  printCharButtom                
2000556f  oledTest                       
20005667  SimpleLinkHttpServerCallback   
2000572d  detectButton                   
20005983  Spotify                        
200059d9  Calendar                       
20005a21  Github                         
20005a59  Game                           
20005a79  Pizza                          
20005ab3  loading                        
20005b1d  display                        
20005bc9  drop_and_display               
20005ce5  main                           
200067cd  __TI_printfi                   
200070b9  drawCircle                     
200071ed  drawCircleHelper               
2000730b  fillCircle                     
20007345  fillCircleHelper               
20007433  drawLine                       
2000751f  drawRect                       
2000756d  drawRoundRect                  
2000765b  fillRoundRect                  
200076d5  drawTriangle                   
20007717  fillTriangle                   
20007917  drawChar                       
20007a63  Outstr                         
20007aaf  setCursor                      
20007ac7  setTextSize                    
20007ae7  setTextColor                   
20007aff  setTextWrap                    
20007b13  width                          
20007b17  height                         
20007b39  writeCommand                   
20007b81  writeData                      
20007bc9  Adafruit_Init                  
20007cfb  goTo                           
20007d3f  Color565                       
20007d81  fillScreen                     
20007d97  fillRect                       
20007e51  drawFastVLine                  
20007eed  drawFastHLine                  
20007f89  drawPixel                      
20007fc7  invert                         
20007fe3  __mpu_init                     
20007fe5  minit                          
20008065  malloc                         
200080cf  free                           
20008191  realloc                        
20008299  memalign                       
20008385  calloc                         
200083f1  GPIO_IF_LedConfigure           
2000842f  GPIO_IF_LedOn                  
200084e3  GPIO_IF_LedOff                 
20008597  GPIO_IF_LedStatus              
20008601  GPIO_IF_LedToggle              
2000862f  GPIO_IF_GetPortNPin            
20008675  GPIO_IF_ConfigureNIntEnable    
200086bd  GPIO_IF_Set                    
20008701  GPIO_IF_Get                    
2000874d  InitTerm                       
2000876b  Message                        
2000878d  ClearTerm                      
20008797  Error                          
200087cf  GetCmd                         
20008875  TrimSpace                      
2000890d  Report                         
200089cd  __aeabi_uldivmod               
20008bc1  __aeabi_dsub                   
20008bcb  __aeabi_dadd                   
20008d77  _system_post_cinit             
20008df9  Timer_IF_Init                  
20008e2b  Timer_IF_IntSetup              
20008e77  Timer_IF_InterruptClear        
20008e8f  Timer_IF_Start                 
20008eaf  Timer_IF_Stop                  
20008ebf  Timer_IF_DeInit                
20008ed9  Timer_IF_ReLoad                
20008ef1  Timer_IF_GetCount              
20008f11  PRCMCC3200MCUInit              
20009089  PinMuxConfig                   
200091c9  __aeabi_ddiv                   
200092ff  __aeabi_dmul                   
200093fd  ldexp                          
200093fd  ldexpl                         
200093fd  scalbn                         
200093fd  scalbnl                        
200094cd  IntDisable                     
20009575  IntEnable                      
2000961d  SPIConfigSetExpClk             
200096bd  __aeabi_memcpy                 
200096bd  __aeabi_memcpy4                
200096bd  __aeabi_memcpy8                
200096bd  memcpy                         
20009759  PRCMPeripheralClockGet         
200097ed  PinConfigSet                   
20009875  vsnprintf                      
200098fd  __aeabi_cdcmpeq                
200098fd  __aeabi_cdcmple                
20009983  __aeabi_cdrcmple               
20009a09  GPIOIntTypeSet                 
20009a8b  __aeabi_memclr                 
20009a8b  __aeabi_memclr4                
20009a8b  __aeabi_memclr8                
20009a8d  __aeabi_memset                 
20009a8d  __aeabi_memset4                
20009a8d  __aeabi_memset8                
20009a93  memset                         
20009b05  UARTConfigSetExpClk            
20009b7d  TimerIntRegister               
20009bed  __TI_auto_init                 
20009c5d  TimerIntUnregister             
20009cc5  __TI_decompress_lzss           
20009d2d  frexp                          
20009d2d  frexpl                         
20009d89  PRCMPeripheralReset            
20009de1  IntPrioritySet                 
20009e35  C$$EXIT                        
20009e39  abort                          
20009e41  exit                           
20009e89  ltoa                           
20009edd  atoi                           
20009f29  copy_in                        
20009fbd  __aeabi_d2iz                   
2000a005  TimerConfigure                 
2000a08d  PinModeSet                     
2000a0cd  _c_int00                       
2000a10d  PRCMPeripheralClkEnable        
2000a149  GPIODirModeSet                 
2000a17f  PinTypeGPIO                    
2000a1b1  UARTDisable                    
2000a1e1  __aeabi_i2d                    
2000a211  PRCMSysResetCauseGet           
2000a23d  TimerLoadSet                   
2000a267  TimerPrescaleSet               
2000a291  PRCMPeripheralClkDisable       
2000a2b9  IntUnregister                  
2000a2dd  UARTEnable                     
2000a301  memmove                        
2000a325  GPIOIntStatus                  
2000a347  SPIReset                       
2000a369  GPIOPinWrite                   
2000a389  IntRegister                    
2000a3a9  SPIDataGet                     
2000a3c9  GPIOIntRegister                
2000a3e7  SPIDataPut                     
2000a405  TimerDisable                   
2000a423  TimerEnable                    
2000a441  TimerIntStatus                 
2000a45f  UARTCharPut                    
2000a47d  UARTIntRegister                
2000a49b  UARTIntStatus                  
2000a4b9  strcat                         
2000a4d7  TimerValueGet                  
2000a4f3  UARTCharGetNonBlocking         
2000a50f  memccpy                        
2000a52b  GPIOIntDisable                 
2000a545  GPIOIntEnable                  
2000a55f  PinTypeSPI                     
2000a579  PinTypeUART                    
2000a593  GPIOPinRead                    
2000a5ab  SPICSDisable                   
2000a5c3  SPICSEnable                    
2000a5db  SPIEnable                      
2000a5f3  TimerIntDisable                
2000a60b  TimerIntEnable                 
2000a623  UARTCharsAvail                 
2000a63b  UARTDMADisable                 
2000a653  UARTDMAEnable                  
2000a66b  UARTIntEnable                  
2000a685  _args_main                     
2000a69d  PRCMHIBRegRead                 
2000a6b3  PRCMHIBRegWrite                
2000a6c9  UARTCharGet                    
2000a6df  strchr                         
2000a6f5  CPUcpsie                       
2000a709  GPIOIntClear                   
2000a71d  IntVTableBaseSet               
2000a731  _register_unlock               
2000a737  _register_lock                 
2000a73f  _nop                           
2000a745  strlen                         
2000a759  TimerIntClear                  
2000a76b  UARTIntClear                   
2000a77d  __TI_decompress_none           
2000a78b  ResetISR                       
2000a799  __TI_zero_init                 
2000a7a5  IntMasterEnable                
2000a7af  copysign                       
2000a7af  copysignl                      
2000a7b7  UtilsDelay                     
2000a7bd  _system_pre_init               
2000acbb  _ctypes_                       
2000b0f4  middleValue                    
2000b0f8  __TI_static_base__             
2000b150  __TI_Handler_Table_Base        
2000b15c  __TI_Handler_Table_Limit       
2000b168  __TI_CINIT_Base                
2000b178  __TI_CINIT_Limit               
20017000  _sys_memory                    
2001f000  moves                          
2001f0a8  timeSeries                     
2001f134  g_ucConnectionSSID             
2001f161  g_ucConnectionBSSID            
2001f169  g_ucLED1Pin                    
2001f16a  g_ucLED2Pin                    
2001f16b  g_ucLED3Pin                    
2001f170  buttom_x                       
2001f174  buttom_y                       
2001f178  position                       
2001f17c  ulStatus                       
2001f180  DATA1                          
2001f1e4  buffer                         
2001f220  p                              
2001f224  g_ulStatus                     
2001f228  g_ulPingPacketsRecv            
2001f22c  g_ulGatewayIP                  
2001f230  g_Host                         
2001f234  counter                        
2001f238  prev                           
2001f23c  current                        
2001f240  startFlag                      
2001f244  buttonEndTime                  
2001f248  buttonStartTime                
2001f24c  mainMenu                       
2001f250  lRetVal                        
2001f254  cursor_x                       
2001f258  cursor_y                       
2001f25c  textsize                       
2001f260  textcolor                      
2001f264  textbgcolor                    
2001f268  wrap                           
2001f280  __TI_cleanup_ptr               
2001f284  __TI_dtors_ptr                 
2001f288  __TI_enable_exit_profile_output
2001f298  g_uiLED1Port                   
2001f29c  g_uiLED2Port                   
2001f2a0  g_uiLED3Port                   
2001f2a4  _lock                          
2001f2a8  _unlock                        
2001f2b4  errno                          
2001f2b8  main_func_sp                   
2002f000  __stack                        
20030000  __STACK_END                    
ffffffff  __TI_pprof_out_hndl            
ffffffff  __TI_prof_data_size            
ffffffff  __TI_prof_data_start           
ffffffff  __binit__                      
ffffffff  __c_args__                     
ffffffff  binit                          
UNDEFED   SHT$$INIT_ARRAY$$Base          
UNDEFED   SHT$$INIT_ARRAY$$Limit         

[276 symbols]
