******************************************************************************
                  TI ARM Linker PC v16.9.4                     
******************************************************************************
>> Linked Wed May 02 14:22:01 2018

OUTPUT FILE NAME:   <int_sw.out>
ENTRY POINT SYMBOL: "_c_int00"  address: 20009cc1


MEMORY CONFIGURATION

         name            origin    length      used     unused   attr    fill
----------------------  --------  ---------  --------  --------  ----  --------
  SRAM_CODE             20004000   00019000  00006e24  000121dc  RW X
  SRAM_DATA             2001d000   00023000  000014e0  00021b20  RW X


SEGMENT ALLOCATION MAP

run origin  load origin   length   init length attrs members
----------  ----------- ---------- ----------- ----- -------
20004000    20004000    00006e28   00006e28    r-x
  20004000    20004000    00000400   00000400    r-- .intvecs
  20004400    20004400    00006060   00006060    r-x .text
  2000a460    2000a460    0000090c   0000090c    r-- .const
  2000ad70    2000ad70    000000b8   000000b8    r-- .cinit
2001d000    2001d000    00000ce0   00000000    rw-
  2001d000    2001d000    00000800   00000000    rw- .sysmem
  2001d800    2001d800    00000270   00000000    rw- .bss
  2001da70    2001da70    00000270   00000000    rw- .data
2003f800    2003f800    00000800   00000000    rw-
  2003f800    2003f800    00000800   00000000    rw- .stack


SECTION ALLOCATION MAP

 output                                  attributes/
section   page    origin      length       input sections
--------  ----  ----------  ----------   ----------------
.intvecs   0    20004000    00000400     
                  20004000    00000400     startup_ccs.obj (.intvecs)

.init_array 
*          0    20004000    00000000     UNINITIALIZED

.text      0    20004400    00006060     
                  20004400    00001122     rtsv7M4_T_le_eabi.lib : _printfi.obj (.text)
                  20005522    00000002     driverlib.a : interrupt.obj (.text:IntDefaultHandler)
                  20005524    00000f7c     main.obj (.text)
                  200064a0    00000a80     Adafruit_GFX.obj (.text)
                  20006f20    000004b2     Adafruit_OLED.obj (.text)
                  200073d2    00000002     rtsv7M4_T_le_eabi.lib : mpu_init.obj (.text)
                  200073d4    000003d0                           : memory.obj (.text)
                  200077a4    00000280     uart_if.obj (.text)
                  20007a24    000001f4     rtsv7M4_T_le_eabi.lib : ull_div_t2.obj (.text)
                  20007c18    000001c4                           : fopen.obj (.text)
                  20007ddc    000001b6                           : fd_add_t2.obj (.text)
                  20007f92    00000002                           : startup.obj (.text)
                  20007f94    00000198     timer_if.obj (.text)
                  2000812c    00000178     driverlib.a : prcm.obj (.text:PRCMCC3200MCUInit)
                  200082a4    00000136     rtsv7M4_T_le_eabi.lib : fd_div_t2.obj (.text)
                  200083da    00000002     --HOLE-- [fill = 0]
                  200083dc    00000134     pin_mux_config.obj (.text)
                  20008510    00000134     rtsv7M4_T_le_eabi.lib : fputs.obj (.text)
                  20008644    000000fc                           : fd_mul_t2.obj (.text)
                  20008740    000000dc                           : setvbuf.obj (.text)
                  2000881c    000000d0                           : s_scalbn.obj (.text)
                  200088ec    000000c8                           : fflush.obj (.text)
                  200089b4    000000bc                           : open.obj (.text)
                  20008a70    000000ac                           : _io_perm.obj (.text)
                  20008b1c    000000a8     driverlib.a : interrupt.obj (.text:IntDisable)
                  20008bc4    000000a8                 : interrupt.obj (.text:IntEnable)
                  20008c6c    000000a0                 : spi.obj (.text:SPIConfigSetExpClk)
                  20008d0c    0000009c     rtsv7M4_T_le_eabi.lib : memcpy_t2.obj (.text)
                  20008da8    00000098                           : fclose.obj (.text)
                  20008e40    00000098                           : fputc.obj (.text)
                  20008ed8    00000094     driverlib.a : prcm.obj (.text:PRCMPeripheralClockGet)
                  20008f6c    00000088                 : pin.obj (.text:PinConfigSet)
                  20008ff4    00000088     rtsv7M4_T_le_eabi.lib : vsnprintf.obj (.text)
                  2000907c    00000086                           : fd_cmp_t2.obj (.text:__aeabi_cdcmple)
                  20009102    00000086                           : fd_cmp_t2.obj (.text:__aeabi_cdrcmple)
                  20009188    00000082     driverlib.a : gpio.obj (.text:GPIOIntTypeSet)
                  2000920a    0000007a     rtsv7M4_T_le_eabi.lib : memset_t2.obj (.text)
                  20009284    00000076     driverlib.a : uart.obj (.text:UARTConfigSetExpClk)
                  200092fa    00000002     --HOLE-- [fill = 0]
                  200092fc    00000070                 : timer.obj (.text:TimerIntRegister)
                  2000936c    00000070     rtsv7M4_T_le_eabi.lib : autoinit.obj (.text)
                  200093dc    00000070                           : getdevice.obj (.text)
                  2000944c    00000070                           : printf.obj (.text)
                  200094bc    0000006c                           : hostrename.obj (.text)
                  20009528    00000068     driverlib.a : timer.obj (.text:TimerIntUnregister)
                  20009590    00000068     rtsv7M4_T_le_eabi.lib : copy_decompress_lzss.obj (.text:decompress:lzss)
                  200095f8    00000068                           : hostlseek.obj (.text)
                  20009660    00000068                           : trgmsg.obj (.text)
                  200096c8    00000064                           : fseek.obj (.text)
                  2000972c    00000060                           : hostopen.obj (.text)
                  2000978c    0000005c                           : close.obj (.text)
                  200097e8    0000005c                           : s_frexp.obj (.text)
                  20009844    00000058     driverlib.a : prcm.obj (.text:PRCMPeripheralReset)
                  2000989c    00000058     rtsv7M4_T_le_eabi.lib : hostread.obj (.text)
                  200098f4    00000058                           : hostwrite.obj (.text)
                  2000994c    00000054     driverlib.a : interrupt.obj (.text:IntPrioritySet)
                  200099a0    00000054     rtsv7M4_T_le_eabi.lib : exit.obj (.text)
                  200099f4    00000054                           : ltoa.obj (.text)
                  20009a48    0000004c                           : atoi.obj (.text)
                  20009a94    0000004c                           : cpy_tbl.obj (.text)
                  20009ae0    00000048     driverlib.a : gpio.obj (.text:GPIOGetIntNumber)
                  20009b28    00000048     rtsv7M4_T_le_eabi.lib : fd_toi_t2.obj (.text)
                  20009b70    00000044     driverlib.a : timer.obj (.text:TimerConfigure)
                  20009bb4    00000044                 : uart.obj (.text:UARTIntNumberGet)
                  20009bf8    00000044     rtsv7M4_T_le_eabi.lib : hostclose.obj (.text)
                  20009c3c    00000044                           : hostunlink.obj (.text)
                  20009c80    00000040     driverlib.a : pin.obj (.text:PinModeSet)
                  20009cc0    00000040     rtsv7M4_T_le_eabi.lib : boot.obj (.text)
                  20009d00    0000003c     driverlib.a : prcm.obj (.text:PRCMPeripheralClkEnable)
                  20009d3c    00000036                 : gpio.obj (.text:GPIODirModeSet)
                  20009d72    00000036     rtsv7M4_T_le_eabi.lib : strncpy.obj (.text)
                  20009da8    00000030     driverlib.a : pin.obj (.text:PinTypeGPIO)
                  20009dd8    00000030                 : uart.obj (.text:UARTDisable)
                  20009e08    0000002e     rtsv7M4_T_le_eabi.lib : i_tofd_t2.obj (.text)
                  20009e36    00000002     --HOLE-- [fill = 0]
                  20009e38    0000002c     driverlib.a : prcm.obj (.text:PRCMSysResetCauseGet)
                  20009e64    0000002c     rtsv7M4_T_le_eabi.lib : unlink.obj (.text)
                  20009e90    0000002a     driverlib.a : timer.obj (.text:TimerLoadSet)
                  20009eba    0000002a                 : timer.obj (.text:TimerPrescaleSet)
                  20009ee4    00000028                 : prcm.obj (.text:PRCMPeripheralClkDisable)
                  20009f0c    00000028     rtsv7M4_T_le_eabi.lib : lseek.obj (.text)
                  20009f34    00000028                           : write.obj (.text)
                  20009f5c    00000024     driverlib.a : interrupt.obj (.text:IntUnregister)
                  20009f80    00000024                 : uart.obj (.text:UARTEnable)
                  20009fa4    00000024     rtsv7M4_T_le_eabi.lib : memmov.obj (.text)
                  20009fc8    00000022     driverlib.a : gpio.obj (.text:GPIOIntStatus)
                  20009fea    00000022                 : spi.obj (.text:SPIReset)
                  2000a00c    00000020                 : gpio.obj (.text:GPIOPinWrite)
                  2000a02c    00000020                 : interrupt.obj (.text:IntRegister)
                  2000a04c    00000020                 : spi.obj (.text:SPIDataGet)
                  2000a06c    00000020     rtsv7M4_T_le_eabi.lib : memchr.obj (.text)
                  2000a08c    0000001e     driverlib.a : gpio.obj (.text:GPIOIntRegister)
                  2000a0aa    0000001e                 : spi.obj (.text:SPIDataPut)
                  2000a0c8    0000001e                 : timer.obj (.text:TimerDisable)
                  2000a0e6    0000001e                 : timer.obj (.text:TimerEnable)
                  2000a104    0000001e                 : timer.obj (.text:TimerIntStatus)
                  2000a122    0000001e                 : uart.obj (.text:UARTCharPut)
                  2000a140    0000001e                 : uart.obj (.text:UARTIntRegister)
                  2000a15e    0000001e     rtsv7M4_T_le_eabi.lib : strcat.obj (.text)
                  2000a17c    0000001c     driverlib.a : timer.obj (.text:TimerValueGet)
                  2000a198    0000001c                 : uart.obj (.text:UARTCharGetNonBlocking)
                  2000a1b4    0000001c     rtsv7M4_T_le_eabi.lib : memccpy.obj (.text)
                  2000a1d0    0000001a     driverlib.a : gpio.obj (.text:GPIOIntDisable)
                  2000a1ea    0000001a                 : gpio.obj (.text:GPIOIntEnable)
                  2000a204    0000001a                 : pin.obj (.text:PinTypeSPI)
                  2000a21e    0000001a                 : pin.obj (.text:PinTypeUART)
                  2000a238    00000018                 : spi.obj (.text:SPICSDisable)
                  2000a250    00000018                 : spi.obj (.text:SPICSEnable)
                  2000a268    00000018                 : spi.obj (.text:SPIEnable)
                  2000a280    00000018                 : timer.obj (.text:TimerIntDisable)
                  2000a298    00000018                 : timer.obj (.text:TimerIntEnable)
                  2000a2b0    00000018                 : uart.obj (.text:UARTCharsAvail)
                  2000a2c8    00000018                 : uart.obj (.text:UARTDMADisable)
                  2000a2e0    00000018                 : uart.obj (.text:UARTIntEnable)
                  2000a2f8    00000018     rtsv7M4_T_le_eabi.lib : args_main.obj (.text)
                  2000a310    00000018                           : strcmp.obj (.text)
                  2000a328    00000016     driverlib.a : prcm.obj (.text:PRCMHIBRegRead)
                  2000a33e    00000016                 : prcm.obj (.text:PRCMHIBRegWrite)
                  2000a354    00000016                 : uart.obj (.text:UARTCharGet)
                  2000a36a    00000016     rtsv7M4_T_le_eabi.lib : strchr.obj (.text)
                  2000a380    00000014     driverlib.a : cpu.obj (.text:CPUcpsie)
                  2000a394    00000014                 : gpio.obj (.text:GPIOIntClear)
                  2000a3a8    00000014                 : interrupt.obj (.text:IntVTableBaseSet)
                  2000a3bc    00000014     rtsv7M4_T_le_eabi.lib : _lock.obj (.text)
                  2000a3d0    00000014                           : strcpy.obj (.text)
                  2000a3e4    00000014                           : strlen.obj (.text)
                  2000a3f8    00000012     driverlib.a : timer.obj (.text:TimerIntClear)
                  2000a40a    00000012                 : uart.obj (.text:UARTIntClear)
                  2000a41c    0000000e     rtsv7M4_T_le_eabi.lib : copy_decompress_none.obj (.text:decompress:none)
                  2000a42a    0000000e     startup_ccs.obj (.text)
                  2000a438    0000000c     rtsv7M4_T_le_eabi.lib : copy_zero_init.obj (.text:decompress:ZI)
                  2000a444    0000000a     driverlib.a : interrupt.obj (.text:IntMasterEnable)
                  2000a44e    00000008     rtsv7M4_T_le_eabi.lib : s_copysign.obj (.text)
                  2000a456    00000006     driverlib.a : utils.obj (.text:UtilsDelay)
                  2000a45c    00000004     rtsv7M4_T_le_eabi.lib : pre_init.obj (.text)

.const     0    2000a460    0000090c     
                  2000a460    000004fb     Adafruit_GFX.obj (.const:.string:font)
                  2000a95b    00000101     rtsv7M4_T_le_eabi.lib : ctype.obj (.const:.string:_ctypes_)
                  2000aa5c    00000100     driverlib.a : pin.obj (.const:g_ulPinToPadMap)
                  2000ab5c    000000d4                 : interrupt.obj (.const:g_pulRegs)
                  2000ac30    000000a8                 : prcm.obj (.const:PRCM_PeriphRegsList)
                  2000acd8    00000080                 : interrupt.obj (.const)
                  2000ad58    00000010                 : uart.obj (.const)
                  2000ad68    00000004     main.obj (.const)

.cinit     0    2000ad70    000000b8     
                  2000ad70    00000092     (.cinit..data.load) [load image, compression = lzss]
                  2000ae02    00000002     --HOLE-- [fill = 0]
                  2000ae04    0000000c     (__TI_handler_table)
                  2000ae10    00000008     (.cinit..bss.load) [load image, compression = zero_init]
                  2000ae18    00000010     (__TI_cinit_table)

.sysmem    0    2001d000    00000800     UNINITIALIZED
                  2001d000    00000008     rtsv7M4_T_le_eabi.lib : memory.obj (.sysmem)
                  2001d008    000007f8     --HOLE--

.bss       0    2001d800    00000270     UNINITIALIZED
                  2001d800    00000120     rtsv7M4_T_le_eabi.lib : trgmsg.obj (.bss:_CIOBUF_)
                  2001d920    000000a0     (.common:__TI_tmpnams)
                  2001d9c0    0000008c     (.common:timeSeries)
                  2001da4c    00000009     main.obj (.bss)
                  2001da55    00000008     (.common:parmbuf)
                  2001da5d    00000003     --HOLE--
                  2001da60    00000004     uart_if.obj (.bss)
                  2001da64    00000004     (.common:buttom_x)
                  2001da68    00000004     (.common:buttom_y)
                  2001da6c    00000004     (.common:position)

.data      0    2001da70    00000270     UNINITIALIZED
                  2001da70    000000f0     rtsv7M4_T_le_eabi.lib : defs.obj (.data:_ftable)
                  2001db60    00000078                           : write.obj (.data:_device)
                  2001dbd8    00000050                           : write.obj (.data:_stream)
                  2001dc28    0000003c     main.obj (.data:buffer)
                  2001dc64    0000001c     main.obj (.data)
                  2001dc80    00000015     Adafruit_GFX.obj (.data)
                  2001dc95    00000003     --HOLE--
                  2001dc98    00000010     rtsv7M4_T_le_eabi.lib : defs.obj (.data)
                  2001dca8    0000000c                           : exit.obj (.data:$O1$$)
                  2001dcb4    0000000c                           : memory.obj (.data:$O1$$)
                  2001dcc0    00000008                           : _lock.obj (.data:$O1$$)
                  2001dcc8    00000008     main.obj (.data:sig_input)
                  2001dcd0    00000004     rtsv7M4_T_le_eabi.lib : errno.obj (.data)
                  2001dcd4    00000004                           : fopen.obj (.data)
                  2001dcd8    00000004                           : open.obj (.data)
                  2001dcdc    00000004                           : stkdepth_vars.obj (.data)

.stack     0    2003f800    00000800     UNINITIALIZED
                  2003f800    00000800     --HOLE--

MODULE SUMMARY

       Module                     code    ro data   rw data
       ------                     ----    -------   -------
    .\
       main.obj                   3964    4         257    
       Adafruit_GFX.obj           2688    1275      21     
       Adafruit_OLED.obj          1202    0         0      
       startup_ccs.obj            14      1024      0      
       uart_if.obj                640     0         4      
       timer_if.obj               408     0         0      
       pin_mux_config.obj         308     0         0      
    +--+--------------------------+-------+---------+---------+
       Total:                     9224    2303      282    
                                                           
    C:/ti/CC3200SDK_1.3.0/cc3200-sdk/driverlib/ccs/Release/driverlib.a
       prcm.obj                   800     168       0      
       interrupt.obj              520     340       0      
       pin.obj                    300     256       0      
       timer.obj                  552     0         0      
       uart.obj                   470     16        0      
       gpio.obj                   424     0         0      
       spi.obj                    328     0         0      
       cpu.obj                    20      0         0      
       utils.obj                  6       0         0      
    +--+--------------------------+-------+---------+---------+
       Total:                     3420    780       0      
                                                           
    C:\ti\ccsv7\tools\compiler\ti-cgt-arm_16.9.4.LTS\lib\rtsv7M4_T_le_eabi.lib
       _printfi.obj               4386    0         0      
       memory.obj                 976     0         12     
       ull_div_t2.obj             500     0         0      
       fopen.obj                  452     0         4      
       fd_add_t2.obj              438     0         0      
       defs.obj                   0       0         416    
       trgmsg.obj                 104     0         288    
       fd_div_t2.obj              310     0         0      
       fputs.obj                  308     0         0      
       fd_cmp_t2.obj              268     0         0      
       ctype.obj                  0       257       0      
       fd_mul_t2.obj              252     0         0      
       write.obj                  40      0         200    
       setvbuf.obj                220     0         0      
       s_scalbn.obj               208     0         0      
       fflush.obj                 200     0         0      
       open.obj                   188     0         4      
       _io_perm.obj               172     0         0      
       memcpy_t2.obj              156     0         0      
       fclose.obj                 152     0         0      
       fputc.obj                  152     0         0      
       vsnprintf.obj              136     0         0      
       memset_t2.obj              122     0         0      
       autoinit.obj               112     0         0      
       getdevice.obj              112     0         0      
       printf.obj                 112     0         0      
       hostrename.obj             108     0         0      
       copy_decompress_lzss.obj   104     0         0      
       hostlseek.obj              104     0         0      
       hostopen.obj               96      0         8      
       fseek.obj                  100     0         0      
       exit.obj                   84      0         12     
       close.obj                  92      0         0      
       s_frexp.obj                92      0         0      
       hostread.obj               88      0         0      
       hostwrite.obj              88      0         0      
       ltoa.obj                   84      0         0      
       atoi.obj                   76      0         0      
       cpy_tbl.obj                76      0         0      
       fd_toi_t2.obj              72      0         0      
       hostclose.obj              68      0         0      
       hostunlink.obj             68      0         0      
       boot.obj                   64      0         0      
       strncpy.obj                54      0         0      
       i_tofd_t2.obj              46      0         0      
       unlink.obj                 44      0         0      
       lseek.obj                  40      0         0      
       memmov.obj                 36      0         0      
       memchr.obj                 32      0         0      
       strcat.obj                 30      0         0      
       _lock.obj                  20      0         8      
       memccpy.obj                28      0         0      
       args_main.obj              24      0         0      
       strcmp.obj                 24      0         0      
       strchr.obj                 22      0         0      
       strcpy.obj                 20      0         0      
       strlen.obj                 20      0         0      
       copy_decompress_none.obj   14      0         0      
       copy_zero_init.obj         12      0         0      
       s_copysign.obj             8       0         0      
       errno.obj                  0       0         4      
       pre_init.obj               4       0         0      
       stkdepth_vars.obj          0       0         4      
       mpu_init.obj               2       0         0      
       startup.obj                2       0         0      
    +--+--------------------------+-------+---------+---------+
       Total:                     12022   257       960    
                                                           
       Heap:                      0       0         2048   
       Stack:                     0       0         2048   
       Linker Generated:          0       182       0      
    +--+--------------------------+-------+---------+---------+
       Grand Total:               24666   3522      5338   


LINKER GENERATED COPY TABLES

__TI_cinit_table @ 2000ae18 records: 2, size/record: 8, table size: 16
	.data: load addr=2000ad70, load size=00000092 bytes, run addr=2001da70, run size=00000270 bytes, compression=lzss
	.bss: load addr=2000ae10, load size=00000008 bytes, run addr=2001d800, run size=00000270 bytes, compression=zero_init


LINKER GENERATED HANDLER TABLE

__TI_handler_table @ 2000ae04 records: 3, size/record: 4, table size: 12
	index: 0, handler: __TI_decompress_lzss
	index: 1, handler: __TI_decompress_none
	index: 2, handler: __TI_zero_init


GLOBAL SYMBOLS: SORTED ALPHABETICALLY BY Name 

address   name                           
-------   ----                           
20006fb9  Adafruit_Init                  
200099a1  C$$EXIT                        
2000968f  C$$IO$$                        
2000a381  CPUcpsie                       
200077e5  ClearTerm                      
2000712f  Color565                       
200077ef  Error                          
20009d3d  GPIODirModeSet                 
2000a395  GPIOIntClear                   
2000a1d1  GPIOIntDisable                 
2000a1eb  GPIOIntEnable                  
2000a08d  GPIOIntRegister                
20009fc9  GPIOIntStatus                  
20009189  GPIOIntTypeSet                 
2000a00d  GPIOPinWrite                   
20007827  GetCmd                         
20009bf9  HOSTclose                      
200095f9  HOSTlseek                      
2000972d  HOSTopen                       
2000989d  HOSTread                       
200094bd  HOSTrename                     
20009c3d  HOSTunlink                     
200098f5  HOSTwrite                      
200077a5  InitTerm                       
20008b1d  IntDisable                     
20008bc5  IntEnable                      
2000a445  IntMasterEnable                
2000994d  IntPrioritySet                 
2000a02d  IntRegister                    
20009f5d  IntUnregister                  
2000a3a9  IntVTableBaseSet               
200077c3  Message                        
20006e4b  Outstr                         
2000812d  PRCMCC3200MCUInit              
2000a329  PRCMHIBRegRead                 
2000a33f  PRCMHIBRegWrite                
20009ee5  PRCMPeripheralClkDisable       
20009d01  PRCMPeripheralClkEnable        
20008ed9  PRCMPeripheralClockGet         
20009845  PRCMPeripheralReset            
20009e39  PRCMSysResetCauseGet           
20008f6d  PinConfigSet                   
20009c81  PinModeSet                     
200083dd  PinMuxConfig                   
20009da9  PinTypeGPIO                    
2000a205  PinTypeSPI                     
2000a21f  PinTypeUART                    
20007965  Report                         
2000a42b  ResetISR                       
UNDEFED   SHT$$INIT_ARRAY$$Base          
UNDEFED   SHT$$INIT_ARRAY$$Limit         
2000a239  SPICSDisable                   
2000a251  SPICSEnable                    
20008c6d  SPIConfigSetExpClk             
2000a04d  SPIDataGet                     
2000a0ab  SPIDataPut                     
2000a269  SPIEnable                      
20009feb  SPIReset                       
20009b71  TimerConfigure                 
2000a0c9  TimerDisable                   
2000a0e7  TimerEnable                    
2000a3f9  TimerIntClear                  
2000a281  TimerIntDisable                
2000a299  TimerIntEnable                 
200092fd  TimerIntRegister               
2000a105  TimerIntStatus                 
20009529  TimerIntUnregister             
20009e91  TimerLoadSet                   
20009ebb  TimerPrescaleSet               
2000a17d  TimerValueGet                  
200080db  Timer_IF_DeInit                
2000810d  Timer_IF_GetCount              
20008015  Timer_IF_Init                  
20008047  Timer_IF_IntSetup              
20008093  Timer_IF_InterruptClear        
200080f5  Timer_IF_ReLoad                
200080ab  Timer_IF_Start                 
200080cb  Timer_IF_Stop                  
200078cd  TrimSpace                      
2000a355  UARTCharGet                    
2000a199  UARTCharGetNonBlocking         
2000a123  UARTCharPut                    
2000a2b1  UARTCharsAvail                 
20009285  UARTConfigSetExpClk            
2000a2c9  UARTDMADisable                 
20009dd9  UARTDisable                    
20009f81  UARTEnable                     
2000a40b  UARTIntClear                   
2000a2e1  UARTIntEnable                  
2000a141  UARTIntRegister                
2000a457  UtilsDelay                     
2001d800  __CIOBUF_                      
20040000  __STACK_END                    
00000800  __STACK_SIZE                   
00000800  __SYSMEM_SIZE                  
2000ae18  __TI_CINIT_Base                
2000ae28  __TI_CINIT_Limit               
2000ae04  __TI_Handler_Table_Base        
2000ae10  __TI_Handler_Table_Limit       
2000936d  __TI_auto_init                 
20007ce1  __TI_cleanup                   
2001dca8  __TI_cleanup_ptr               
20008da9  __TI_closefile                 
20009591  __TI_decompress_lzss           
2000a41d  __TI_decompress_none           
200088ed  __TI_doflush                   
2001dcac  __TI_dtors_ptr                 
2001dcb0  __TI_enable_exit_profile_output
2001dc98  __TI_ft_end                    
ffffffff  __TI_pprof_out_hndl            
20004c39  __TI_printfi                   
ffffffff  __TI_prof_data_size            
ffffffff  __TI_prof_data_start           
20008ad3  __TI_rd_ok                     
20009693  __TI_readmsg                   
2000ad70  __TI_static_base__             
2001d920  __TI_tmpnams                   
20009661  __TI_writemsg                  
20008a71  __TI_wrt_ok                    
2000a439  __TI_zero_init                 
2000907d  __aeabi_cdcmpeq                
2000907d  __aeabi_cdcmple                
20009103  __aeabi_cdrcmple               
20009b29  __aeabi_d2iz                   
20007de7  __aeabi_dadd                   
200082a5  __aeabi_ddiv                   
20008645  __aeabi_dmul                   
20007ddd  __aeabi_dsub                   
20009e09  __aeabi_i2d                    
2000920b  __aeabi_memclr                 
2000920b  __aeabi_memclr4                
2000920b  __aeabi_memclr8                
20008d0d  __aeabi_memcpy                 
20008d0d  __aeabi_memcpy4                
20008d0d  __aeabi_memcpy8                
2000920d  __aeabi_memset                 
2000920d  __aeabi_memset4                
2000920d  __aeabi_memset8                
2001dca4  __aeabi_stderr                 
2001dc9c  __aeabi_stdin                  
2001dca0  __aeabi_stdout                 
20007a25  __aeabi_uldivmod               
ffffffff  __binit__                      
ffffffff  __c_args__                     
200073d3  __mpu_init                     
2003f800  __stack                        
2000a2f9  _args_main                     
20009cc1  _c_int00                       
2000a95b  _ctypes_                       
2001db60  _device                        
2001da70  _ftable                        
2001dcc0  _lock                          
2000a3cb  _nop                           
2000a3c3  _register_lock                 
2000a3bd  _register_unlock               
2001dbd8  _stream                        
2001d000  _sys_memory                    
20007f93  _system_post_cinit             
2000a45d  _system_pre_init               
2001dcc4  _unlock                        
200099a5  abort                          
20009a49  atoi                           
ffffffff  binit                          
2001dc28  buffer                         
2001da64  buttom_x                       
2001da68  buttom_y                       
2001dc78  buttonEndTime                  
2001dc7c  buttonStartTime                
20007775  calloc                         
2000978d  close                          
20009a95  copy_in                        
2000a44f  copysign                       
2000a44f  copysignl                      
2001dc68  counter                        
2001dc70  current                        
2001dc80  cursor_x                       
2001dc84  cursor_y                       
20005e23  decodeBinary                   
20005ef5  decodeChar                     
20005da9  decodeSignal                   
20005525  delay                          
20006cff  drawChar                       
200064a1  drawCircle                     
200065d5  drawCircleHelper               
200072dd  drawFastHLine                  
2000723d  drawFastVLine                  
2000681b  drawLine                       
20007379  drawPixel                      
20006907  drawRect                       
20006955  drawRoundRect                  
20006abd  drawTriangle                   
2001dcd0  errno                          
200099ad  exit                           
20008e0f  fclose                         
20008939  fflush                         
200066f3  fillCircle                     
2000672d  fillCircleHelper               
20007187  fillRect                       
20006a43  fillRoundRect                  
20007171  fillScreen                     
20006aff  fillTriangle                   
200093dd  finddevice                     
20007d37  fopen                          
20008e41  fputc                          
20008511  fputs                          
200074bf  free                           
20007d0d  freopen                        
200097e9  frexp                          
200097e9  frexpl                         
200096c9  fseek                          
20004000  g_pfnVectors                   
20009407  getdevice                      
200070eb  goTo                           
20006eff  height                         
200073b7  invert                         
20005a97  lcdTestPattern                 
20005b67  lcdTestPattern2                
2000881d  ldexp                          
2000881d  ldexpl                         
20009f0d  lseek                          
200099f5  ltoa                           
200061e9  main                           
2001dcdc  main_func_sp                   
20007455  malloc                         
20007689  memalign                       
2000a1b5  memccpy                        
2000a06d  memchr                         
20008d0d  memcpy                         
20009fa5  memmove                        
20009213  memset                         
2000ad68  middleValue                    
200073d5  minit                          
20006019  oledInit                       
200061b9  oledTest                       
200089b5  open                           
2001dc64  p                              
2001da55  parmbuf                        
2001da6c  position                       
2001dc6c  prev                           
20006069  printChar                      
20006107  printCharButtom                
20009455  printf                         
20008e41  putc                           
20008ec5  putchar                        
2000861d  puts                           
20007581  realloc                        
20009e65  remove                         
2000881d  scalbn                         
2000881d  scalbnl                        
20006e97  setCursor                      
20006ecf  setTextColor                   
20006eaf  setTextSize                    
20006ee7  setTextWrap                    
20008741  setvbuf                        
2001dc74  startFlag                      
2000a15f  strcat                         
2000a36b  strchr                         
2000a311  strcmp                         
2000a3d1  strcpy                         
2000a3e5  strlen                         
20009d73  strncpy                        
2000575b  testdrawcircles                
200055cb  testdrawrects                  
20005559  testfastlines                  
200056e9  testfillcircles                
2000562b  testfillrects                  
200058c9  testlines                      
20005c37  testmessage                    
20005857  testroundrects                 
200057d5  testtriangles                  
2001dc90  textbgcolor                    
2001dc8c  textcolor                      
2001dc88  textsize                       
2001d9c0  timeSeries                     
20009e65  unlink                         
20008ff5  vsnprintf                      
20006efb  width                          
2001dc94  wrap                           
20009f35  write                          
20006f21  writeCommand                   
20006f6d  writeData                      


GLOBAL SYMBOLS: SORTED BY Symbol Address 

address   name                           
-------   ----                           
00000800  __STACK_SIZE                   
00000800  __SYSMEM_SIZE                  
20004000  g_pfnVectors                   
20004c39  __TI_printfi                   
20005525  delay                          
20005559  testfastlines                  
200055cb  testdrawrects                  
2000562b  testfillrects                  
200056e9  testfillcircles                
2000575b  testdrawcircles                
200057d5  testtriangles                  
20005857  testroundrects                 
200058c9  testlines                      
20005a97  lcdTestPattern                 
20005b67  lcdTestPattern2                
20005c37  testmessage                    
20005da9  decodeSignal                   
20005e23  decodeBinary                   
20005ef5  decodeChar                     
20006019  oledInit                       
20006069  printChar                      
20006107  printCharButtom                
200061b9  oledTest                       
200061e9  main                           
200064a1  drawCircle                     
200065d5  drawCircleHelper               
200066f3  fillCircle                     
2000672d  fillCircleHelper               
2000681b  drawLine                       
20006907  drawRect                       
20006955  drawRoundRect                  
20006a43  fillRoundRect                  
20006abd  drawTriangle                   
20006aff  fillTriangle                   
20006cff  drawChar                       
20006e4b  Outstr                         
20006e97  setCursor                      
20006eaf  setTextSize                    
20006ecf  setTextColor                   
20006ee7  setTextWrap                    
20006efb  width                          
20006eff  height                         
20006f21  writeCommand                   
20006f6d  writeData                      
20006fb9  Adafruit_Init                  
200070eb  goTo                           
2000712f  Color565                       
20007171  fillScreen                     
20007187  fillRect                       
2000723d  drawFastVLine                  
200072dd  drawFastHLine                  
20007379  drawPixel                      
200073b7  invert                         
200073d3  __mpu_init                     
200073d5  minit                          
20007455  malloc                         
200074bf  free                           
20007581  realloc                        
20007689  memalign                       
20007775  calloc                         
200077a5  InitTerm                       
200077c3  Message                        
200077e5  ClearTerm                      
200077ef  Error                          
20007827  GetCmd                         
200078cd  TrimSpace                      
20007965  Report                         
20007a25  __aeabi_uldivmod               
20007ce1  __TI_cleanup                   
20007d0d  freopen                        
20007d37  fopen                          
20007ddd  __aeabi_dsub                   
20007de7  __aeabi_dadd                   
20007f93  _system_post_cinit             
20008015  Timer_IF_Init                  
20008047  Timer_IF_IntSetup              
20008093  Timer_IF_InterruptClear        
200080ab  Timer_IF_Start                 
200080cb  Timer_IF_Stop                  
200080db  Timer_IF_DeInit                
200080f5  Timer_IF_ReLoad                
2000810d  Timer_IF_GetCount              
2000812d  PRCMCC3200MCUInit              
200082a5  __aeabi_ddiv                   
200083dd  PinMuxConfig                   
20008511  fputs                          
2000861d  puts                           
20008645  __aeabi_dmul                   
20008741  setvbuf                        
2000881d  ldexp                          
2000881d  ldexpl                         
2000881d  scalbn                         
2000881d  scalbnl                        
200088ed  __TI_doflush                   
20008939  fflush                         
200089b5  open                           
20008a71  __TI_wrt_ok                    
20008ad3  __TI_rd_ok                     
20008b1d  IntDisable                     
20008bc5  IntEnable                      
20008c6d  SPIConfigSetExpClk             
20008d0d  __aeabi_memcpy                 
20008d0d  __aeabi_memcpy4                
20008d0d  __aeabi_memcpy8                
20008d0d  memcpy                         
20008da9  __TI_closefile                 
20008e0f  fclose                         
20008e41  fputc                          
20008e41  putc                           
20008ec5  putchar                        
20008ed9  PRCMPeripheralClockGet         
20008f6d  PinConfigSet                   
20008ff5  vsnprintf                      
2000907d  __aeabi_cdcmpeq                
2000907d  __aeabi_cdcmple                
20009103  __aeabi_cdrcmple               
20009189  GPIOIntTypeSet                 
2000920b  __aeabi_memclr                 
2000920b  __aeabi_memclr4                
2000920b  __aeabi_memclr8                
2000920d  __aeabi_memset                 
2000920d  __aeabi_memset4                
2000920d  __aeabi_memset8                
20009213  memset                         
20009285  UARTConfigSetExpClk            
200092fd  TimerIntRegister               
2000936d  __TI_auto_init                 
200093dd  finddevice                     
20009407  getdevice                      
20009455  printf                         
200094bd  HOSTrename                     
20009529  TimerIntUnregister             
20009591  __TI_decompress_lzss           
200095f9  HOSTlseek                      
20009661  __TI_writemsg                  
2000968f  C$$IO$$                        
20009693  __TI_readmsg                   
200096c9  fseek                          
2000972d  HOSTopen                       
2000978d  close                          
200097e9  frexp                          
200097e9  frexpl                         
20009845  PRCMPeripheralReset            
2000989d  HOSTread                       
200098f5  HOSTwrite                      
2000994d  IntPrioritySet                 
200099a1  C$$EXIT                        
200099a5  abort                          
200099ad  exit                           
200099f5  ltoa                           
20009a49  atoi                           
20009a95  copy_in                        
20009b29  __aeabi_d2iz                   
20009b71  TimerConfigure                 
20009bf9  HOSTclose                      
20009c3d  HOSTunlink                     
20009c81  PinModeSet                     
20009cc1  _c_int00                       
20009d01  PRCMPeripheralClkEnable        
20009d3d  GPIODirModeSet                 
20009d73  strncpy                        
20009da9  PinTypeGPIO                    
20009dd9  UARTDisable                    
20009e09  __aeabi_i2d                    
20009e39  PRCMSysResetCauseGet           
20009e65  remove                         
20009e65  unlink                         
20009e91  TimerLoadSet                   
20009ebb  TimerPrescaleSet               
20009ee5  PRCMPeripheralClkDisable       
20009f0d  lseek                          
20009f35  write                          
20009f5d  IntUnregister                  
20009f81  UARTEnable                     
20009fa5  memmove                        
20009fc9  GPIOIntStatus                  
20009feb  SPIReset                       
2000a00d  GPIOPinWrite                   
2000a02d  IntRegister                    
2000a04d  SPIDataGet                     
2000a06d  memchr                         
2000a08d  GPIOIntRegister                
2000a0ab  SPIDataPut                     
2000a0c9  TimerDisable                   
2000a0e7  TimerEnable                    
2000a105  TimerIntStatus                 
2000a123  UARTCharPut                    
2000a141  UARTIntRegister                
2000a15f  strcat                         
2000a17d  TimerValueGet                  
2000a199  UARTCharGetNonBlocking         
2000a1b5  memccpy                        
2000a1d1  GPIOIntDisable                 
2000a1eb  GPIOIntEnable                  
2000a205  PinTypeSPI                     
2000a21f  PinTypeUART                    
2000a239  SPICSDisable                   
2000a251  SPICSEnable                    
2000a269  SPIEnable                      
2000a281  TimerIntDisable                
2000a299  TimerIntEnable                 
2000a2b1  UARTCharsAvail                 
2000a2c9  UARTDMADisable                 
2000a2e1  UARTIntEnable                  
2000a2f9  _args_main                     
2000a311  strcmp                         
2000a329  PRCMHIBRegRead                 
2000a33f  PRCMHIBRegWrite                
2000a355  UARTCharGet                    
2000a36b  strchr                         
2000a381  CPUcpsie                       
2000a395  GPIOIntClear                   
2000a3a9  IntVTableBaseSet               
2000a3bd  _register_unlock               
2000a3c3  _register_lock                 
2000a3cb  _nop                           
2000a3d1  strcpy                         
2000a3e5  strlen                         
2000a3f9  TimerIntClear                  
2000a40b  UARTIntClear                   
2000a41d  __TI_decompress_none           
2000a42b  ResetISR                       
2000a439  __TI_zero_init                 
2000a445  IntMasterEnable                
2000a44f  copysign                       
2000a44f  copysignl                      
2000a457  UtilsDelay                     
2000a45d  _system_pre_init               
2000a95b  _ctypes_                       
2000ad68  middleValue                    
2000ad70  __TI_static_base__             
2000ae04  __TI_Handler_Table_Base        
2000ae10  __TI_Handler_Table_Limit       
2000ae18  __TI_CINIT_Base                
2000ae28  __TI_CINIT_Limit               
2001d000  _sys_memory                    
2001d800  __CIOBUF_                      
2001d920  __TI_tmpnams                   
2001d9c0  timeSeries                     
2001da55  parmbuf                        
2001da64  buttom_x                       
2001da68  buttom_y                       
2001da6c  position                       
2001da70  _ftable                        
2001db60  _device                        
2001dbd8  _stream                        
2001dc28  buffer                         
2001dc64  p                              
2001dc68  counter                        
2001dc6c  prev                           
2001dc70  current                        
2001dc74  startFlag                      
2001dc78  buttonEndTime                  
2001dc7c  buttonStartTime                
2001dc80  cursor_x                       
2001dc84  cursor_y                       
2001dc88  textsize                       
2001dc8c  textcolor                      
2001dc90  textbgcolor                    
2001dc94  wrap                           
2001dc98  __TI_ft_end                    
2001dc9c  __aeabi_stdin                  
2001dca0  __aeabi_stdout                 
2001dca4  __aeabi_stderr                 
2001dca8  __TI_cleanup_ptr               
2001dcac  __TI_dtors_ptr                 
2001dcb0  __TI_enable_exit_profile_output
2001dcc0  _lock                          
2001dcc4  _unlock                        
2001dcd0  errno                          
2001dcdc  main_func_sp                   
2003f800  __stack                        
20040000  __STACK_END                    
ffffffff  __TI_pprof_out_hndl            
ffffffff  __TI_prof_data_size            
ffffffff  __TI_prof_data_start           
ffffffff  __binit__                      
ffffffff  __c_args__                     
ffffffff  binit                          
UNDEFED   SHT$$INIT_ARRAY$$Base          
UNDEFED   SHT$$INIT_ARRAY$$Limit         

[281 symbols]
