<?xml version="1.0"?>
<link_info>
   <banner>TI ARM Linker PC v16.9.6.LTS</banner>
   <copyright>Copyright (c) 1996-2017 Texas Instruments Incorporated</copyright>
   <link_time>0x5ad2df44</link_time>
   <link_errors>0x0</link_errors>
   <output_file>i2c_demo.out</output_file>
   <entry_point>
      <name>_c_int00</name>
      <address>0x20008c45</address>
   </entry_point>
   <input_file_list>
      <input_file id="fl-2">
         <path>.\</path>
         <kind>object</kind>
         <file>Adafruit_GFX.obj</file>
         <name>Adafruit_GFX.obj</name>
      </input_file>
      <input_file id="fl-3">
         <path>.\</path>
         <kind>object</kind>
         <file>Adafruit_OLED.obj</file>
         <name>Adafruit_OLED.obj</name>
      </input_file>
      <input_file id="fl-4">
         <path>.\</path>
         <kind>object</kind>
         <file>i2c_if.obj</file>
         <name>i2c_if.obj</name>
      </input_file>
      <input_file id="fl-5">
         <path>.\</path>
         <kind>object</kind>
         <file>main.obj</file>
         <name>main.obj</name>
      </input_file>
      <input_file id="fl-6">
         <path>.\</path>
         <kind>object</kind>
         <file>pin_mux_config.obj</file>
         <name>pin_mux_config.obj</name>
      </input_file>
      <input_file id="fl-7">
         <path>.\</path>
         <kind>object</kind>
         <file>startup_ccs.obj</file>
         <name>startup_ccs.obj</name>
      </input_file>
      <input_file id="fl-8">
         <path>.\</path>
         <kind>object</kind>
         <file>uart_if.obj</file>
         <name>uart_if.obj</name>
      </input_file>
      <input_file id="fl-d">
         <kind>object</kind>
         <file>&lt;internal&gt;</file>
         <name>&lt;internal&gt;</name>
      </input_file>
      <input_file id="fl-c3">
         <path>E:\CCS\ccsv7\tools\compiler\ti-cgt-arm_16.9.6.LTS\lib\</path>
         <kind>archive</kind>
         <file>rtsv7M4_T_le_eabi.lib</file>
         <name>boot.obj</name>
      </input_file>
      <input_file id="fl-c4">
         <path>E:\CCS\ccsv7\tools\compiler\ti-cgt-arm_16.9.6.LTS\lib\</path>
         <kind>archive</kind>
         <file>rtsv7M4_T_le_eabi.lib</file>
         <name>copy_decompress_lzss.obj</name>
      </input_file>
      <input_file id="fl-c5">
         <path>E:\CCS\ccsv7\tools\compiler\ti-cgt-arm_16.9.6.LTS\lib\</path>
         <kind>archive</kind>
         <file>rtsv7M4_T_le_eabi.lib</file>
         <name>copy_decompress_none.obj</name>
      </input_file>
      <input_file id="fl-c6">
         <path>E:\CCS\ccsv7\tools\compiler\ti-cgt-arm_16.9.6.LTS\lib\</path>
         <kind>archive</kind>
         <file>rtsv7M4_T_le_eabi.lib</file>
         <name>copy_zero_init.obj</name>
      </input_file>
      <input_file id="fl-c7">
         <path>E:\CCS\ccsv7\tools\compiler\ti-cgt-arm_16.9.6.LTS\lib\</path>
         <kind>archive</kind>
         <file>rtsv7M4_T_le_eabi.lib</file>
         <name>exit.obj</name>
      </input_file>
      <input_file id="fl-c8">
         <path>E:\CCS\ccsv7\tools\compiler\ti-cgt-arm_16.9.6.LTS\lib\</path>
         <kind>archive</kind>
         <file>rtsv7M4_T_le_eabi.lib</file>
         <name>fd_add_t2.obj</name>
      </input_file>
      <input_file id="fl-c9">
         <path>E:\CCS\ccsv7\tools\compiler\ti-cgt-arm_16.9.6.LTS\lib\</path>
         <kind>archive</kind>
         <file>rtsv7M4_T_le_eabi.lib</file>
         <name>fd_mul_t2.obj</name>
      </input_file>
      <input_file id="fl-ca">
         <path>E:\CCS\ccsv7\tools\compiler\ti-cgt-arm_16.9.6.LTS\lib\</path>
         <kind>archive</kind>
         <file>rtsv7M4_T_le_eabi.lib</file>
         <name>fd_toi_t2.obj</name>
      </input_file>
      <input_file id="fl-cb">
         <path>E:\CCS\ccsv7\tools\compiler\ti-cgt-arm_16.9.6.LTS\lib\</path>
         <kind>archive</kind>
         <file>rtsv7M4_T_le_eabi.lib</file>
         <name>i_tofd_t2.obj</name>
      </input_file>
      <input_file id="fl-cc">
         <path>E:\CCS\ccsv7\tools\compiler\ti-cgt-arm_16.9.6.LTS\lib\</path>
         <kind>archive</kind>
         <file>rtsv7M4_T_le_eabi.lib</file>
         <name>memcpy_t2.obj</name>
      </input_file>
      <input_file id="fl-cd">
         <path>E:\CCS\ccsv7\tools\compiler\ti-cgt-arm_16.9.6.LTS\lib\</path>
         <kind>archive</kind>
         <file>rtsv7M4_T_le_eabi.lib</file>
         <name>memmov.obj</name>
      </input_file>
      <input_file id="fl-ce">
         <path>E:\CCS\ccsv7\tools\compiler\ti-cgt-arm_16.9.6.LTS\lib\</path>
         <kind>archive</kind>
         <file>rtsv7M4_T_le_eabi.lib</file>
         <name>memory.obj</name>
      </input_file>
      <input_file id="fl-cf">
         <path>E:\CCS\ccsv7\tools\compiler\ti-cgt-arm_16.9.6.LTS\lib\</path>
         <kind>archive</kind>
         <file>rtsv7M4_T_le_eabi.lib</file>
         <name>memset_t2.obj</name>
      </input_file>
      <input_file id="fl-d0">
         <path>E:\CCS\ccsv7\tools\compiler\ti-cgt-arm_16.9.6.LTS\lib\</path>
         <kind>archive</kind>
         <file>rtsv7M4_T_le_eabi.lib</file>
         <name>mpu_init.obj</name>
      </input_file>
      <input_file id="fl-d1">
         <path>E:\CCS\ccsv7\tools\compiler\ti-cgt-arm_16.9.6.LTS\lib\</path>
         <kind>archive</kind>
         <file>rtsv7M4_T_le_eabi.lib</file>
         <name>pre_init.obj</name>
      </input_file>
      <input_file id="fl-d2">
         <path>E:\CCS\ccsv7\tools\compiler\ti-cgt-arm_16.9.6.LTS\lib\</path>
         <kind>archive</kind>
         <file>rtsv7M4_T_le_eabi.lib</file>
         <name>rand.obj</name>
      </input_file>
      <input_file id="fl-d3">
         <path>E:\CCS\ccsv7\tools\compiler\ti-cgt-arm_16.9.6.LTS\lib\</path>
         <kind>archive</kind>
         <file>rtsv7M4_T_le_eabi.lib</file>
         <name>stkdepth_vars.obj</name>
      </input_file>
      <input_file id="fl-d4">
         <path>E:\CCS\ccsv7\tools\compiler\ti-cgt-arm_16.9.6.LTS\lib\</path>
         <kind>archive</kind>
         <file>rtsv7M4_T_le_eabi.lib</file>
         <name>strlen.obj</name>
      </input_file>
      <input_file id="fl-d5">
         <path>E:\CCS\ccsv7\tools\compiler\ti-cgt-arm_16.9.6.LTS\lib\</path>
         <kind>archive</kind>
         <file>rtsv7M4_T_le_eabi.lib</file>
         <name>vsnprintf.obj</name>
      </input_file>
      <input_file id="fl-d6">
         <path>E:\CCS\ccsv7\tools\compiler\ti-cgt-arm_16.9.6.LTS\lib\</path>
         <kind>archive</kind>
         <file>rtsv7M4_T_le_eabi.lib</file>
         <name>_lock.obj</name>
      </input_file>
      <input_file id="fl-d7">
         <path>E:\CCS\ccsv7\tools\compiler\ti-cgt-arm_16.9.6.LTS\lib\</path>
         <kind>archive</kind>
         <file>rtsv7M4_T_le_eabi.lib</file>
         <name>_printfi.obj</name>
      </input_file>
      <input_file id="fl-d8">
         <path>E:\CCS\ccsv7\tools\compiler\ti-cgt-arm_16.9.6.LTS\lib\</path>
         <kind>archive</kind>
         <file>rtsv7M4_T_le_eabi.lib</file>
         <name>args_main.obj</name>
      </input_file>
      <input_file id="fl-d9">
         <path>E:\CCS\ccsv7\tools\compiler\ti-cgt-arm_16.9.6.LTS\lib\</path>
         <kind>archive</kind>
         <file>rtsv7M4_T_le_eabi.lib</file>
         <name>atoi.obj</name>
      </input_file>
      <input_file id="fl-da">
         <path>E:\CCS\ccsv7\tools\compiler\ti-cgt-arm_16.9.6.LTS\lib\</path>
         <kind>archive</kind>
         <file>rtsv7M4_T_le_eabi.lib</file>
         <name>autoinit.obj</name>
      </input_file>
      <input_file id="fl-db">
         <path>E:\CCS\ccsv7\tools\compiler\ti-cgt-arm_16.9.6.LTS\lib\</path>
         <kind>archive</kind>
         <file>rtsv7M4_T_le_eabi.lib</file>
         <name>cpy_tbl.obj</name>
      </input_file>
      <input_file id="fl-dc">
         <path>E:\CCS\ccsv7\tools\compiler\ti-cgt-arm_16.9.6.LTS\lib\</path>
         <kind>archive</kind>
         <file>rtsv7M4_T_le_eabi.lib</file>
         <name>ctype.obj</name>
      </input_file>
      <input_file id="fl-dd">
         <path>E:\CCS\ccsv7\tools\compiler\ti-cgt-arm_16.9.6.LTS\lib\</path>
         <kind>archive</kind>
         <file>rtsv7M4_T_le_eabi.lib</file>
         <name>fd_cmp_t2.obj</name>
      </input_file>
      <input_file id="fl-de">
         <path>E:\CCS\ccsv7\tools\compiler\ti-cgt-arm_16.9.6.LTS\lib\</path>
         <kind>archive</kind>
         <file>rtsv7M4_T_le_eabi.lib</file>
         <name>fd_div_t2.obj</name>
      </input_file>
      <input_file id="fl-df">
         <path>E:\CCS\ccsv7\tools\compiler\ti-cgt-arm_16.9.6.LTS\lib\</path>
         <kind>archive</kind>
         <file>rtsv7M4_T_le_eabi.lib</file>
         <name>ltoa.obj</name>
      </input_file>
      <input_file id="fl-e0">
         <path>E:\CCS\ccsv7\tools\compiler\ti-cgt-arm_16.9.6.LTS\lib\</path>
         <kind>archive</kind>
         <file>rtsv7M4_T_le_eabi.lib</file>
         <name>memccpy.obj</name>
      </input_file>
      <input_file id="fl-e1">
         <path>E:\CCS\ccsv7\tools\compiler\ti-cgt-arm_16.9.6.LTS\lib\</path>
         <kind>archive</kind>
         <file>rtsv7M4_T_le_eabi.lib</file>
         <name>s_frexp.obj</name>
      </input_file>
      <input_file id="fl-e2">
         <path>E:\CCS\ccsv7\tools\compiler\ti-cgt-arm_16.9.6.LTS\lib\</path>
         <kind>archive</kind>
         <file>rtsv7M4_T_le_eabi.lib</file>
         <name>s_scalbn.obj</name>
      </input_file>
      <input_file id="fl-e3">
         <path>E:\CCS\ccsv7\tools\compiler\ti-cgt-arm_16.9.6.LTS\lib\</path>
         <kind>archive</kind>
         <file>rtsv7M4_T_le_eabi.lib</file>
         <name>startup.obj</name>
      </input_file>
      <input_file id="fl-e4">
         <path>E:\CCS\ccsv7\tools\compiler\ti-cgt-arm_16.9.6.LTS\lib\</path>
         <kind>archive</kind>
         <file>rtsv7M4_T_le_eabi.lib</file>
         <name>strchr.obj</name>
      </input_file>
      <input_file id="fl-e5">
         <path>E:\CCS\ccsv7\tools\compiler\ti-cgt-arm_16.9.6.LTS\lib\</path>
         <kind>archive</kind>
         <file>rtsv7M4_T_le_eabi.lib</file>
         <name>ull_div_t2.obj</name>
      </input_file>
      <input_file id="fl-e6">
         <path>E:\CCS\ccsv7\tools\compiler\ti-cgt-arm_16.9.6.LTS\lib\</path>
         <kind>archive</kind>
         <file>rtsv7M4_T_le_eabi.lib</file>
         <name>errno.obj</name>
      </input_file>
      <input_file id="fl-e7">
         <path>E:\CCS\ccsv7\tools\compiler\ti-cgt-arm_16.9.6.LTS\lib\</path>
         <kind>archive</kind>
         <file>rtsv7M4_T_le_eabi.lib</file>
         <name>s_copysign.obj</name>
      </input_file>
      <input_file id="fl-e8">
         <path>E:\TI\CC3200SDK_1.3.0\cc3200-sdk\driverlib\ccs\Release\</path>
         <kind>archive</kind>
         <file>driverlib.a</file>
         <name>gpio.obj</name>
      </input_file>
      <input_file id="fl-e9">
         <path>E:\TI\CC3200SDK_1.3.0\cc3200-sdk\driverlib\ccs\Release\</path>
         <kind>archive</kind>
         <file>driverlib.a</file>
         <name>i2c.obj</name>
      </input_file>
      <input_file id="fl-ea">
         <path>E:\TI\CC3200SDK_1.3.0\cc3200-sdk\driverlib\ccs\Release\</path>
         <kind>archive</kind>
         <file>driverlib.a</file>
         <name>interrupt.obj</name>
      </input_file>
      <input_file id="fl-eb">
         <path>E:\TI\CC3200SDK_1.3.0\cc3200-sdk\driverlib\ccs\Release\</path>
         <kind>archive</kind>
         <file>driverlib.a</file>
         <name>pin.obj</name>
      </input_file>
      <input_file id="fl-ec">
         <path>E:\TI\CC3200SDK_1.3.0\cc3200-sdk\driverlib\ccs\Release\</path>
         <kind>archive</kind>
         <file>driverlib.a</file>
         <name>prcm.obj</name>
      </input_file>
      <input_file id="fl-ed">
         <path>E:\TI\CC3200SDK_1.3.0\cc3200-sdk\driverlib\ccs\Release\</path>
         <kind>archive</kind>
         <file>driverlib.a</file>
         <name>spi.obj</name>
      </input_file>
      <input_file id="fl-ee">
         <path>E:\TI\CC3200SDK_1.3.0\cc3200-sdk\driverlib\ccs\Release\</path>
         <kind>archive</kind>
         <file>driverlib.a</file>
         <name>uart.obj</name>
      </input_file>
      <input_file id="fl-ef">
         <path>E:\TI\CC3200SDK_1.3.0\cc3200-sdk\driverlib\ccs\Release\</path>
         <kind>archive</kind>
         <file>driverlib.a</file>
         <name>utils.obj</name>
      </input_file>
      <input_file id="fl-f0">
         <path>E:\TI\CC3200SDK_1.3.0\cc3200-sdk\driverlib\ccs\Release\</path>
         <kind>archive</kind>
         <file>driverlib.a</file>
         <name>cpu.obj</name>
      </input_file>
      <input_file id="fl-f1">
         <path>E:\TI\CC3200SDK_1.3.0\cc3200-sdk\driverlib\ccs\Release\</path>
         <kind>archive</kind>
         <file>driverlib.a</file>
         <name>flash.obj</name>
      </input_file>
   </input_file_list>
   <object_component_list>
      <object_component id="oc-f">
         <name>.intvecs</name>
         <load_address>0x20004000</load_address>
         <run_address>0x20004000</run_address>
         <size>0x400</size>
         <input_file_ref idref="fl-7"/>
      </object_component>
      <object_component id="oc-2cf">
         <name>.text</name>
         <load_address>0x20004400</load_address>
         <run_address>0x20004400</run_address>
         <size>0x1122</size>
         <input_file_ref idref="fl-d7"/>
      </object_component>
      <object_component id="oc-59">
         <name>.text</name>
         <load_address>0x20005522</load_address>
         <run_address>0x20005522</run_address>
         <size>0x2</size>
         <input_file_ref idref="fl-d0"/>
      </object_component>
      <object_component id="oc-a8">
         <name>.text</name>
         <load_address>0x20005524</load_address>
         <run_address>0x20005524</run_address>
         <size>0xc24</size>
         <input_file_ref idref="fl-5"/>
      </object_component>
      <object_component id="oc-de">
         <name>.text</name>
         <load_address>0x20006148</load_address>
         <run_address>0x20006148</run_address>
         <size>0xa80</size>
         <input_file_ref idref="fl-2"/>
      </object_component>
      <object_component id="oc-d8">
         <name>.text</name>
         <load_address>0x20006bc8</load_address>
         <run_address>0x20006bc8</run_address>
         <size>0x4b2</size>
         <input_file_ref idref="fl-3"/>
      </object_component>
      <object_component id="oc-a0">
         <name>.text</name>
         <load_address>0x2000707a</load_address>
         <run_address>0x2000707a</run_address>
         <size>0x2</size>
         <input_file_ref idref="fl-e3"/>
      </object_component>
      <object_component id="oc-25c">
         <name>.text</name>
         <load_address>0x2000707c</load_address>
         <run_address>0x2000707c</run_address>
         <size>0x3d0</size>
         <input_file_ref idref="fl-ce"/>
      </object_component>
      <object_component id="oc-102">
         <name>.text</name>
         <load_address>0x2000744c</load_address>
         <run_address>0x2000744c</run_address>
         <size>0x284</size>
         <input_file_ref idref="fl-4"/>
      </object_component>
      <object_component id="oc-122">
         <name>.text</name>
         <load_address>0x200076d0</load_address>
         <run_address>0x200076d0</run_address>
         <size>0x280</size>
         <input_file_ref idref="fl-8"/>
      </object_component>
      <object_component id="oc-303">
         <name>.text</name>
         <load_address>0x20007950</load_address>
         <run_address>0x20007950</run_address>
         <size>0x1f4</size>
         <input_file_ref idref="fl-e5"/>
      </object_component>
      <object_component id="oc-112">
         <name>.text</name>
         <load_address>0x20007b44</load_address>
         <run_address>0x20007b44</run_address>
         <size>0x1b6</size>
         <input_file_ref idref="fl-c8"/>
      </object_component>
      <object_component id="oc-f6">
         <name>.text:PRCMCC3200MCUInit</name>
         <load_address>0x20007cfc</load_address>
         <run_address>0x20007cfc</run_address>
         <size>0x178</size>
         <input_file_ref idref="fl-ec"/>
      </object_component>
      <object_component id="oc-30d">
         <name>.text</name>
         <load_address>0x20007e74</load_address>
         <run_address>0x20007e74</run_address>
         <size>0x136</size>
         <input_file_ref idref="fl-de"/>
      </object_component>
      <object_component id="oc-11c">
         <name>.text</name>
         <load_address>0x20007fac</load_address>
         <run_address>0x20007fac</run_address>
         <size>0x124</size>
         <input_file_ref idref="fl-6"/>
      </object_component>
      <object_component id="oc-10d">
         <name>.text</name>
         <load_address>0x200080d0</load_address>
         <run_address>0x200080d0</run_address>
         <size>0xfc</size>
         <input_file_ref idref="fl-c9"/>
      </object_component>
      <object_component id="oc-323">
         <name>.text</name>
         <load_address>0x200081cc</load_address>
         <run_address>0x200081cc</run_address>
         <size>0xd0</size>
         <input_file_ref idref="fl-e2"/>
      </object_component>
      <object_component id="oc-f0">
         <name>.text:IntEnable</name>
         <load_address>0x2000829c</load_address>
         <run_address>0x2000829c</run_address>
         <size>0xa8</size>
         <input_file_ref idref="fl-ea"/>
      </object_component>
      <object_component id="oc-134">
         <name>.text:SPIConfigSetExpClk</name>
         <load_address>0x20008344</load_address>
         <run_address>0x20008344</run_address>
         <size>0xa0</size>
         <input_file_ref idref="fl-ed"/>
      </object_component>
      <object_component id="oc-41">
         <name>.text</name>
         <load_address>0x200083e4</load_address>
         <run_address>0x200083e4</run_address>
         <size>0x9c</size>
         <input_file_ref idref="fl-cc"/>
      </object_component>
      <object_component id="oc-12e">
         <name>.text:PRCMPeripheralClockGet</name>
         <load_address>0x20008480</load_address>
         <run_address>0x20008480</run_address>
         <size>0x94</size>
         <input_file_ref idref="fl-ec"/>
      </object_component>
      <object_component id="oc-2b6">
         <name>.text:PinConfigSet</name>
         <load_address>0x20008514</load_address>
         <run_address>0x20008514</run_address>
         <size>0x88</size>
         <input_file_ref idref="fl-eb"/>
      </object_component>
      <object_component id="oc-23e">
         <name>.text</name>
         <load_address>0x2000859c</load_address>
         <run_address>0x2000859c</run_address>
         <size>0x88</size>
         <input_file_ref idref="fl-d5"/>
      </object_component>
      <object_component id="oc-308">
         <name>.text:__aeabi_cdcmple</name>
         <load_address>0x20008624</load_address>
         <run_address>0x20008624</run_address>
         <size>0x86</size>
         <input_file_ref idref="fl-dd"/>
      </object_component>
      <object_component id="oc-312">
         <name>.text:__aeabi_cdrcmple</name>
         <load_address>0x200086aa</load_address>
         <run_address>0x200086aa</run_address>
         <size>0x86</size>
         <input_file_ref idref="fl-dd"/>
      </object_component>
      <object_component id="oc-1fc">
         <name>.text:I2CMasterInitExpClk</name>
         <load_address>0x20008730</load_address>
         <run_address>0x20008730</run_address>
         <size>0x84</size>
         <input_file_ref idref="fl-e9"/>
      </object_component>
      <object_component id="oc-4d">
         <name>.text</name>
         <load_address>0x200087b4</load_address>
         <run_address>0x200087b4</run_address>
         <size>0x7a</size>
         <input_file_ref idref="fl-cf"/>
      </object_component>
      <object_component id="oc-232">
         <name>.text:UARTConfigSetExpClk</name>
         <load_address>0x2000882e</load_address>
         <run_address>0x2000882e</run_address>
         <size>0x76</size>
         <input_file_ref idref="fl-ee"/>
      </object_component>
      <object_component id="oc-65">
         <name>.text</name>
         <load_address>0x200088a4</load_address>
         <run_address>0x200088a4</run_address>
         <size>0x70</size>
         <input_file_ref idref="fl-da"/>
      </object_component>
      <object_component id="oc-12">
         <name>.text:decompress:lzss</name>
         <load_address>0x20008914</load_address>
         <run_address>0x20008914</run_address>
         <size>0x68</size>
         <input_file_ref idref="fl-c4"/>
      </object_component>
      <object_component id="oc-31d">
         <name>.text</name>
         <load_address>0x2000897c</load_address>
         <run_address>0x2000897c</run_address>
         <size>0x5c</size>
         <input_file_ref idref="fl-e1"/>
      </object_component>
      <object_component id="oc-1ba">
         <name>.text:PRCMPeripheralReset</name>
         <load_address>0x200089d8</load_address>
         <run_address>0x200089d8</run_address>
         <size>0x58</size>
         <input_file_ref idref="fl-ec"/>
      </object_component>
      <object_component id="oc-71">
         <name>.text</name>
         <load_address>0x20008a30</load_address>
         <run_address>0x20008a30</run_address>
         <size>0x54</size>
         <input_file_ref idref="fl-c7"/>
      </object_component>
      <object_component id="oc-317">
         <name>.text</name>
         <load_address>0x20008a84</load_address>
         <run_address>0x20008a84</run_address>
         <size>0x54</size>
         <input_file_ref idref="fl-df"/>
      </object_component>
      <object_component id="oc-32f">
         <name>.text</name>
         <load_address>0x20008ad8</load_address>
         <run_address>0x20008ad8</run_address>
         <size>0x4c</size>
         <input_file_ref idref="fl-d9"/>
      </object_component>
      <object_component id="oc-9a">
         <name>.text</name>
         <load_address>0x20008b24</load_address>
         <run_address>0x20008b24</run_address>
         <size>0x4c</size>
         <input_file_ref idref="fl-db"/>
      </object_component>
      <object_component id="oc-fc">
         <name>.text</name>
         <load_address>0x20008b70</load_address>
         <run_address>0x20008b70</run_address>
         <size>0x4c</size>
         <input_file_ref idref="fl-d2"/>
      </object_component>
      <object_component id="oc-117">
         <name>.text</name>
         <load_address>0x20008bbc</load_address>
         <run_address>0x20008bbc</run_address>
         <size>0x48</size>
         <input_file_ref idref="fl-ca"/>
      </object_component>
      <object_component id="oc-20d">
         <name>.text:PinModeSet</name>
         <load_address>0x20008c04</load_address>
         <run_address>0x20008c04</run_address>
         <size>0x40</size>
         <input_file_ref idref="fl-eb"/>
      </object_component>
      <object_component id="oc-24">
         <name>.text</name>
         <load_address>0x20008c44</load_address>
         <run_address>0x20008c44</run_address>
         <size>0x40</size>
         <input_file_ref idref="fl-c3"/>
      </object_component>
      <object_component id="oc-1b4">
         <name>.text:PRCMPeripheralClkEnable</name>
         <load_address>0x20008c84</load_address>
         <run_address>0x20008c84</run_address>
         <size>0x3c</size>
         <input_file_ref idref="fl-ec"/>
      </object_component>
      <object_component id="oc-219">
         <name>.text:GPIODirModeSet</name>
         <load_address>0x20008cc0</load_address>
         <run_address>0x20008cc0</run_address>
         <size>0x36</size>
         <input_file_ref idref="fl-e8"/>
      </object_component>
      <object_component id="oc-213">
         <name>.text:PinTypeGPIO</name>
         <load_address>0x20008cf6</load_address>
         <run_address>0x20008cf6</run_address>
         <size>0x30</size>
         <input_file_ref idref="fl-eb"/>
      </object_component>
      <object_component id="oc-2c1">
         <name>.text:UARTDisable</name>
         <load_address>0x20008d28</load_address>
         <run_address>0x20008d28</run_address>
         <size>0x30</size>
         <input_file_ref idref="fl-ee"/>
      </object_component>
      <object_component id="oc-108">
         <name>.text</name>
         <load_address>0x20008d58</load_address>
         <run_address>0x20008d58</run_address>
         <size>0x2e</size>
         <input_file_ref idref="fl-cb"/>
      </object_component>
      <object_component id="oc-1e4">
         <name>.text:I2CMasterErr</name>
         <load_address>0x20008d86</load_address>
         <run_address>0x20008d86</run_address>
         <size>0x2c</size>
         <input_file_ref idref="fl-e9"/>
      </object_component>
      <object_component id="oc-1a2">
         <name>.text:PRCMSysResetCauseGet</name>
         <load_address>0x20008db4</load_address>
         <run_address>0x20008db4</run_address>
         <size>0x2c</size>
         <input_file_ref idref="fl-ec"/>
      </object_component>
      <object_component id="oc-1c0">
         <name>.text:PRCMPeripheralClkDisable</name>
         <load_address>0x20008de0</load_address>
         <run_address>0x20008de0</run_address>
         <size>0x28</size>
         <input_file_ref idref="fl-ec"/>
      </object_component>
      <object_component id="oc-2c7">
         <name>.text:UARTEnable</name>
         <load_address>0x20008e08</load_address>
         <run_address>0x20008e08</run_address>
         <size>0x24</size>
         <input_file_ref idref="fl-ee"/>
      </object_component>
      <object_component id="oc-256">
         <name>.text</name>
         <load_address>0x20008e2c</load_address>
         <run_address>0x20008e2c</run_address>
         <size>0x24</size>
         <input_file_ref idref="fl-cd"/>
      </object_component>
      <object_component id="oc-1ea">
         <name>.text:I2CMasterSlaveAddrSet</name>
         <load_address>0x20008e50</load_address>
         <run_address>0x20008e50</run_address>
         <size>0x22</size>
         <input_file_ref idref="fl-e9"/>
      </object_component>
      <object_component id="oc-128">
         <name>.text:SPIReset</name>
         <load_address>0x20008e72</load_address>
         <run_address>0x20008e72</run_address>
         <size>0x22</size>
         <input_file_ref idref="fl-ed"/>
      </object_component>
      <object_component id="oc-140">
         <name>.text:GPIOPinWrite</name>
         <load_address>0x20008e94</load_address>
         <run_address>0x20008e94</run_address>
         <size>0x20</size>
         <input_file_ref idref="fl-e8"/>
      </object_component>
      <object_component id="oc-17b">
         <name>.text:SPIDataGet</name>
         <load_address>0x20008eb4</load_address>
         <run_address>0x20008eb4</run_address>
         <size>0x20</size>
         <input_file_ref idref="fl-ed"/>
      </object_component>
      <object_component id="oc-1cc">
         <name>.text:I2CMasterIntStatusEx</name>
         <load_address>0x20008ed4</load_address>
         <run_address>0x20008ed4</run_address>
         <size>0x1e</size>
         <input_file_ref idref="fl-e9"/>
      </object_component>
      <object_component id="oc-175">
         <name>.text:SPIDataPut</name>
         <load_address>0x20008ef2</load_address>
         <run_address>0x20008ef2</run_address>
         <size>0x1e</size>
         <input_file_ref idref="fl-ed"/>
      </object_component>
      <object_component id="oc-238">
         <name>.text:UARTCharPut</name>
         <load_address>0x20008f10</load_address>
         <run_address>0x20008f10</run_address>
         <size>0x1e</size>
         <input_file_ref idref="fl-ee"/>
      </object_component>
      <object_component id="oc-21f">
         <name>.text:PinTypeI2C</name>
         <load_address>0x20008f2e</load_address>
         <run_address>0x20008f2e</run_address>
         <size>0x1c</size>
         <input_file_ref idref="fl-eb"/>
      </object_component>
      <object_component id="oc-24a">
         <name>.text:UARTCharGetNonBlocking</name>
         <load_address>0x20008f4a</load_address>
         <run_address>0x20008f4a</run_address>
         <size>0x1c</size>
         <input_file_ref idref="fl-ee"/>
      </object_component>
      <object_component id="oc-335">
         <name>.text</name>
         <load_address>0x20008f66</load_address>
         <run_address>0x20008f66</run_address>
         <size>0x1c</size>
         <input_file_ref idref="fl-e0"/>
      </object_component>
      <object_component id="oc-225">
         <name>.text:PinTypeSPI</name>
         <load_address>0x20008f82</load_address>
         <run_address>0x20008f82</run_address>
         <size>0x1a</size>
         <input_file_ref idref="fl-eb"/>
      </object_component>
      <object_component id="oc-22b">
         <name>.text:PinTypeUART</name>
         <load_address>0x20008f9c</load_address>
         <run_address>0x20008f9c</run_address>
         <size>0x1a</size>
         <input_file_ref idref="fl-eb"/>
      </object_component>
      <object_component id="oc-146">
         <name>.text:GPIOPinRead</name>
         <load_address>0x20008fb6</load_address>
         <run_address>0x20008fb6</run_address>
         <size>0x18</size>
         <input_file_ref idref="fl-e8"/>
      </object_component>
      <object_component id="oc-181">
         <name>.text:SPICSDisable</name>
         <load_address>0x20008fce</load_address>
         <run_address>0x20008fce</run_address>
         <size>0x18</size>
         <input_file_ref idref="fl-ed"/>
      </object_component>
      <object_component id="oc-16f">
         <name>.text:SPICSEnable</name>
         <load_address>0x20008fe6</load_address>
         <run_address>0x20008fe6</run_address>
         <size>0x18</size>
         <input_file_ref idref="fl-ed"/>
      </object_component>
      <object_component id="oc-13a">
         <name>.text:SPIEnable</name>
         <load_address>0x20008ffe</load_address>
         <run_address>0x20008ffe</run_address>
         <size>0x18</size>
         <input_file_ref idref="fl-ed"/>
      </object_component>
      <object_component id="oc-244">
         <name>.text:UARTCharsAvail</name>
         <load_address>0x20009016</load_address>
         <run_address>0x20009016</run_address>
         <size>0x18</size>
         <input_file_ref idref="fl-ee"/>
      </object_component>
      <object_component id="oc-6b">
         <name>.text</name>
         <load_address>0x20009030</load_address>
         <run_address>0x20009030</run_address>
         <size>0x18</size>
         <input_file_ref idref="fl-d8"/>
      </object_component>
      <object_component id="oc-1f0">
         <name>.text:I2CMasterDataPut</name>
         <load_address>0x20009048</load_address>
         <run_address>0x20009048</run_address>
         <size>0x16</size>
         <input_file_ref idref="fl-e9"/>
      </object_component>
      <object_component id="oc-2a9">
         <name>.text:I2CMasterEnable</name>
         <load_address>0x2000905e</load_address>
         <run_address>0x2000905e</run_address>
         <size>0x16</size>
         <input_file_ref idref="fl-e9"/>
      </object_component>
      <object_component id="oc-1a8">
         <name>.text:PRCMHIBRegRead</name>
         <load_address>0x20009074</load_address>
         <run_address>0x20009074</run_address>
         <size>0x16</size>
         <input_file_ref idref="fl-ec"/>
      </object_component>
      <object_component id="oc-1ae">
         <name>.text:PRCMHIBRegWrite</name>
         <load_address>0x2000908a</load_address>
         <run_address>0x2000908a</run_address>
         <size>0x16</size>
         <input_file_ref idref="fl-ec"/>
      </object_component>
      <object_component id="oc-329">
         <name>.text</name>
         <load_address>0x200090a0</load_address>
         <run_address>0x200090a0</run_address>
         <size>0x16</size>
         <input_file_ref idref="fl-e4"/>
      </object_component>
      <object_component id="oc-192">
         <name>.text:CPUcpsie</name>
         <load_address>0x200090b6</load_address>
         <run_address>0x200090b6</run_address>
         <size>0x14</size>
         <input_file_ref idref="fl-f0"/>
      </object_component>
      <object_component id="oc-e4">
         <name>.text:IntVTableBaseSet</name>
         <load_address>0x200090cc</load_address>
         <run_address>0x200090cc</run_address>
         <size>0x14</size>
         <input_file_ref idref="fl-ea"/>
      </object_component>
      <object_component id="oc-157">
         <name>.text</name>
         <load_address>0x200090e0</load_address>
         <run_address>0x200090e0</run_address>
         <size>0x14</size>
         <input_file_ref idref="fl-d6"/>
      </object_component>
      <object_component id="oc-250">
         <name>.text</name>
         <load_address>0x200090f4</load_address>
         <run_address>0x200090f4</run_address>
         <size>0x14</size>
         <input_file_ref idref="fl-d4"/>
      </object_component>
      <object_component id="oc-1de">
         <name>.text:I2CMasterControl</name>
         <load_address>0x20009108</load_address>
         <run_address>0x20009108</run_address>
         <size>0x12</size>
         <input_file_ref idref="fl-e9"/>
      </object_component>
      <object_component id="oc-1d2">
         <name>.text:I2CMasterIntClearEx</name>
         <load_address>0x2000911a</load_address>
         <run_address>0x2000911a</run_address>
         <size>0x12</size>
         <input_file_ref idref="fl-e9"/>
      </object_component>
      <object_component id="oc-1d8">
         <name>.text:I2CMasterTimeoutSet</name>
         <load_address>0x2000912c</load_address>
         <run_address>0x2000912c</run_address>
         <size>0x12</size>
         <input_file_ref idref="fl-e9"/>
      </object_component>
      <object_component id="oc-1f6">
         <name>.text:I2CMasterDataGet</name>
         <load_address>0x2000913e</load_address>
         <run_address>0x2000913e</run_address>
         <size>0xe</size>
         <input_file_ref idref="fl-e9"/>
      </object_component>
      <object_component id="oc-18">
         <name>.text:decompress:none</name>
         <load_address>0x2000914c</load_address>
         <run_address>0x2000914c</run_address>
         <size>0xe</size>
         <input_file_ref idref="fl-c5"/>
      </object_component>
      <object_component id="oc-2d">
         <name>.text</name>
         <load_address>0x2000915a</load_address>
         <run_address>0x2000915a</run_address>
         <size>0xe</size>
         <input_file_ref idref="fl-7"/>
      </object_component>
      <object_component id="oc-1e">
         <name>.text:decompress:ZI</name>
         <load_address>0x20009168</load_address>
         <run_address>0x20009168</run_address>
         <size>0xc</size>
         <input_file_ref idref="fl-c6"/>
      </object_component>
      <object_component id="oc-ea">
         <name>.text:IntMasterEnable</name>
         <load_address>0x20009174</load_address>
         <run_address>0x20009174</run_address>
         <size>0xa</size>
         <input_file_ref idref="fl-ea"/>
      </object_component>
      <object_component id="oc-35e">
         <name>.text</name>
         <load_address>0x2000917e</load_address>
         <run_address>0x2000917e</run_address>
         <size>0x8</size>
         <input_file_ref idref="fl-e7"/>
      </object_component>
      <object_component id="oc-28e">
         <name>.text:UtilsDelay</name>
         <load_address>0x20009186</load_address>
         <run_address>0x20009186</run_address>
         <size>0x6</size>
         <input_file_ref idref="fl-ef"/>
      </object_component>
      <object_component id="oc-5f">
         <name>.text</name>
         <load_address>0x2000918c</load_address>
         <run_address>0x2000918c</run_address>
         <size>0x4</size>
         <input_file_ref idref="fl-d1"/>
      </object_component>
      <object_component id="oc-189">
         <name>.const:.string:font</name>
         <load_address>0x20009190</load_address>
         <run_address>0x20009190</run_address>
         <size>0x4fb</size>
         <input_file_ref idref="fl-2"/>
      </object_component>
      <object_component id="oc-36b">
         <name>.const:.string:_ctypes_</name>
         <load_address>0x2000968b</load_address>
         <run_address>0x2000968b</run_address>
         <size>0x101</size>
         <input_file_ref idref="fl-dc"/>
      </object_component>
      <object_component id="oc-2b2">
         <name>.const:g_ulPinToPadMap</name>
         <load_address>0x2000978c</load_address>
         <run_address>0x2000978c</run_address>
         <size>0x100</size>
         <input_file_ref idref="fl-eb"/>
      </object_component>
      <object_component id="oc-291">
         <name>.const:PRCM_PeriphRegsList</name>
         <load_address>0x2000988c</load_address>
         <run_address>0x2000988c</run_address>
         <size>0xa8</size>
         <input_file_ref idref="fl-ec"/>
      </object_component>
      <object_component id="oc-19e">
         <name>.const</name>
         <load_address>0x20009934</load_address>
         <run_address>0x20009934</run_address>
         <size>0x80</size>
         <input_file_ref idref="fl-ea"/>
      </object_component>
      <object_component id="oc-3ae">
         <name>.cinit..data.load</name>
         <load_address>0x200099b8</load_address>
         <run_address>0x200099b8</run_address>
         <size>0x2d</size>
      </object_component>
      <object_component id="oc-3ac">
         <name>__TI_handler_table</name>
         <load_address>0x200099e8</load_address>
         <run_address>0x200099e8</run_address>
         <size>0xc</size>
      </object_component>
      <object_component id="oc-3af">
         <name>.cinit..bss.load</name>
         <load_address>0x200099f8</load_address>
         <run_address>0x200099f8</run_address>
         <size>0x8</size>
      </object_component>
      <object_component id="oc-3ad">
         <name>__TI_cinit_table</name>
         <load_address>0x20009a00</load_address>
         <run_address>0x20009a00</run_address>
         <size>0x10</size>
      </object_component>
      <object_component id="oc-18c">
         <name>.data</name>
         <load_address>0x20017800</load_address>
         <run_address>0x20017800</run_address>
         <size>0x15</size>
         <input_file_ref idref="fl-2"/>
      </object_component>
      <object_component id="oc-b0">
         <name>.data:$O1$$</name>
         <load_address>0x20017818</load_address>
         <run_address>0x20017818</run_address>
         <size>0xc</size>
         <input_file_ref idref="fl-c7"/>
      </object_component>
      <object_component id="oc-2e7">
         <name>.data:$O1$$</name>
         <load_address>0x20017824</load_address>
         <run_address>0x20017824</run_address>
         <size>0xc</size>
         <input_file_ref idref="fl-ce"/>
      </object_component>
      <object_component id="oc-1c7">
         <name>.data</name>
         <load_address>0x2001783c</load_address>
         <run_address>0x2001783c</run_address>
         <size>0x4</size>
         <input_file_ref idref="fl-d2"/>
      </object_component>
      <object_component id="oc-77">
         <name>.data</name>
         <load_address>0x20017840</load_address>
         <run_address>0x20017840</run_address>
         <size>0x4</size>
         <input_file_ref idref="fl-d3"/>
      </object_component>
      <object_component id="oc-b3">
         <name>.data:$O1$$</name>
         <load_address>0x20017830</load_address>
         <run_address>0x20017830</run_address>
         <size>0x8</size>
         <input_file_ref idref="fl-d6"/>
      </object_component>
      <object_component id="oc-364">
         <name>.data</name>
         <load_address>0x20017838</load_address>
         <run_address>0x20017838</run_address>
         <size>0x4</size>
         <input_file_ref idref="fl-e6"/>
      </object_component>
      <object_component id="oc-262">
         <name>.bss</name>
         <uninitialized>true</uninitialized>
         <run_address>0x20017844</run_address>
         <size>0x4</size>
         <input_file_ref idref="fl-8"/>
      </object_component>
      <object_component id="oc-2a">
         <name>.sysmem</name>
         <uninitialized>true</uninitialized>
         <run_address>0x20017000</run_address>
         <size>0x8</size>
         <input_file_ref idref="fl-ce"/>
      </object_component>
      <object_component id="oc-3b1">
         <name>.sysmem</name>
         <uninitialized>true</uninitialized>
         <run_address>0x20017000</run_address>
         <size>0x0</size>
      </object_component>
      <object_component id="oc-29">
         <name>.stack</name>
         <uninitialized>true</uninitialized>
         <run_address>0x2002f800</run_address>
         <size>0x0</size>
         <input_file_ref idref="fl-c3"/>
      </object_component>
      <object_component id="oc-3b0">
         <name>.stack</name>
         <uninitialized>true</uninitialized>
         <run_address>0x2002f800</run_address>
         <size>0x0</size>
      </object_component>
      <object_component id="oc-190">
         <name>.debug_info</name>
         <load_address>0x0</load_address>
         <run_address>0x0</run_address>
         <size>0x21d</size>
         <input_file_ref idref="fl-2"/>
      </object_component>
      <object_component id="oc-18a">
         <name>.debug_info</name>
         <load_address>0x21d</load_address>
         <run_address>0x21d</run_address>
         <size>0xb6</size>
         <input_file_ref idref="fl-2"/>
      </object_component>
      <object_component id="oc-18d">
         <name>.debug_info</name>
         <load_address>0x2d3</load_address>
         <run_address>0x2d3</run_address>
         <size>0x164</size>
         <input_file_ref idref="fl-2"/>
      </object_component>
      <object_component id="oc-df">
         <name>.debug_info</name>
         <load_address>0x437</load_address>
         <run_address>0x437</run_address>
         <size>0x14c0</size>
         <input_file_ref idref="fl-2"/>
      </object_component>
      <object_component id="oc-3c">
         <name>.debug_info</name>
         <load_address>0x18f7</load_address>
         <run_address>0x18f7</run_address>
         <size>0x84</size>
         <input_file_ref idref="fl-2"/>
      </object_component>
      <object_component id="oc-188">
         <name>.debug_info</name>
         <load_address>0x197b</load_address>
         <run_address>0x197b</run_address>
         <size>0x1ff</size>
         <input_file_ref idref="fl-3"/>
      </object_component>
      <object_component id="oc-d9">
         <name>.debug_info</name>
         <load_address>0x1b7a</load_address>
         <run_address>0x1b7a</run_address>
         <size>0xe5d</size>
         <input_file_ref idref="fl-3"/>
      </object_component>
      <object_component id="oc-2f7">
         <name>.debug_info</name>
         <load_address>0x29d7</load_address>
         <run_address>0x29d7</run_address>
         <size>0x62</size>
         <input_file_ref idref="fl-3"/>
      </object_component>
      <object_component id="oc-199">
         <name>.debug_info</name>
         <load_address>0x2a39</load_address>
         <run_address>0x2a39</run_address>
         <size>0x2c</size>
         <input_file_ref idref="fl-3"/>
      </object_component>
      <object_component id="oc-91">
         <name>.debug_info</name>
         <load_address>0x2a65</load_address>
         <run_address>0x2a65</run_address>
         <size>0x2c</size>
         <input_file_ref idref="fl-3"/>
      </object_component>
      <object_component id="oc-208">
         <name>.debug_info</name>
         <load_address>0x2a91</load_address>
         <run_address>0x2a91</run_address>
         <size>0x449</size>
         <input_file_ref idref="fl-4"/>
      </object_component>
      <object_component id="oc-103">
         <name>.debug_info</name>
         <load_address>0x2eda</load_address>
         <run_address>0x2eda</run_address>
         <size>0xb53</size>
         <input_file_ref idref="fl-4"/>
      </object_component>
      <object_component id="oc-26c">
         <name>.debug_info</name>
         <load_address>0x3a2d</load_address>
         <run_address>0x3a2d</run_address>
         <size>0x110</size>
         <input_file_ref idref="fl-4"/>
      </object_component>
      <object_component id="oc-203">
         <name>.debug_info</name>
         <load_address>0x3b3d</load_address>
         <run_address>0x3b3d</run_address>
         <size>0x8b</size>
         <input_file_ref idref="fl-4"/>
      </object_component>
      <object_component id="oc-29d">
         <name>.debug_info</name>
         <load_address>0x3bc8</load_address>
         <run_address>0x3bc8</run_address>
         <size>0x18b</size>
         <input_file_ref idref="fl-4"/>
      </object_component>
      <object_component id="oc-14d">
         <name>.debug_info</name>
         <load_address>0x3d53</load_address>
         <run_address>0x3d53</run_address>
         <size>0x837</size>
         <input_file_ref idref="fl-5"/>
      </object_component>
      <object_component id="oc-a9">
         <name>.debug_info</name>
         <load_address>0x458a</load_address>
         <run_address>0x458a</run_address>
         <size>0x16d5</size>
         <input_file_ref idref="fl-5"/>
      </object_component>
      <object_component id="oc-267">
         <name>.debug_info</name>
         <load_address>0x5c5f</load_address>
         <run_address>0x5c5f</run_address>
         <size>0x4e</size>
         <input_file_ref idref="fl-5"/>
      </object_component>
      <object_component id="oc-11d">
         <name>.debug_info</name>
         <load_address>0x5cad</load_address>
         <run_address>0x5cad</run_address>
         <size>0x399</size>
         <input_file_ref idref="fl-6"/>
      </object_component>
      <object_component id="oc-35">
         <name>.debug_info</name>
         <load_address>0x6046</load_address>
         <run_address>0x6046</run_address>
         <size>0x174</size>
         <input_file_ref idref="fl-7"/>
      </object_component>
      <object_component id="oc-10">
         <name>.debug_info</name>
         <load_address>0x61ba</load_address>
         <run_address>0x61ba</run_address>
         <size>0xf3</size>
         <input_file_ref idref="fl-7"/>
      </object_component>
      <object_component id="oc-2e">
         <name>.debug_info</name>
         <load_address>0x62ad</load_address>
         <run_address>0x62ad</run_address>
         <size>0x414</size>
         <input_file_ref idref="fl-7"/>
      </object_component>
      <object_component id="oc-266">
         <name>.debug_info</name>
         <load_address>0x66c1</load_address>
         <run_address>0x66c1</run_address>
         <size>0x3d6</size>
         <input_file_ref idref="fl-8"/>
      </object_component>
      <object_component id="oc-263">
         <name>.debug_info</name>
         <load_address>0x6a97</load_address>
         <run_address>0x6a97</run_address>
         <size>0xea</size>
         <input_file_ref idref="fl-8"/>
      </object_component>
      <object_component id="oc-123">
         <name>.debug_info</name>
         <load_address>0x6b81</load_address>
         <run_address>0x6b81</run_address>
         <size>0x8c6</size>
         <input_file_ref idref="fl-8"/>
      </object_component>
      <object_component id="oc-25">
         <name>.debug_info</name>
         <load_address>0x7447</load_address>
         <run_address>0x7447</run_address>
         <size>0x160</size>
         <input_file_ref idref="fl-c3"/>
      </object_component>
      <object_component id="oc-87">
         <name>.debug_info</name>
         <load_address>0x75a7</load_address>
         <run_address>0x75a7</run_address>
         <size>0x165</size>
         <input_file_ref idref="fl-c4"/>
      </object_component>
      <object_component id="oc-16">
         <name>.debug_info</name>
         <load_address>0x770c</load_address>
         <run_address>0x770c</run_address>
         <size>0x245</size>
         <input_file_ref idref="fl-c4"/>
      </object_component>
      <object_component id="oc-37">
         <name>.debug_info</name>
         <load_address>0x7951</load_address>
         <run_address>0x7951</run_address>
         <size>0x60</size>
         <input_file_ref idref="fl-c4"/>
      </object_component>
      <object_component id="oc-82">
         <name>.debug_info</name>
         <load_address>0x79b1</load_address>
         <run_address>0x79b1</run_address>
         <size>0x46</size>
         <input_file_ref idref="fl-c4"/>
      </object_component>
      <object_component id="oc-4c">
         <name>.debug_info</name>
         <load_address>0x79f7</load_address>
         <run_address>0x79f7</run_address>
         <size>0x1ac</size>
         <input_file_ref idref="fl-c5"/>
      </object_component>
      <object_component id="oc-1a">
         <name>.debug_info</name>
         <load_address>0x7ba3</load_address>
         <run_address>0x7ba3</run_address>
         <size>0x1df</size>
         <input_file_ref idref="fl-c5"/>
      </object_component>
      <object_component id="oc-47">
         <name>.debug_info</name>
         <load_address>0x7d82</load_address>
         <run_address>0x7d82</run_address>
         <size>0x46</size>
         <input_file_ref idref="fl-c5"/>
      </object_component>
      <object_component id="oc-89">
         <name>.debug_info</name>
         <load_address>0x7dc8</load_address>
         <run_address>0x7dc8</run_address>
         <size>0x2c</size>
         <input_file_ref idref="fl-c5"/>
      </object_component>
      <object_component id="oc-58">
         <name>.debug_info</name>
         <load_address>0x7df4</load_address>
         <run_address>0x7df4</run_address>
         <size>0x19b</size>
         <input_file_ref idref="fl-c6"/>
      </object_component>
      <object_component id="oc-22">
         <name>.debug_info</name>
         <load_address>0x7f8f</load_address>
         <run_address>0x7f8f</run_address>
         <size>0x1aa</size>
         <input_file_ref idref="fl-c6"/>
      </object_component>
      <object_component id="oc-53">
         <name>.debug_info</name>
         <load_address>0x8139</load_address>
         <run_address>0x8139</run_address>
         <size>0x46</size>
         <input_file_ref idref="fl-c6"/>
      </object_component>
      <object_component id="oc-b7">
         <name>.debug_info</name>
         <load_address>0x817f</load_address>
         <run_address>0x817f</run_address>
         <size>0x2a0</size>
         <input_file_ref idref="fl-c7"/>
      </object_component>
      <object_component id="oc-b1">
         <name>.debug_info</name>
         <load_address>0x841f</load_address>
         <run_address>0x841f</run_address>
         <size>0x185</size>
         <input_file_ref idref="fl-c7"/>
      </object_component>
      <object_component id="oc-72">
         <name>.debug_info</name>
         <load_address>0x85a4</load_address>
         <run_address>0x85a4</run_address>
         <size>0x214</size>
         <input_file_ref idref="fl-c7"/>
      </object_component>
      <object_component id="oc-113">
         <name>.debug_info</name>
         <load_address>0x87b8</load_address>
         <run_address>0x87b8</run_address>
         <size>0x144</size>
         <input_file_ref idref="fl-c8"/>
      </object_component>
      <object_component id="oc-110">
         <name>.debug_info</name>
         <load_address>0x88fc</load_address>
         <run_address>0x88fc</run_address>
         <size>0x132</size>
         <input_file_ref idref="fl-c9"/>
      </object_component>
      <object_component id="oc-118">
         <name>.debug_info</name>
         <load_address>0x8a2e</load_address>
         <run_address>0x8a2e</run_address>
         <size>0x126</size>
         <input_file_ref idref="fl-ca"/>
      </object_component>
      <object_component id="oc-109">
         <name>.debug_info</name>
         <load_address>0x8b54</load_address>
         <run_address>0x8b54</run_address>
         <size>0x124</size>
         <input_file_ref idref="fl-cb"/>
      </object_component>
      <object_component id="oc-42">
         <name>.debug_info</name>
         <load_address>0x8c78</load_address>
         <run_address>0x8c78</run_address>
         <size>0x111</size>
         <input_file_ref idref="fl-cc"/>
      </object_component>
      <object_component id="oc-2e6">
         <name>.debug_info</name>
         <load_address>0x8d89</load_address>
         <run_address>0x8d89</run_address>
         <size>0x198</size>
         <input_file_ref idref="fl-cd"/>
      </object_component>
      <object_component id="oc-257">
         <name>.debug_info</name>
         <load_address>0x8f21</load_address>
         <run_address>0x8f21</run_address>
         <size>0x1ab</size>
         <input_file_ref idref="fl-cd"/>
      </object_component>
      <object_component id="oc-7d">
         <name>.debug_info</name>
         <load_address>0x90cc</load_address>
         <run_address>0x90cc</run_address>
         <size>0x28e</size>
         <input_file_ref idref="fl-ce"/>
      </object_component>
      <object_component id="oc-2b">
         <name>.debug_info</name>
         <load_address>0x935a</load_address>
         <run_address>0x935a</run_address>
         <size>0x101</size>
         <input_file_ref idref="fl-ce"/>
      </object_component>
      <object_component id="oc-2e8">
         <name>.debug_info</name>
         <load_address>0x945b</load_address>
         <run_address>0x945b</run_address>
         <size>0x14c</size>
         <input_file_ref idref="fl-ce"/>
      </object_component>
      <object_component id="oc-25d">
         <name>.debug_info</name>
         <load_address>0x95a7</load_address>
         <run_address>0x95a7</run_address>
         <size>0x885</size>
         <input_file_ref idref="fl-ce"/>
      </object_component>
      <object_component id="oc-bd">
         <name>.debug_info</name>
         <load_address>0x9e2c</load_address>
         <run_address>0x9e2c</run_address>
         <size>0x2c</size>
         <input_file_ref idref="fl-ce"/>
      </object_component>
      <object_component id="oc-c2">
         <name>.debug_info</name>
         <load_address>0x9e58</load_address>
         <run_address>0x9e58</run_address>
         <size>0x62</size>
         <input_file_ref idref="fl-ce"/>
      </object_component>
      <object_component id="oc-4e">
         <name>.debug_info</name>
         <load_address>0x9eba</load_address>
         <run_address>0x9eba</run_address>
         <size>0x13f</size>
         <input_file_ref idref="fl-cf"/>
      </object_component>
      <object_component id="oc-5a">
         <name>.debug_info</name>
         <load_address>0x9ff9</load_address>
         <run_address>0x9ff9</run_address>
         <size>0x138</size>
         <input_file_ref idref="fl-d0"/>
      </object_component>
      <object_component id="oc-60">
         <name>.debug_info</name>
         <load_address>0xa131</load_address>
         <run_address>0xa131</run_address>
         <size>0x148</size>
         <input_file_ref idref="fl-d1"/>
      </object_component>
      <object_component id="oc-1cb">
         <name>.debug_info</name>
         <load_address>0xa279</load_address>
         <run_address>0xa279</run_address>
         <size>0x181</size>
         <input_file_ref idref="fl-d2"/>
      </object_component>
      <object_component id="oc-1c8">
         <name>.debug_info</name>
         <load_address>0xa3fa</load_address>
         <run_address>0xa3fa</run_address>
         <size>0xf0</size>
         <input_file_ref idref="fl-d2"/>
      </object_component>
      <object_component id="oc-fd">
         <name>.debug_info</name>
         <load_address>0xa4ea</load_address>
         <run_address>0xa4ea</run_address>
         <size>0x1a4</size>
         <input_file_ref idref="fl-d2"/>
      </object_component>
      <object_component id="oc-78">
         <name>.debug_info</name>
         <load_address>0xa68e</load_address>
         <run_address>0xa68e</run_address>
         <size>0x109</size>
         <input_file_ref idref="fl-d3"/>
      </object_component>
      <object_component id="oc-2e4">
         <name>.debug_info</name>
         <load_address>0xa797</load_address>
         <run_address>0xa797</run_address>
         <size>0x156</size>
         <input_file_ref idref="fl-d4"/>
      </object_component>
      <object_component id="oc-251">
         <name>.debug_info</name>
         <load_address>0xa8ed</load_address>
         <run_address>0xa8ed</run_address>
         <size>0x22a</size>
         <input_file_ref idref="fl-d4"/>
      </object_component>
      <object_component id="oc-2d6">
         <name>.debug_info</name>
         <load_address>0xab17</load_address>
         <run_address>0xab17</run_address>
         <size>0x234</size>
         <input_file_ref idref="fl-d5"/>
      </object_component>
      <object_component id="oc-23f">
         <name>.debug_info</name>
         <load_address>0xad4b</load_address>
         <run_address>0xad4b</run_address>
         <size>0x35c</size>
         <input_file_ref idref="fl-d5"/>
      </object_component>
      <object_component id="oc-2d7">
         <name>.debug_info</name>
         <load_address>0xb0a7</load_address>
         <run_address>0xb0a7</run_address>
         <size>0x2c</size>
         <input_file_ref idref="fl-d5"/>
      </object_component>
      <object_component id="oc-2dc">
         <name>.debug_info</name>
         <load_address>0xb0d3</load_address>
         <run_address>0xb0d3</run_address>
         <size>0x69</size>
         <input_file_ref idref="fl-d5"/>
      </object_component>
      <object_component id="oc-15f">
         <name>.debug_info</name>
         <load_address>0xb13c</load_address>
         <run_address>0xb13c</run_address>
         <size>0x190</size>
         <input_file_ref idref="fl-d6"/>
      </object_component>
      <object_component id="oc-b4">
         <name>.debug_info</name>
         <load_address>0xb2cc</load_address>
         <run_address>0xb2cc</run_address>
         <size>0x113</size>
         <input_file_ref idref="fl-d6"/>
      </object_component>
      <object_component id="oc-15a">
         <name>.debug_info</name>
         <load_address>0xb3df</load_address>
         <run_address>0xb3df</run_address>
         <size>0x21f</size>
         <input_file_ref idref="fl-d6"/>
      </object_component>
      <object_component id="oc-33c">
         <name>.debug_info</name>
         <load_address>0xb5fe</load_address>
         <run_address>0xb5fe</run_address>
         <size>0x3f1</size>
         <input_file_ref idref="fl-d7"/>
      </object_component>
      <object_component id="oc-2d0">
         <name>.debug_info</name>
         <load_address>0xb9ef</load_address>
         <run_address>0xb9ef</run_address>
         <size>0x1554</size>
         <input_file_ref idref="fl-d7"/>
      </object_component>
      <object_component id="oc-33d">
         <name>.debug_info</name>
         <load_address>0xcf43</load_address>
         <run_address>0xcf43</run_address>
         <size>0x86</size>
         <input_file_ref idref="fl-d7"/>
      </object_component>
      <object_component id="oc-374">
         <name>.debug_info</name>
         <load_address>0xcfc9</load_address>
         <run_address>0xcfc9</run_address>
         <size>0x46</size>
         <input_file_ref idref="fl-d7"/>
      </object_component>
      <object_component id="oc-342">
         <name>.debug_info</name>
         <load_address>0xd00f</load_address>
         <run_address>0xd00f</run_address>
         <size>0x39</size>
         <input_file_ref idref="fl-d7"/>
      </object_component>
      <object_component id="oc-af">
         <name>.debug_info</name>
         <load_address>0xd048</load_address>
         <run_address>0xd048</run_address>
         <size>0x1d2</size>
         <input_file_ref idref="fl-d8"/>
      </object_component>
      <object_component id="oc-6c">
         <name>.debug_info</name>
         <load_address>0xd21a</load_address>
         <run_address>0xd21a</run_address>
         <size>0x167</size>
         <input_file_ref idref="fl-d8"/>
      </object_component>
      <object_component id="oc-150">
         <name>.debug_info</name>
         <load_address>0xd381</load_address>
         <run_address>0xd381</run_address>
         <size>0x5e</size>
         <input_file_ref idref="fl-d8"/>
      </object_component>
      <object_component id="oc-36f">
         <name>.debug_info</name>
         <load_address>0xd3df</load_address>
         <run_address>0xd3df</run_address>
         <size>0x180</size>
         <input_file_ref idref="fl-d9"/>
      </object_component>
      <object_component id="oc-330">
         <name>.debug_info</name>
         <load_address>0xd55f</load_address>
         <run_address>0xd55f</run_address>
         <size>0x171</size>
         <input_file_ref idref="fl-d9"/>
      </object_component>
      <object_component id="oc-a7">
         <name>.debug_info</name>
         <load_address>0xd6d0</load_address>
         <run_address>0xd6d0</run_address>
         <size>0x355</size>
         <input_file_ref idref="fl-da"/>
      </object_component>
      <object_component id="oc-67">
         <name>.debug_info</name>
         <load_address>0xda25</load_address>
         <run_address>0xda25</run_address>
         <size>0x190</size>
         <input_file_ref idref="fl-da"/>
      </object_component>
      <object_component id="oc-ce">
         <name>.debug_info</name>
         <load_address>0xdbb5</load_address>
         <run_address>0xdbb5</run_address>
         <size>0x39</size>
         <input_file_ref idref="fl-da"/>
      </object_component>
      <object_component id="oc-16a">
         <name>.debug_info</name>
         <load_address>0xdbee</load_address>
         <run_address>0xdbee</run_address>
         <size>0x39</size>
         <input_file_ref idref="fl-da"/>
      </object_component>
      <object_component id="oc-d3">
         <name>.debug_info</name>
         <load_address>0xdc27</load_address>
         <run_address>0xdc27</run_address>
         <size>0xcd</size>
         <input_file_ref idref="fl-da"/>
      </object_component>
      <object_component id="oc-ca">
         <name>.debug_info</name>
         <load_address>0xdcf4</load_address>
         <run_address>0xdcf4</run_address>
         <size>0x24c</size>
         <input_file_ref idref="fl-db"/>
      </object_component>
      <object_component id="oc-9b">
         <name>.debug_info</name>
         <load_address>0xdf40</load_address>
         <run_address>0xdf40</run_address>
         <size>0x183</size>
         <input_file_ref idref="fl-db"/>
      </object_component>
      <object_component id="oc-165">
         <name>.debug_info</name>
         <load_address>0xe0c3</load_address>
         <run_address>0xe0c3</run_address>
         <size>0x2c</size>
         <input_file_ref idref="fl-db"/>
      </object_component>
      <object_component id="oc-386">
         <name>.debug_info</name>
         <load_address>0xe0ef</load_address>
         <run_address>0xe0ef</run_address>
         <size>0xee</size>
         <input_file_ref idref="fl-dc"/>
      </object_component>
      <object_component id="oc-36c">
         <name>.debug_info</name>
         <load_address>0xe1dd</load_address>
         <run_address>0xe1dd</run_address>
         <size>0xfa</size>
         <input_file_ref idref="fl-dc"/>
      </object_component>
      <object_component id="oc-309">
         <name>.debug_info</name>
         <load_address>0xe2d7</load_address>
         <run_address>0xe2d7</run_address>
         <size>0x120</size>
         <input_file_ref idref="fl-dd"/>
      </object_component>
      <object_component id="oc-313">
         <name>.debug_info</name>
         <load_address>0xe3f7</load_address>
         <run_address>0xe3f7</run_address>
         <size>0x122</size>
         <input_file_ref idref="fl-dd"/>
      </object_component>
      <object_component id="oc-30e">
         <name>.debug_info</name>
         <load_address>0xe519</load_address>
         <run_address>0xe519</run_address>
         <size>0x132</size>
         <input_file_ref idref="fl-de"/>
      </object_component>
      <object_component id="oc-356">
         <name>.debug_info</name>
         <load_address>0xe64b</load_address>
         <run_address>0xe64b</run_address>
         <size>0x1b8</size>
         <input_file_ref idref="fl-df"/>
      </object_component>
      <object_component id="oc-318">
         <name>.debug_info</name>
         <load_address>0xe803</load_address>
         <run_address>0xe803</run_address>
         <size>0x1c2</size>
         <input_file_ref idref="fl-df"/>
      </object_component>
      <object_component id="oc-371">
         <name>.debug_info</name>
         <load_address>0xe9c5</load_address>
         <run_address>0xe9c5</run_address>
         <size>0x15d</size>
         <input_file_ref idref="fl-e0"/>
      </object_component>
      <object_component id="oc-337">
         <name>.debug_info</name>
         <load_address>0xeb22</load_address>
         <run_address>0xeb22</run_address>
         <size>0x1ab</size>
         <input_file_ref idref="fl-e0"/>
      </object_component>
      <object_component id="oc-358">
         <name>.debug_info</name>
         <load_address>0xeccd</load_address>
         <run_address>0xeccd</run_address>
         <size>0x1ab</size>
         <input_file_ref idref="fl-e1"/>
      </object_component>
      <object_component id="oc-31e">
         <name>.debug_info</name>
         <load_address>0xee78</load_address>
         <run_address>0xee78</run_address>
         <size>0x189</size>
         <input_file_ref idref="fl-e1"/>
      </object_component>
      <object_component id="oc-359">
         <name>.debug_info</name>
         <load_address>0xf001</load_address>
         <run_address>0xf001</run_address>
         <size>0x2c</size>
         <input_file_ref idref="fl-e1"/>
      </object_component>
      <object_component id="oc-368">
         <name>.debug_info</name>
         <load_address>0xf02d</load_address>
         <run_address>0xf02d</run_address>
         <size>0x1e8</size>
         <input_file_ref idref="fl-e2"/>
      </object_component>
      <object_component id="oc-324">
         <name>.debug_info</name>
         <load_address>0xf215</load_address>
         <run_address>0xf215</run_address>
         <size>0x1e6</size>
         <input_file_ref idref="fl-e2"/>
      </object_component>
      <object_component id="oc-a1">
         <name>.debug_info</name>
         <load_address>0xf3fb</load_address>
         <run_address>0xf3fb</run_address>
         <size>0x145</size>
         <input_file_ref idref="fl-e3"/>
      </object_component>
      <object_component id="oc-36a">
         <name>.debug_info</name>
         <load_address>0xf540</load_address>
         <run_address>0xf540</run_address>
         <size>0x161</size>
         <input_file_ref idref="fl-e4"/>
      </object_component>
      <object_component id="oc-32a">
         <name>.debug_info</name>
         <load_address>0xf6a1</load_address>
         <run_address>0xf6a1</run_address>
         <size>0x244</size>
         <input_file_ref idref="fl-e4"/>
      </object_component>
      <object_component id="oc-304">
         <name>.debug_info</name>
         <load_address>0xf8e5</load_address>
         <run_address>0xf8e5</run_address>
         <size>0x17d</size>
         <input_file_ref idref="fl-e5"/>
      </object_component>
      <object_component id="oc-365">
         <name>.debug_info</name>
         <load_address>0xfa62</load_address>
         <run_address>0xfa62</run_address>
         <size>0xf3</size>
         <input_file_ref idref="fl-e6"/>
      </object_component>
      <object_component id="oc-35f">
         <name>.debug_info</name>
         <load_address>0xfb55</load_address>
         <run_address>0xfb55</run_address>
         <size>0x154</size>
         <input_file_ref idref="fl-e7"/>
      </object_component>
      <object_component id="oc-21a">
         <name>.debug_info</name>
         <load_address>0xfca9</load_address>
         <run_address>0xfca9</run_address>
         <size>0x1e9</size>
         <input_file_ref idref="fl-e8"/>
      </object_component>
      <object_component id="oc-147">
         <name>.debug_info</name>
         <load_address>0xfe92</load_address>
         <run_address>0xfe92</run_address>
         <size>0x1bb</size>
         <input_file_ref idref="fl-e8"/>
      </object_component>
      <object_component id="oc-141">
         <name>.debug_info</name>
         <load_address>0x1004d</load_address>
         <run_address>0x1004d</run_address>
         <size>0x1e0</size>
         <input_file_ref idref="fl-e8"/>
      </object_component>
      <object_component id="oc-1fd">
         <name>.debug_info</name>
         <load_address>0x1022d</load_address>
         <run_address>0x1022d</run_address>
         <size>0x24e</size>
         <input_file_ref idref="fl-e9"/>
      </object_component>
      <object_component id="oc-2aa">
         <name>.debug_info</name>
         <load_address>0x1047b</load_address>
         <run_address>0x1047b</run_address>
         <size>0x199</size>
         <input_file_ref idref="fl-e9"/>
      </object_component>
      <object_component id="oc-1cd">
         <name>.debug_info</name>
         <load_address>0x10614</load_address>
         <run_address>0x10614</run_address>
         <size>0x1d6</size>
         <input_file_ref idref="fl-e9"/>
      </object_component>
      <object_component id="oc-1d3">
         <name>.debug_info</name>
         <load_address>0x107ea</load_address>
         <run_address>0x107ea</run_address>
         <size>0x1e4</size>
         <input_file_ref idref="fl-e9"/>
      </object_component>
      <object_component id="oc-1eb">
         <name>.debug_info</name>
         <load_address>0x109ce</load_address>
         <run_address>0x109ce</run_address>
         <size>0x21b</size>
         <input_file_ref idref="fl-e9"/>
      </object_component>
      <object_component id="oc-1df">
         <name>.debug_info</name>
         <load_address>0x10be9</load_address>
         <run_address>0x10be9</run_address>
         <size>0x1ca</size>
         <input_file_ref idref="fl-e9"/>
      </object_component>
      <object_component id="oc-1e5">
         <name>.debug_info</name>
         <load_address>0x10db3</load_address>
         <run_address>0x10db3</run_address>
         <size>0x1af</size>
         <input_file_ref idref="fl-e9"/>
      </object_component>
      <object_component id="oc-1f1">
         <name>.debug_info</name>
         <load_address>0x10f62</load_address>
         <run_address>0x10f62</run_address>
         <size>0x1ca</size>
         <input_file_ref idref="fl-e9"/>
      </object_component>
      <object_component id="oc-1f7">
         <name>.debug_info</name>
         <load_address>0x1112c</load_address>
         <run_address>0x1112c</run_address>
         <size>0x19f</size>
         <input_file_ref idref="fl-e9"/>
      </object_component>
      <object_component id="oc-1d9">
         <name>.debug_info</name>
         <load_address>0x112cb</load_address>
         <run_address>0x112cb</run_address>
         <size>0x1d8</size>
         <input_file_ref idref="fl-e9"/>
      </object_component>
      <object_component id="oc-28c">
         <name>.debug_info</name>
         <load_address>0x114a3</load_address>
         <run_address>0x114a3</run_address>
         <size>0x19b</size>
         <input_file_ref idref="fl-ea"/>
      </object_component>
      <object_component id="oc-19f">
         <name>.debug_info</name>
         <load_address>0x1163e</load_address>
         <run_address>0x1163e</run_address>
         <size>0x19e</size>
         <input_file_ref idref="fl-ea"/>
      </object_component>
      <object_component id="oc-eb">
         <name>.debug_info</name>
         <load_address>0x117dc</load_address>
         <run_address>0x117dc</run_address>
         <size>0x188</size>
         <input_file_ref idref="fl-ea"/>
      </object_component>
      <object_component id="oc-e5">
         <name>.debug_info</name>
         <load_address>0x11964</load_address>
         <run_address>0x11964</run_address>
         <size>0x1ba</size>
         <input_file_ref idref="fl-ea"/>
      </object_component>
      <object_component id="oc-f1">
         <name>.debug_info</name>
         <load_address>0x11b1e</load_address>
         <run_address>0x11b1e</run_address>
         <size>0x1ab</size>
         <input_file_ref idref="fl-ea"/>
      </object_component>
      <object_component id="oc-2ff">
         <name>.debug_info</name>
         <load_address>0x11cc9</load_address>
         <run_address>0x11cc9</run_address>
         <size>0xe8</size>
         <input_file_ref idref="fl-eb"/>
      </object_component>
      <object_component id="oc-2b3">
         <name>.debug_info</name>
         <load_address>0x11db1</load_address>
         <run_address>0x11db1</run_address>
         <size>0xf6</size>
         <input_file_ref idref="fl-eb"/>
      </object_component>
      <object_component id="oc-211">
         <name>.debug_info</name>
         <load_address>0x11ea7</load_address>
         <run_address>0x11ea7</run_address>
         <size>0x1cb</size>
         <input_file_ref idref="fl-eb"/>
      </object_component>
      <object_component id="oc-2ba">
         <name>.debug_info</name>
         <load_address>0x12072</load_address>
         <run_address>0x12072</run_address>
         <size>0x219</size>
         <input_file_ref idref="fl-eb"/>
      </object_component>
      <object_component id="oc-22f">
         <name>.debug_info</name>
         <load_address>0x1228b</load_address>
         <run_address>0x1228b</run_address>
         <size>0x1e0</size>
         <input_file_ref idref="fl-eb"/>
      </object_component>
      <object_component id="oc-223">
         <name>.debug_info</name>
         <load_address>0x1246b</load_address>
         <run_address>0x1246b</run_address>
         <size>0x1de</size>
         <input_file_ref idref="fl-eb"/>
      </object_component>
      <object_component id="oc-229">
         <name>.debug_info</name>
         <load_address>0x12649</load_address>
         <run_address>0x12649</run_address>
         <size>0x1de</size>
         <input_file_ref idref="fl-eb"/>
      </object_component>
      <object_component id="oc-217">
         <name>.debug_info</name>
         <load_address>0x12827</load_address>
         <run_address>0x12827</run_address>
         <size>0x22e</size>
         <input_file_ref idref="fl-eb"/>
      </object_component>
      <object_component id="oc-296">
         <name>.debug_info</name>
         <load_address>0x12a55</load_address>
         <run_address>0x12a55</run_address>
         <size>0x1f8</size>
         <input_file_ref idref="fl-ec"/>
      </object_component>
      <object_component id="oc-292">
         <name>.debug_info</name>
         <load_address>0x12c4d</load_address>
         <run_address>0x12c4d</run_address>
         <size>0xff</size>
         <input_file_ref idref="fl-ec"/>
      </object_component>
      <object_component id="oc-1a6">
         <name>.debug_info</name>
         <load_address>0x12d4c</load_address>
         <run_address>0x12d4c</run_address>
         <size>0x1b2</size>
         <input_file_ref idref="fl-ec"/>
      </object_component>
      <object_component id="oc-1b8">
         <name>.debug_info</name>
         <load_address>0x12efe</load_address>
         <run_address>0x12efe</run_address>
         <size>0x1f7</size>
         <input_file_ref idref="fl-ec"/>
      </object_component>
      <object_component id="oc-1c4">
         <name>.debug_info</name>
         <load_address>0x130f5</load_address>
         <run_address>0x130f5</run_address>
         <size>0x1f9</size>
         <input_file_ref idref="fl-ec"/>
      </object_component>
      <object_component id="oc-132">
         <name>.debug_info</name>
         <load_address>0x132ee</load_address>
         <run_address>0x132ee</run_address>
         <size>0x222</size>
         <input_file_ref idref="fl-ec"/>
      </object_component>
      <object_component id="oc-1be">
         <name>.debug_info</name>
         <load_address>0x13510</load_address>
         <run_address>0x13510</run_address>
         <size>0x1cc</size>
         <input_file_ref idref="fl-ec"/>
      </object_component>
      <object_component id="oc-f7">
         <name>.debug_info</name>
         <load_address>0x136dc</load_address>
         <run_address>0x136dc</run_address>
         <size>0x28f</size>
         <input_file_ref idref="fl-ec"/>
      </object_component>
      <object_component id="oc-1a9">
         <name>.debug_info</name>
         <load_address>0x1396b</load_address>
         <run_address>0x1396b</run_address>
         <size>0x1cb</size>
         <input_file_ref idref="fl-ec"/>
      </object_component>
      <object_component id="oc-1af">
         <name>.debug_info</name>
         <load_address>0x13b36</load_address>
         <run_address>0x13b36</run_address>
         <size>0x1e0</size>
         <input_file_ref idref="fl-ec"/>
      </object_component>
      <object_component id="oc-27f">
         <name>.debug_info</name>
         <load_address>0x13d16</load_address>
         <run_address>0x13d16</run_address>
         <size>0x1cc</size>
         <input_file_ref idref="fl-ed"/>
      </object_component>
      <object_component id="oc-13b">
         <name>.debug_info</name>
         <load_address>0x13ee2</load_address>
[...]
      </symbol>
      <symbol id="sm-24e">
         <name>ClearTerm</name>
         <value>0x20007711</value>
         <object_component_ref idref="oc-122"/>
      </symbol>
      <symbol id="sm-24f">
         <name>TrimSpace</name>
         <value>0x200077f9</value>
         <object_component_ref idref="oc-122"/>
      </symbol>
      <symbol id="sm-25f">
         <name>_c_int00</name>
         <value>0x20008c45</value>
         <object_component_ref idref="oc-24"/>
      </symbol>
      <symbol id="sm-260">
         <name>__stack</name>
         <value>0x2002f800</value>
         <object_component_ref idref="oc-29"/>
      </symbol>
      <symbol id="sm-27e">
         <name>__TI_decompress_lzss</name>
         <value>0x20008915</value>
         <object_component_ref idref="oc-12"/>
      </symbol>
      <symbol id="sm-295">
         <name>__TI_decompress_none</name>
         <value>0x2000914d</value>
         <object_component_ref idref="oc-18"/>
      </symbol>
      <symbol id="sm-2a7">
         <name>__TI_zero_init</name>
         <value>0x20009169</value>
         <object_component_ref idref="oc-1e"/>
      </symbol>
      <symbol id="sm-2c8">
         <name>C$$EXIT</name>
         <value>0x20008a31</value>
         <object_component_ref idref="oc-71"/>
      </symbol>
      <symbol id="sm-2c9">
         <name>abort</name>
         <value>0x20008a35</value>
         <object_component_ref idref="oc-71"/>
      </symbol>
      <symbol id="sm-2ca">
         <name>exit</name>
         <value>0x20008a3d</value>
         <object_component_ref idref="oc-71"/>
      </symbol>
      <symbol id="sm-2cb">
         <name>__TI_dtors_ptr</name>
         <value>0x2001781c</value>
         <object_component_ref idref="oc-b0"/>
      </symbol>
      <symbol id="sm-2cc">
         <name>__TI_cleanup_ptr</name>
         <value>0x20017818</value>
         <object_component_ref idref="oc-b0"/>
      </symbol>
      <symbol id="sm-2cd">
         <name>__TI_enable_exit_profile_output</name>
         <value>0x20017820</value>
         <object_component_ref idref="oc-b0"/>
      </symbol>
      <symbol id="sm-2e4">
         <name>__aeabi_dsub</name>
         <value>0x20007b45</value>
         <object_component_ref idref="oc-112"/>
      </symbol>
      <symbol id="sm-2e5">
         <name>__aeabi_dadd</name>
         <value>0x20007b4f</value>
         <object_component_ref idref="oc-112"/>
      </symbol>
      <symbol id="sm-2f0">
         <name>__aeabi_dmul</name>
         <value>0x200080d1</value>
         <object_component_ref idref="oc-10d"/>
      </symbol>
      <symbol id="sm-2fa">
         <name>__aeabi_d2iz</name>
         <value>0x20008bbd</value>
         <object_component_ref idref="oc-117"/>
      </symbol>
      <symbol id="sm-304">
         <name>__aeabi_i2d</name>
         <value>0x20008d59</value>
         <object_component_ref idref="oc-108"/>
      </symbol>
      <symbol id="sm-31f">
         <name>memcpy</name>
         <value>0x200083e5</value>
         <object_component_ref idref="oc-41"/>
      </symbol>
      <symbol id="sm-320">
         <name>__aeabi_memcpy</name>
         <value>0x200083e5</value>
         <object_component_ref idref="oc-41"/>
      </symbol>
      <symbol id="sm-321">
         <name>__aeabi_memcpy8</name>
         <value>0x200083e5</value>
         <object_component_ref idref="oc-41"/>
      </symbol>
      <symbol id="sm-322">
         <name>__aeabi_memcpy4</name>
         <value>0x200083e5</value>
         <object_component_ref idref="oc-41"/>
      </symbol>
      <symbol id="sm-332">
         <name>memmove</name>
         <value>0x20008e2d</value>
         <object_component_ref idref="oc-256"/>
      </symbol>
      <symbol id="sm-3a9">
         <name>_sys_memory</name>
         <value>0x20017000</value>
         <object_component_ref idref="oc-2a"/>
      </symbol>
      <symbol id="sm-3aa">
         <name>free</name>
         <value>0x20007167</value>
         <object_component_ref idref="oc-25c"/>
      </symbol>
      <symbol id="sm-3ab">
         <name>realloc</name>
         <value>0x20007227</value>
         <object_component_ref idref="oc-25c"/>
      </symbol>
      <symbol id="sm-3ac">
         <name>memalign</name>
         <value>0x20007331</value>
         <object_component_ref idref="oc-25c"/>
      </symbol>
      <symbol id="sm-3ad">
         <name>calloc</name>
         <value>0x2000741d</value>
         <object_component_ref idref="oc-25c"/>
      </symbol>
      <symbol id="sm-3ae">
         <name>malloc</name>
         <value>0x200070fd</value>
         <object_component_ref idref="oc-25c"/>
      </symbol>
      <symbol id="sm-3af">
         <name>minit</name>
         <value>0x2000707d</value>
         <object_component_ref idref="oc-25c"/>
      </symbol>
      <symbol id="sm-3be">
         <name>__aeabi_memset</name>
         <value>0x200087b7</value>
         <object_component_ref idref="oc-4d"/>
      </symbol>
      <symbol id="sm-3bf">
         <name>memset</name>
         <value>0x200087bd</value>
         <object_component_ref idref="oc-4d"/>
      </symbol>
      <symbol id="sm-3c0">
         <name>__aeabi_memset8</name>
         <value>0x200087b7</value>
         <object_component_ref idref="oc-4d"/>
      </symbol>
      <symbol id="sm-3c1">
         <name>__aeabi_memset4</name>
         <value>0x200087b7</value>
         <object_component_ref idref="oc-4d"/>
      </symbol>
      <symbol id="sm-3c2">
         <name>__aeabi_memclr8</name>
         <value>0x200087b5</value>
         <object_component_ref idref="oc-4d"/>
      </symbol>
      <symbol id="sm-3c3">
         <name>__aeabi_memclr4</name>
         <value>0x200087b5</value>
         <object_component_ref idref="oc-4d"/>
      </symbol>
      <symbol id="sm-3c4">
         <name>__aeabi_memclr</name>
         <value>0x200087b5</value>
         <object_component_ref idref="oc-4d"/>
      </symbol>
      <symbol id="sm-3ce">
         <name>__mpu_init</name>
         <value>0x20005523</value>
         <object_component_ref idref="oc-59"/>
      </symbol>
      <symbol id="sm-3d8">
         <name>_system_pre_init</name>
         <value>0x2000918d</value>
         <object_component_ref idref="oc-5f"/>
      </symbol>
      <symbol id="sm-3f2">
         <name>rand</name>
         <value>0x20008b87</value>
         <object_component_ref idref="oc-fc"/>
      </symbol>
      <symbol id="sm-3f3">
         <name>srand</name>
         <value>0x20008b71</value>
         <object_component_ref idref="oc-fc"/>
      </symbol>
      <symbol id="sm-3fb">
         <name>main_func_sp</name>
         <value>0x20017840</value>
         <object_component_ref idref="oc-77"/>
      </symbol>
      <symbol id="sm-409">
         <name>strlen</name>
         <value>0x200090f5</value>
         <object_component_ref idref="oc-250"/>
      </symbol>
      <symbol id="sm-42a">
         <name>vsnprintf</name>
         <value>0x2000859d</value>
         <object_component_ref idref="oc-23e"/>
      </symbol>
      <symbol id="sm-443">
         <name>_nop</name>
         <value>0x200090ef</value>
         <object_component_ref idref="oc-157"/>
      </symbol>
      <symbol id="sm-444">
         <name>_lock</name>
         <value>0x20017830</value>
         <object_component_ref idref="oc-b3"/>
      </symbol>
      <symbol id="sm-445">
         <name>_unlock</name>
         <value>0x20017834</value>
         <object_component_ref idref="oc-b3"/>
      </symbol>
      <symbol id="sm-446">
         <name>_register_lock</name>
         <value>0x200090e7</value>
         <object_component_ref idref="oc-157"/>
      </symbol>
      <symbol id="sm-447">
         <name>_register_unlock</name>
         <value>0x200090e1</value>
         <object_component_ref idref="oc-157"/>
      </symbol>
      <symbol id="sm-548">
         <name>__TI_printfi</name>
         <value>0x20004c39</value>
         <object_component_ref idref="oc-2cf"/>
      </symbol>
      <symbol id="sm-55c">
         <name>_args_main</name>
         <value>0x20009031</value>
         <object_component_ref idref="oc-6b"/>
      </symbol>
      <symbol id="sm-572">
         <name>atoi</name>
         <value>0x20008ad9</value>
         <object_component_ref idref="oc-32f"/>
      </symbol>
      <symbol id="sm-59c">
         <name>__TI_auto_init</name>
         <value>0x200088a5</value>
         <object_component_ref idref="oc-65"/>
      </symbol>
      <symbol id="sm-5b6">
         <name>copy_in</name>
         <value>0x20008b25</value>
         <object_component_ref idref="oc-9a"/>
      </symbol>
      <symbol id="sm-5c1">
         <name>_ctypes_</name>
         <value>0x2000968b</value>
         <object_component_ref idref="oc-36b"/>
      </symbol>
      <symbol id="sm-5e3">
         <name>__aeabi_cdcmpeq</name>
         <value>0x20008625</value>
         <object_component_ref idref="oc-308"/>
      </symbol>
      <symbol id="sm-5e4">
         <name>__aeabi_cdcmple</name>
         <value>0x20008625</value>
         <object_component_ref idref="oc-308"/>
      </symbol>
      <symbol id="sm-5e5">
         <name>__aeabi_cdrcmple</name>
         <value>0x200086ab</value>
         <object_component_ref idref="oc-312"/>
      </symbol>
      <symbol id="sm-5f9">
         <name>__aeabi_ddiv</name>
         <value>0x20007e75</value>
         <object_component_ref idref="oc-30d"/>
      </symbol>
      <symbol id="sm-608">
         <name>ltoa</name>
         <value>0x20008a85</value>
         <object_component_ref idref="oc-317"/>
      </symbol>
      <symbol id="sm-618">
         <name>memccpy</name>
         <value>0x20008f67</value>
         <object_component_ref idref="oc-335"/>
      </symbol>
      <symbol id="sm-633">
         <name>frexpl</name>
         <value>0x2000897d</value>
         <object_component_ref idref="oc-31d"/>
      </symbol>
      <symbol id="sm-634">
         <name>frexp</name>
         <value>0x2000897d</value>
         <object_component_ref idref="oc-31d"/>
      </symbol>
      <symbol id="sm-652">
         <name>scalbn</name>
         <value>0x200081cd</value>
         <object_component_ref idref="oc-323"/>
      </symbol>
      <symbol id="sm-653">
         <name>scalbnl</name>
         <value>0x200081cd</value>
         <object_component_ref idref="oc-323"/>
      </symbol>
      <symbol id="sm-654">
         <name>ldexpl</name>
         <value>0x200081cd</value>
         <object_component_ref idref="oc-323"/>
      </symbol>
      <symbol id="sm-655">
         <name>ldexp</name>
         <value>0x200081cd</value>
         <object_component_ref idref="oc-323"/>
      </symbol>
      <symbol id="sm-65f">
         <name>_system_post_cinit</name>
         <value>0x2000707b</value>
         <object_component_ref idref="oc-a0"/>
      </symbol>
      <symbol id="sm-66f">
         <name>strchr</name>
         <value>0x200090a1</value>
         <object_component_ref idref="oc-329"/>
      </symbol>
      <symbol id="sm-68b">
         <name>__aeabi_uldivmod</name>
         <value>0x20007951</value>
         <object_component_ref idref="oc-303"/>
      </symbol>
      <symbol id="sm-693">
         <name>errno</name>
         <value>0x20017838</value>
         <object_component_ref idref="oc-364"/>
      </symbol>
      <symbol id="sm-69d">
         <name>copysign</name>
         <value>0x2000917f</value>
         <object_component_ref idref="oc-35e"/>
      </symbol>
      <symbol id="sm-69e">
         <name>copysignl</name>
         <value>0x2000917f</value>
         <object_component_ref idref="oc-35e"/>
      </symbol>
      <symbol id="sm-6ba">
         <name>GPIOPinRead</name>
         <value>0x20008fb7</value>
         <object_component_ref idref="oc-146"/>
      </symbol>
      <symbol id="sm-6bb">
         <name>GPIODirModeSet</name>
         <value>0x20008cc1</value>
         <object_component_ref idref="oc-219"/>
      </symbol>
      <symbol id="sm-6bc">
         <name>GPIOPinWrite</name>
         <value>0x20008e95</value>
         <object_component_ref idref="oc-140"/>
      </symbol>
      <symbol id="sm-71b">
         <name>I2CMasterDataPut</name>
         <value>0x20009049</value>
         <object_component_ref idref="oc-1f0"/>
      </symbol>
      <symbol id="sm-71c">
         <name>I2CMasterInitExpClk</name>
         <value>0x20008731</value>
         <object_component_ref idref="oc-1fc"/>
      </symbol>
      <symbol id="sm-71d">
         <name>I2CMasterIntClearEx</name>
         <value>0x2000911b</value>
         <object_component_ref idref="oc-1d2"/>
      </symbol>
      <symbol id="sm-71e">
         <name>I2CMasterSlaveAddrSet</name>
         <value>0x20008e51</value>
         <object_component_ref idref="oc-1ea"/>
      </symbol>
      <symbol id="sm-71f">
         <name>I2CMasterDataGet</name>
         <value>0x2000913f</value>
         <object_component_ref idref="oc-1f6"/>
      </symbol>
      <symbol id="sm-720">
         <name>I2CMasterErr</name>
         <value>0x20008d87</value>
         <object_component_ref idref="oc-1e4"/>
      </symbol>
      <symbol id="sm-721">
         <name>I2CMasterTimeoutSet</name>
         <value>0x2000912d</value>
         <object_component_ref idref="oc-1d8"/>
      </symbol>
      <symbol id="sm-722">
         <name>I2CMasterControl</name>
         <value>0x20009109</value>
         <object_component_ref idref="oc-1de"/>
      </symbol>
      <symbol id="sm-723">
         <name>I2CMasterEnable</name>
         <value>0x2000905f</value>
         <object_component_ref idref="oc-2a9"/>
      </symbol>
      <symbol id="sm-724">
         <name>I2CMasterIntStatusEx</name>
         <value>0x20008ed5</value>
         <object_component_ref idref="oc-1cc"/>
      </symbol>
      <symbol id="sm-75b">
         <name>IntVTableBaseSet</name>
         <value>0x200090cd</value>
         <object_component_ref idref="oc-e4"/>
      </symbol>
      <symbol id="sm-75c">
         <name>IntEnable</name>
         <value>0x2000829d</value>
         <object_component_ref idref="oc-f0"/>
      </symbol>
      <symbol id="sm-75d">
         <name>IntMasterEnable</name>
         <value>0x20009175</value>
         <object_component_ref idref="oc-ea"/>
      </symbol>
      <symbol id="sm-7a4">
         <name>PinTypeI2C</name>
         <value>0x20008f2f</value>
         <object_component_ref idref="oc-21f"/>
      </symbol>
      <symbol id="sm-7a5">
         <name>PinTypeUART</name>
         <value>0x20008f9d</value>
         <object_component_ref idref="oc-22b"/>
      </symbol>
      <symbol id="sm-7a6">
         <name>PinTypeGPIO</name>
         <value>0x20008cf7</value>
         <object_component_ref idref="oc-213"/>
      </symbol>
      <symbol id="sm-7a7">
         <name>PinConfigSet</name>
         <value>0x20008515</value>
         <object_component_ref idref="oc-2b6"/>
      </symbol>
      <symbol id="sm-7a8">
         <name>PinTypeSPI</name>
         <value>0x20008f83</value>
         <object_component_ref idref="oc-225"/>
      </symbol>
      <symbol id="sm-7a9">
         <name>PinModeSet</name>
         <value>0x20008c05</value>
         <object_component_ref idref="oc-20d"/>
      </symbol>
      <symbol id="sm-82f">
         <name>PRCMPeripheralReset</name>
         <value>0x200089d9</value>
         <object_component_ref idref="oc-1ba"/>
      </symbol>
      <symbol id="sm-830">
         <name>PRCMPeripheralClkEnable</name>
         <value>0x20008c85</value>
         <object_component_ref idref="oc-1b4"/>
      </symbol>
      <symbol id="sm-831">
         <name>PRCMPeripheralClockGet</name>
         <value>0x20008481</value>
         <object_component_ref idref="oc-12e"/>
      </symbol>
      <symbol id="sm-832">
         <name>PRCMCC3200MCUInit</name>
         <value>0x20007cfd</value>
         <object_component_ref idref="oc-f6"/>
      </symbol>
      <symbol id="sm-833">
         <name>PRCMHIBRegWrite</name>
         <value>0x2000908b</value>
         <object_component_ref idref="oc-1ae"/>
      </symbol>
      <symbol id="sm-834">
         <name>PRCMSysResetCauseGet</name>
         <value>0x20008db5</value>
         <object_component_ref idref="oc-1a2"/>
      </symbol>
      <symbol id="sm-835">
         <name>PRCMPeripheralClkDisable</name>
         <value>0x20008de1</value>
         <object_component_ref idref="oc-1c0"/>
      </symbol>
      <symbol id="sm-836">
         <name>PRCMHIBRegRead</name>
         <value>0x20009075</value>
         <object_component_ref idref="oc-1a8"/>
      </symbol>
      <symbol id="sm-87b">
         <name>SPICSEnable</name>
         <value>0x20008fe7</value>
         <object_component_ref idref="oc-16f"/>
      </symbol>
      <symbol id="sm-87c">
         <name>SPIDataPut</name>
         <value>0x20008ef3</value>
         <object_component_ref idref="oc-175"/>
      </symbol>
      <symbol id="sm-87d">
         <name>SPIEnable</name>
         <value>0x20008fff</value>
         <object_component_ref idref="oc-13a"/>
      </symbol>
      <symbol id="sm-87e">
         <name>SPIDataGet</name>
         <value>0x20008eb5</value>
         <object_component_ref idref="oc-17b"/>
      </symbol>
      <symbol id="sm-87f">
         <name>SPIConfigSetExpClk</name>
         <value>0x20008345</value>
         <object_component_ref idref="oc-134"/>
      </symbol>
      <symbol id="sm-880">
         <name>SPIReset</name>
         <value>0x20008e73</value>
         <object_component_ref idref="oc-128"/>
      </symbol>
      <symbol id="sm-881">
         <name>SPICSDisable</name>
         <value>0x20008fcf</value>
         <object_component_ref idref="oc-181"/>
      </symbol>
      <symbol id="sm-8bd">
         <name>UARTConfigSetExpClk</name>
         <value>0x2000882f</value>
         <object_component_ref idref="oc-232"/>
      </symbol>
      <symbol id="sm-8be">
         <name>UARTDisable</name>
         <value>0x20008d29</value>
         <object_component_ref idref="oc-2c1"/>
      </symbol>
      <symbol id="sm-8bf">
         <name>UARTCharsAvail</name>
         <value>0x20009017</value>
         <object_component_ref idref="oc-244"/>
      </symbol>
      <symbol id="sm-8c0">
         <name>UARTCharGetNonBlocking</name>
         <value>0x20008f4b</value>
         <object_component_ref idref="oc-24a"/>
      </symbol>
      <symbol id="sm-8c1">
         <name>UARTCharPut</name>
         <value>0x20008f11</value>
         <object_component_ref idref="oc-238"/>
      </symbol>
      <symbol id="sm-8c2">
         <name>UARTEnable</name>
         <value>0x20008e09</value>
         <object_component_ref idref="oc-2c7"/>
      </symbol>
      <symbol id="sm-8c6">
         <name>UtilsDelay</name>
         <value>0x20009187</value>
         <object_component_ref idref="oc-28e"/>
      </symbol>
      <symbol id="sm-8d0">
         <name>CPUcpsie</name>
         <value>0x200090b7</value>
         <object_component_ref idref="oc-192"/>
      </symbol>
      <symbol id="sm-8d2">
         <name>__TI_static_base__</name>
         <value>0x200099b8</value>
      </symbol>
      <symbol id="sm-8d5">
         <name>SHT$$INIT_ARRAY$$Limit</name>
         <value>0x0</value>
      </symbol>
      <symbol id="sm-8d6">
         <name>SHT$$INIT_ARRAY$$Base</name>
         <value>0x0</value>
      </symbol>
   </symbol_table>
   <title>Link successful</title>
</link_info>
